[2026-02-05T14:54:01.376+0000][0.003s] Using G1
[2026-02-05T14:54:01.379+0000][0.006s] Version: 17.0.2+8-86 (release)
[2026-02-05T14:54:01.379+0000][0.006s] CPUs: 8 total, 8 available
[2026-02-05T14:54:01.379+0000][0.006s] Memory: 7793M
[2026-02-05T14:54:01.379+0000][0.006s] Large Page Support: Disabled
[2026-02-05T14:54:01.379+0000][0.006s] NUMA Support: Disabled
[2026-02-05T14:54:01.379+0000][0.006s] Compressed Oops: Enabled (32-bit)
[2026-02-05T14:54:01.379+0000][0.006s] Heap Region Size: 1M
[2026-02-05T14:54:01.379+0000][0.006s] Heap Min Capacity: 8M
[2026-02-05T14:54:01.380+0000][0.006s] Heap Initial Capacity: 122M
[2026-02-05T14:54:01.380+0000][0.006s] Heap Max Capacity: 2G
[2026-02-05T14:54:01.380+0000][0.006s] Pre-touch: Disabled
[2026-02-05T14:54:01.380+0000][0.006s] Parallel Workers: 8
[2026-02-05T14:54:01.380+0000][0.006s] Concurrent Workers: 2
[2026-02-05T14:54:01.380+0000][0.006s] Concurrent Refinement Workers: 8
[2026-02-05T14:54:01.380+0000][0.006s] Periodic GC: Disabled
[2026-02-05T14:54:01.380+0000][0.006s] CDS archive(s) mapped at: [0x0000000800000000-0x0000000800bde000-0x0000000800bde000), size 12443648, SharedBaseAddress: 0x0000000800000000, ArchiveRelocationMode: 0.
[2026-02-05T14:54:01.380+0000][0.006s] Compressed class space mapped at: 0x0000000800c00000-0x0000000840c00000, reserved size: 1073741824
[2026-02-05T14:54:01.380+0000][0.006s] Narrow klass base: 0x0000000800000000, Narrow klass shift: 0, Narrow klass range: 0x100000000
[2026-02-05T14:54:02.117+0000][0.743s] GC(0) Pause Young (Normal) (G1 Evacuation Pause)
[2026-02-05T14:54:02.117+0000][0.744s] GC(0) Using 2 workers of 8 for evacuation
[2026-02-05T14:54:02.122+0000][0.749s] GC(0)   Pre Evacuate Collection Set: 0.1ms
[2026-02-05T14:54:02.122+0000][0.749s] GC(0)   Merge Heap Roots: 0.0ms
[2026-02-05T14:54:02.122+0000][0.749s] GC(0)   Evacuate Collection Set: 4.7ms
[2026-02-05T14:54:02.122+0000][0.749s] GC(0)   Post Evacuate Collection Set: 0.3ms
[2026-02-05T14:54:02.122+0000][0.749s] GC(0)   Other: 0.3ms
[2026-02-05T14:54:02.122+0000][0.749s] GC(0) Eden regions: 23->0(26)
[2026-02-05T14:54:02.122+0000][0.749s] GC(0) Survivor regions: 0->3(3)
[2026-02-05T14:54:02.122+0000][0.749s] GC(0) Old regions: 0->5
[2026-02-05T14:54:02.122+0000][0.749s] GC(0) Archive regions: 2->2
[2026-02-05T14:54:02.122+0000][0.749s] GC(0) Humongous regions: 34->33
[2026-02-05T14:54:02.122+0000][0.749s] GC(0) Metaspace: 4343K(4480K)->4343K(4480K) NonClass: 3834K(3904K)->3834K(3904K) Class: 508K(576K)->508K(576K)
[2026-02-05T14:54:02.122+0000][0.749s] GC(0) Pause Young (Normal) (G1 Evacuation Pause) 57M->41M(124M) 5.515ms
[2026-02-05T14:54:02.122+0000][0.749s] GC(0) User=0.01s Sys=0.00s Real=0.00s
[2026-02-05T14:54:03.011+0000][1.637s] GC(1) Pause Young (Normal) (G1 Evacuation Pause)
[2026-02-05T14:54:03.011+0000][1.637s] GC(1) Using 2 workers of 8 for evacuation
[2026-02-05T14:54:03.016+0000][1.643s] GC(1)   Pre Evacuate Collection Set: 0.0ms
[2026-02-05T14:54:03.016+0000][1.643s] GC(1)   Merge Heap Roots: 0.0ms
[2026-02-05T14:54:03.016+0000][1.643s] GC(1)   Evacuate Collection Set: 4.3ms
[2026-02-05T14:54:03.016+0000][1.643s] GC(1)   Post Evacuate Collection Set: 1.1ms
[2026-02-05T14:54:03.016+0000][1.643s] GC(1)   Other: 0.1ms
[2026-02-05T14:54:03.016+0000][1.643s] GC(1) Eden regions: 26->0(36)
[2026-02-05T14:54:03.016+0000][1.643s] GC(1) Survivor regions: 3->3(4)
[2026-02-05T14:54:03.016+0000][1.643s] GC(1) Old regions: 5->9
[2026-02-05T14:54:03.016+0000][1.643s] GC(1) Archive regions: 2->2
[2026-02-05T14:54:03.016+0000][1.643s] GC(1) Humongous regions: 33->33
[2026-02-05T14:54:03.016+0000][1.643s] GC(1) Metaspace: 12017K(12224K)->12017K(12224K) NonClass: 10638K(10752K)->10638K(10752K) Class: 1379K(1472K)->1379K(1472K)
[2026-02-05T14:54:03.016+0000][1.643s] GC(1) Pause Young (Normal) (G1 Evacuation Pause) 67M->44M(124M) 5.637ms
[2026-02-05T14:54:03.016+0000][1.643s] GC(1) User=0.01s Sys=0.00s Real=0.01s
[2026-02-05T14:54:03.070+0000][1.696s] GC(2) Pause Young (Concurrent Start) (G1 Humongous Allocation)
[2026-02-05T14:54:03.070+0000][1.696s] GC(2) Using 4 workers of 8 for evacuation
[2026-02-05T14:54:03.073+0000][1.699s] GC(2)   Pre Evacuate Collection Set: 0.1ms
[2026-02-05T14:54:03.073+0000][1.699s] GC(2)   Merge Heap Roots: 0.1ms
[2026-02-05T14:54:03.073+0000][1.699s] GC(2)   Evacuate Collection Set: 2.3ms
[2026-02-05T14:54:03.073+0000][1.699s] GC(2)   Post Evacuate Collection Set: 0.4ms
[2026-02-05T14:54:03.073+0000][1.699s] GC(2)   Other: 0.2ms
[2026-02-05T14:54:03.073+0000][1.699s] GC(2) Eden regions: 3->0(43)
[2026-02-05T14:54:03.073+0000][1.699s] GC(2) Survivor regions: 3->3(5)
[2026-02-05T14:54:03.073+0000][1.699s] GC(2) Old regions: 9->9
[2026-02-05T14:54:03.073+0000][1.699s] GC(2) Archive regions: 2->2
[2026-02-05T14:54:03.073+0000][1.699s] GC(2) Humongous regions: 33->33
[2026-02-05T14:54:03.073+0000][1.699s] GC(2) Metaspace: 12847K(12992K)->12847K(12992K) NonClass: 11389K(11456K)->11389K(11456K) Class: 1457K(1536K)->1457K(1536K)
[2026-02-05T14:54:03.073+0000][1.699s] GC(2) Pause Young (Concurrent Start) (G1 Humongous Allocation) 47M->44M(124M) 3.145ms
[2026-02-05T14:54:03.073+0000][1.699s] GC(2) User=0.01s Sys=0.00s Real=0.00s
[2026-02-05T14:54:03.073+0000][1.699s] GC(3) Concurrent Undo Cycle
[2026-02-05T14:54:03.073+0000][1.699s] GC(3) Concurrent Cleanup for Next Mark
[2026-02-05T14:54:03.074+0000][1.700s] GC(3) Concurrent Cleanup for Next Mark 1.102ms
[2026-02-05T14:54:03.074+0000][1.701s] GC(3) Concurrent Undo Cycle 1.193ms
[2026-02-05T14:54:03.093+0000][1.720s] GC(4) Pause Young (Concurrent Start) (G1 Humongous Allocation)
[2026-02-05T14:54:03.094+0000][1.720s] GC(4) Using 4 workers of 8 for evacuation
[2026-02-05T14:54:03.096+0000][1.722s] GC(4)   Pre Evacuate Collection Set: 0.1ms
[2026-02-05T14:54:03.096+0000][1.723s] GC(4)   Merge Heap Roots: 0.0ms
[2026-02-05T14:54:03.096+0000][1.723s] GC(4)   Evacuate Collection Set: 1.9ms
[2026-02-05T14:54:03.096+0000][1.723s] GC(4)   Post Evacuate Collection Set: 0.4ms
[2026-02-05T14:54:03.096+0000][1.723s] GC(4)   Other: 0.2ms
[2026-02-05T14:54:03.096+0000][1.723s] GC(4) Eden regions: 0->0(33)
[2026-02-05T14:54:03.096+0000][1.723s] GC(4) Survivor regions: 3->3(6)
[2026-02-05T14:54:03.096+0000][1.723s] GC(4) Old regions: 9->9
[2026-02-05T14:54:03.096+0000][1.723s] GC(4) Archive regions: 2->2
[2026-02-05T14:54:03.096+0000][1.723s] GC(4) Humongous regions: 46->46
[2026-02-05T14:54:03.096+0000][1.723s] GC(4) Metaspace: 12847K(12992K)->12847K(12992K) NonClass: 11389K(11456K)->11389K(11456K) Class: 1457K(1536K)->1457K(1536K)
[2026-02-05T14:54:03.096+0000][1.723s] GC(4) Pause Young (Concurrent Start) (G1 Humongous Allocation) 57M->57M(124M) 2.545ms
[2026-02-05T14:54:03.096+0000][1.723s] GC(4) User=0.00s Sys=0.00s Real=0.01s
[2026-02-05T14:54:03.096+0000][1.723s] GC(5) Concurrent Mark Cycle
[2026-02-05T14:54:03.096+0000][1.723s] GC(5) Concurrent Clear Claimed Marks
[2026-02-05T14:54:03.096+0000][1.723s] GC(5) Concurrent Clear Claimed Marks 0.012ms
[2026-02-05T14:54:03.096+0000][1.723s] GC(5) Concurrent Scan Root Regions
[2026-02-05T14:54:03.098+0000][1.724s] GC(5) Concurrent Scan Root Regions 1.530ms
[2026-02-05T14:54:03.098+0000][1.724s] GC(5) Concurrent Mark
[2026-02-05T14:54:03.098+0000][1.724s] GC(5) Concurrent Mark From Roots
[2026-02-05T14:54:03.098+0000][1.724s] GC(5) Using 2 workers of 2 for marking
[2026-02-05T14:54:03.101+0000][1.727s] GC(5) Concurrent Mark From Roots 2.946ms
[2026-02-05T14:54:03.101+0000][1.727s] GC(5) Concurrent Preclean
[2026-02-05T14:54:03.101+0000][1.727s] GC(5) Concurrent Preclean 0.107ms
[2026-02-05T14:54:03.101+0000][1.727s] GC(5) Pause Remark
[2026-02-05T14:54:03.103+0000][1.729s] GC(5) Pause Remark 60M->60M(124M) 2.009ms
[2026-02-05T14:54:03.103+0000][1.729s] GC(5) User=0.00s Sys=0.00s Real=0.01s
[2026-02-05T14:54:03.103+0000][1.729s] GC(5) Concurrent Mark 5.303ms
[2026-02-05T14:54:03.103+0000][1.730s] GC(5) Concurrent Rebuild Remembered Sets
[2026-02-05T14:54:03.104+0000][1.731s] GC(5) Concurrent Rebuild Remembered Sets 1.044ms
[2026-02-05T14:54:03.104+0000][1.731s] GC(5) Pause Cleanup
[2026-02-05T14:54:03.104+0000][1.731s] GC(5) Pause Cleanup 60M->60M(124M) 0.070ms
[2026-02-05T14:54:03.104+0000][1.731s] GC(5) User=0.00s Sys=0.00s Real=0.00s
[2026-02-05T14:54:03.104+0000][1.731s] GC(5) Concurrent Cleanup for Next Mark
[2026-02-05T14:54:03.105+0000][1.731s] GC(5) Concurrent Cleanup for Next Mark 0.531ms
[2026-02-05T14:54:03.105+0000][1.731s] GC(5) Concurrent Mark Cycle 8.874ms
[2026-02-05T14:54:03.179+0000][1.806s] GC(6) Pause Young (Normal) (G1 Evacuation Pause)
[2026-02-05T14:54:03.179+0000][1.806s] GC(6) Using 4 workers of 8 for evacuation
[2026-02-05T14:54:03.183+0000][1.809s] GC(6)   Pre Evacuate Collection Set: 0.1ms
[2026-02-05T14:54:03.183+0000][1.809s] GC(6)   Merge Heap Roots: 0.1ms
[2026-02-05T14:54:03.183+0000][1.809s] GC(6)   Evacuate Collection Set: 3.1ms
[2026-02-05T14:54:03.183+0000][1.809s] GC(6)   Post Evacuate Collection Set: 0.3ms
[2026-02-05T14:54:03.183+0000][1.809s] GC(6)   Other: 0.2ms
[2026-02-05T14:54:03.183+0000][1.810s] GC(6) Eden regions: 33->0(34)
[2026-02-05T14:54:03.183+0000][1.810s] GC(6) Survivor regions: 3->3(5)
[2026-02-05T14:54:03.183+0000][1.810s] GC(6) Old regions: 9->9
[2026-02-05T14:54:03.183+0000][1.810s] GC(6) Archive regions: 2->2
[2026-02-05T14:54:03.183+0000][1.810s] GC(6) Humongous regions: 48->48
[2026-02-05T14:54:03.183+0000][1.810s] GC(6) Metaspace: 12849K(12992K)->12849K(12992K) NonClass: 11391K(11456K)->11391K(11456K) Class: 1457K(1536K)->1457K(1536K)
[2026-02-05T14:54:03.183+0000][1.810s] GC(6) Pause Young (Normal) (G1 Evacuation Pause) 92M->60M(124M) 3.881ms
[2026-02-05T14:54:03.183+0000][1.810s] GC(6) User=0.01s Sys=0.00s Real=0.01s
[2026-02-05T14:54:03.355+0000][1.981s] GC(7) Pause Young (Concurrent Start) (G1 Evacuation Pause)
[2026-02-05T14:54:03.355+0000][1.981s] GC(7) Using 4 workers of 8 for evacuation
[2026-02-05T14:54:03.359+0000][1.986s] GC(7)   Pre Evacuate Collection Set: 0.1ms
[2026-02-05T14:54:03.359+0000][1.986s] GC(7)   Merge Heap Roots: 0.0ms
[2026-02-05T14:54:03.359+0000][1.986s] GC(7)   Evacuate Collection Set: 3.3ms
[2026-02-05T14:54:03.359+0000][1.986s] GC(7)   Post Evacuate Collection Set: 0.6ms
[2026-02-05T14:54:03.359+0000][1.986s] GC(7)   Other: 0.1ms
[2026-02-05T14:54:03.359+0000][1.986s] GC(7) Eden regions: 34->0(54)
[2026-02-05T14:54:03.359+0000][1.986s] GC(7) Survivor regions: 3->1(5)
[2026-02-05T14:54:03.359+0000][1.986s] GC(7) Old regions: 9->11
[2026-02-05T14:54:03.359+0000][1.986s] GC(7) Archive regions: 2->2
[2026-02-05T14:54:03.359+0000][1.986s] GC(7) Humongous regions: 48->33
[2026-02-05T14:54:03.359+0000][1.986s] GC(7) Metaspace: 19767K(19904K)->19767K(19904K) NonClass: 17898K(17984K)->17898K(17984K) Class: 1869K(1920K)->1869K(1920K)
[2026-02-05T14:54:03.359+0000][1.986s] GC(7) Pause Young (Concurrent Start) (G1 Evacuation Pause) 94M->45M(124M) 4.193ms
[2026-02-05T14:54:03.359+0000][1.986s] GC(7) User=0.01s Sys=0.00s Real=0.00s
[2026-02-05T14:54:03.359+0000][1.986s] GC(8) Concurrent Mark Cycle
[2026-02-05T14:54:03.359+0000][1.986s] GC(8) Concurrent Clear Claimed Marks
[2026-02-05T14:54:03.359+0000][1.986s] GC(8) Concurrent Clear Claimed Marks 0.012ms
[2026-02-05T14:54:03.359+0000][1.986s] GC(8) Concurrent Scan Root Regions
[2026-02-05T14:54:03.361+0000][1.987s] GC(8) Concurrent Scan Root Regions 1.469ms
[2026-02-05T14:54:03.361+0000][1.987s] GC(8) Concurrent Mark
[2026-02-05T14:54:03.361+0000][1.987s] GC(8) Concurrent Mark From Roots
[2026-02-05T14:54:03.361+0000][1.987s] GC(8) Using 2 workers of 2 for marking
[2026-02-05T14:54:03.363+0000][1.990s] GC(8) Concurrent Mark From Roots 2.681ms
[2026-02-05T14:54:03.363+0000][1.990s] GC(8) Concurrent Preclean
[2026-02-05T14:54:03.363+0000][1.990s] GC(8) Concurrent Preclean 0.084ms
[2026-02-05T14:54:03.364+0000][1.990s] GC(8) Pause Remark
[2026-02-05T14:54:03.364+0000][1.991s] GC(8) Pause Remark 46M->46M(124M) 0.660ms
[2026-02-05T14:54:03.364+0000][1.991s] GC(8) User=0.00s Sys=0.00s Real=0.00s
[2026-02-05T14:54:03.364+0000][1.991s] GC(8) Concurrent Mark 3.790ms
[2026-02-05T14:54:03.364+0000][1.991s] GC(8) Concurrent Rebuild Remembered Sets
[2026-02-05T14:54:03.367+0000][1.993s] GC(8) Concurrent Rebuild Remembered Sets 2.206ms
[2026-02-05T14:54:03.367+0000][1.993s] GC(8) Pause Cleanup
[2026-02-05T14:54:03.367+0000][1.993s] GC(8) Pause Cleanup 46M->46M(124M) 0.063ms
[2026-02-05T14:54:03.367+0000][1.993s] GC(8) User=0.00s Sys=0.00s Real=0.00s
[2026-02-05T14:54:03.367+0000][1.993s] GC(8) Concurrent Cleanup for Next Mark
[2026-02-05T14:54:03.367+0000][1.994s] GC(8) Concurrent Cleanup for Next Mark 0.141ms
[2026-02-05T14:54:03.367+0000][1.994s] GC(8) Concurrent Mark Cycle 7.884ms
[2026-02-05T14:54:03.480+0000][2.106s] GC(9) Pause Young (Concurrent Start) (G1 Humongous Allocation)
[2026-02-05T14:54:03.480+0000][2.106s] GC(9) Using 4 workers of 8 for evacuation
[2026-02-05T14:54:03.481+0000][2.108s] GC(9)   Pre Evacuate Collection Set: 0.1ms
[2026-02-05T14:54:03.481+0000][2.108s] GC(9)   Merge Heap Roots: 0.0ms
[2026-02-05T14:54:03.481+0000][2.108s] GC(9)   Evacuate Collection Set: 0.8ms
[2026-02-05T14:54:03.481+0000][2.108s] GC(9)   Post Evacuate Collection Set: 0.6ms
[2026-02-05T14:54:03.481+0000][2.108s] GC(9)   Other: 0.1ms
[2026-02-05T14:54:03.481+0000][2.108s] GC(9) Eden regions: 17->0(96)
[2026-02-05T14:54:03.481+0000][2.108s] GC(9) Survivor regions: 1->1(7)
[2026-02-05T14:54:03.481+0000][2.108s] GC(9) Old regions: 11->11
[2026-02-05T14:54:03.481+0000][2.108s] GC(9) Archive regions: 2->2
[2026-02-05T14:54:03.481+0000][2.108s] GC(9) Humongous regions: 33->33
[2026-02-05T14:54:03.481+0000][2.108s] GC(9) Metaspace: 25766K(25920K)->25766K(25920K) NonClass: 23591K(23680K)->23591K(23680K) Class: 2175K(2240K)->2175K(2240K)
[2026-02-05T14:54:03.481+0000][2.108s] GC(9) Pause Young (Concurrent Start) (G1 Humongous Allocation) 61M->45M(169M) 1.725ms
[2026-02-05T14:54:03.481+0000][2.108s] GC(9) User=0.00s Sys=0.00s Real=0.00s
[2026-02-05T14:54:03.481+0000][2.108s] GC(10) Concurrent Undo Cycle
[2026-02-05T14:54:03.481+0000][2.108s] GC(10) Concurrent Cleanup for Next Mark
[2026-02-05T14:54:03.482+0000][2.109s] GC(10) Concurrent Cleanup for Next Mark 0.836ms
[2026-02-05T14:54:03.482+0000][2.109s] GC(10) Concurrent Undo Cycle 0.972ms
[2026-02-05T14:54:03.675+0000][2.302s] GC(11) Pause Young (Concurrent Start) (G1 Humongous Allocation)
[2026-02-05T14:54:03.675+0000][2.302s] GC(11) Using 4 workers of 8 for evacuation
[2026-02-05T14:54:03.682+0000][2.308s] GC(11)   Pre Evacuate Collection Set: 0.5ms
[2026-02-05T14:54:03.682+0000][2.309s] GC(11)   Merge Heap Roots: 0.1ms
[2026-02-05T14:54:03.682+0000][2.309s] GC(11)   Evacuate Collection Set: 5.2ms
[2026-02-05T14:54:03.683+0000][2.309s] GC(11)   Post Evacuate Collection Set: 0.6ms
[2026-02-05T14:54:03.683+0000][2.309s] GC(11)   Other: 0.6ms
[2026-02-05T14:54:03.683+0000][2.310s] GC(11) Eden regions: 61->0(67)
[2026-02-05T14:54:03.683+0000][2.310s] GC(11) Survivor regions: 1->2(13)
[2026-02-05T14:54:03.683+0000][2.310s] GC(11) Old regions: 11->11
[2026-02-05T14:54:03.684+0000][2.310s] GC(11) Archive regions: 2->2
[2026-02-05T14:54:03.684+0000][2.310s] GC(11) Humongous regions: 58->53
[2026-02-05T14:54:03.684+0000][2.310s] GC(11) Metaspace: 26006K(26176K)->26006K(26176K) NonClass: 23810K(23872K)->23810K(23872K) Class: 2195K(2304K)->2195K(2304K)
[2026-02-05T14:54:03.684+0000][2.311s] GC(11) Pause Young (Concurrent Start) (G1 Humongous Allocation) 130M->65M(169M) 8.986ms
[2026-02-05T14:54:03.684+0000][2.311s] GC(11) User=0.02s Sys=0.00s Real=0.01s
[2026-02-05T14:54:03.684+0000][2.311s] GC(12) Concurrent Undo Cycle
[2026-02-05T14:54:03.684+0000][2.311s] GC(12) Concurrent Cleanup for Next Mark
[2026-02-05T14:54:03.687+0000][2.313s] GC(12) Concurrent Cleanup for Next Mark 2.112ms
[2026-02-05T14:54:03.687+0000][2.313s] GC(12) Concurrent Undo Cycle 2.229ms
[2026-02-05T14:54:03.739+0000][2.365s] GC(13) Pause Young (Concurrent Start) (G1 Humongous Allocation)
[2026-02-05T14:54:03.739+0000][2.366s] GC(13) Using 4 workers of 8 for evacuation
[2026-02-05T14:54:03.742+0000][2.368s] GC(13)   Pre Evacuate Collection Set: 0.2ms
[2026-02-05T14:54:03.742+0000][2.368s] GC(13)   Merge Heap Roots: 0.1ms
[2026-02-05T14:54:03.742+0000][2.368s] GC(13)   Evacuate Collection Set: 1.9ms
[2026-02-05T14:54:03.742+0000][2.368s] GC(13)   Post Evacuate Collection Set: 0.4ms
[2026-02-05T14:54:03.742+0000][2.368s] GC(13)   Other: 0.2ms
[2026-02-05T14:54:03.742+0000][2.368s] GC(13) Eden regions: 22->0(70)
[2026-02-05T14:54:03.742+0000][2.368s] GC(13) Survivor regions: 2->2(9)
[2026-02-05T14:54:03.742+0000][2.368s] GC(13) Old regions: 11->11
[2026-02-05T14:54:03.742+0000][2.368s] GC(13) Archive regions: 2->2
[2026-02-05T14:54:03.742+0000][2.368s] GC(13) Humongous regions: 60->53
[2026-02-05T14:54:03.742+0000][2.368s] GC(13) Metaspace: 26006K(26176K)->26006K(26176K) NonClass: 23810K(23872K)->23810K(23872K) Class: 2195K(2304K)->2195K(2304K)
[2026-02-05T14:54:03.742+0000][2.368s] GC(13) Pause Young (Concurrent Start) (G1 Humongous Allocation) 94M->65M(169M) 2.818ms
[2026-02-05T14:54:03.742+0000][2.368s] GC(13) User=0.00s Sys=0.00s Real=0.00s
[2026-02-05T14:54:03.742+0000][2.368s] GC(14) Concurrent Undo Cycle
[2026-02-05T14:54:03.742+0000][2.368s] GC(14) Concurrent Cleanup for Next Mark
[2026-02-05T14:54:03.742+0000][2.369s] GC(14) Concurrent Cleanup for Next Mark 0.345ms
[2026-02-05T14:54:03.742+0000][2.369s] GC(14) Concurrent Undo Cycle 0.613ms
[2026-02-05T14:54:03.839+0000][2.466s] GC(15) Pause Young (Concurrent Start) (G1 Humongous Allocation)
[2026-02-05T14:54:03.840+0000][2.466s] GC(15) Using 4 workers of 8 for evacuation
[2026-02-05T14:54:03.842+0000][2.469s] GC(15)   Pre Evacuate Collection Set: 0.1ms
[2026-02-05T14:54:03.842+0000][2.469s] GC(15)   Merge Heap Roots: 0.0ms
[2026-02-05T14:54:03.842+0000][2.469s] GC(15)   Evacuate Collection Set: 1.7ms
[2026-02-05T14:54:03.842+0000][2.469s] GC(15)   Post Evacuate Collection Set: 0.4ms
[2026-02-05T14:54:03.842+0000][2.469s] GC(15)   Other: 0.4ms
[2026-02-05T14:54:03.843+0000][2.469s] GC(15) Eden regions: 58->0(67)
[2026-02-05T14:54:03.843+0000][2.469s] GC(15) Survivor regions: 2->2(9)
[2026-02-05T14:54:03.843+0000][2.469s] GC(15) Old regions: 11->11
[2026-02-05T14:54:03.843+0000][2.469s] GC(15) Archive regions: 2->2
[2026-02-05T14:54:03.843+0000][2.469s] GC(15) Humongous regions: 60->60
[2026-02-05T14:54:03.843+0000][2.469s] GC(15) Metaspace: 26044K(26304K)->26044K(26304K) NonClass: 23844K(24000K)->23844K(24000K) Class: 2199K(2304K)->2199K(2304K)
[2026-02-05T14:54:03.843+0000][2.469s] GC(15) Pause Young (Concurrent Start) (G1 Humongous Allocation) 130M->73M(169M) 3.164ms
[2026-02-05T14:54:03.843+0000][2.469s] GC(15) User=0.01s Sys=0.00s Real=0.01s
[2026-02-05T14:54:03.843+0000][2.469s] GC(16) Concurrent Undo Cycle
[2026-02-05T14:54:03.843+0000][2.469s] GC(16) Concurrent Cleanup for Next Mark
[2026-02-05T14:54:03.847+0000][2.473s] GC(16) Concurrent Cleanup for Next Mark 3.859ms
[2026-02-05T14:54:03.847+0000][2.473s] GC(16) Concurrent Undo Cycle 3.978ms
[2026-02-05T14:54:03.855+0000][2.482s] GC(17) Pause Young (Concurrent Start) (G1 Humongous Allocation)
[2026-02-05T14:54:03.855+0000][2.482s] GC(17) Using 4 workers of 8 for evacuation
[2026-02-05T14:54:03.858+0000][2.485s] GC(17)   Pre Evacuate Collection Set: 0.1ms
[2026-02-05T14:54:03.858+0000][2.485s] GC(17)   Merge Heap Roots: 0.1ms
[2026-02-05T14:54:03.858+0000][2.485s] GC(17)   Evacuate Collection Set: 2.0ms
[2026-02-05T14:54:03.858+0000][2.485s] GC(17)   Post Evacuate Collection Set: 0.6ms
[2026-02-05T14:54:03.858+0000][2.485s] GC(17)   Other: 0.2ms
[2026-02-05T14:54:03.858+0000][2.485s] GC(17) Eden regions: 0->0(83)
[2026-02-05T14:54:03.858+0000][2.485s] GC(17) Survivor regions: 2->2(9)
[2026-02-05T14:54:03.858+0000][2.485s] GC(17) Old regions: 11->11
[2026-02-05T14:54:03.858+0000][2.485s] GC(17) Archive regions: 2->2
[2026-02-05T14:54:03.858+0000][2.485s] GC(17) Humongous regions: 67->67
[2026-02-05T14:54:03.858+0000][2.485s] GC(17) Metaspace: 26044K(26304K)->26044K(26304K) NonClass: 23844K(24000K)->23844K(24000K) Class: 2199K(2304K)->2199K(2304K)
[2026-02-05T14:54:03.858+0000][2.485s] GC(17) Pause Young (Concurrent Start) (G1 Humongous Allocation) 80M->80M(203M) 3.136ms
[2026-02-05T14:54:03.858+0000][2.485s] GC(17) User=0.00s Sys=0.00s Real=0.00s
[2026-02-05T14:54:03.858+0000][2.485s] GC(18) Concurrent Undo Cycle
[2026-02-05T14:54:03.858+0000][2.485s] GC(18) Concurrent Cleanup for Next Mark
[2026-02-05T14:54:03.863+0000][2.489s] GC(18) Concurrent Cleanup for Next Mark 4.259ms
[2026-02-05T14:54:03.863+0000][2.489s] GC(18) Concurrent Undo Cycle 4.455ms
