[2026-02-10T15:33:27.749+0000][0.005s] Using G1
[2026-02-10T15:33:27.755+0000][0.010s] Version: 17.0.2+8-86 (release)
[2026-02-10T15:33:27.755+0000][0.010s] CPUs: 8 total, 8 available
[2026-02-10T15:33:27.755+0000][0.010s] Memory: 7793M
[2026-02-10T15:33:27.755+0000][0.010s] Large Page Support: Disabled
[2026-02-10T15:33:27.755+0000][0.010s] NUMA Support: Disabled
[2026-02-10T15:33:27.755+0000][0.010s] Compressed Oops: Enabled (32-bit)
[2026-02-10T15:33:27.755+0000][0.010s] Heap Region Size: 1M
[2026-02-10T15:33:27.755+0000][0.010s] Heap Min Capacity: 8M
[2026-02-10T15:33:27.755+0000][0.010s] Heap Initial Capacity: 122M
[2026-02-10T15:33:27.755+0000][0.010s] Heap Max Capacity: 2G
[2026-02-10T15:33:27.755+0000][0.010s] Pre-touch: Disabled
[2026-02-10T15:33:27.755+0000][0.010s] Parallel Workers: 8
[2026-02-10T15:33:27.755+0000][0.010s] Concurrent Workers: 2
[2026-02-10T15:33:27.755+0000][0.010s] Concurrent Refinement Workers: 8
[2026-02-10T15:33:27.755+0000][0.010s] Periodic GC: Disabled
[2026-02-10T15:33:27.755+0000][0.010s] CDS archive(s) mapped at: [0x0000000800000000-0x0000000800bde000-0x0000000800bde000), size 12443648, SharedBaseAddress: 0x0000000800000000, ArchiveRelocationMode: 0.
[2026-02-10T15:33:27.755+0000][0.010s] Compressed class space mapped at: 0x0000000800c00000-0x0000000840c00000, reserved size: 1073741824
[2026-02-10T15:33:27.755+0000][0.011s] Narrow klass base: 0x0000000800000000, Narrow klass shift: 0, Narrow klass range: 0x100000000
[2026-02-10T15:33:28.845+0000][1.101s] GC(0) Pause Young (Normal) (G1 Evacuation Pause)
[2026-02-10T15:33:28.846+0000][1.102s] GC(0) Using 2 workers of 8 for evacuation
[2026-02-10T15:33:28.857+0000][1.112s] GC(0)   Pre Evacuate Collection Set: 0.1ms
[2026-02-10T15:33:28.857+0000][1.112s] GC(0)   Merge Heap Roots: 0.1ms
[2026-02-10T15:33:28.857+0000][1.112s] GC(0)   Evacuate Collection Set: 9.4ms
[2026-02-10T15:33:28.857+0000][1.112s] GC(0)   Post Evacuate Collection Set: 0.6ms
[2026-02-10T15:33:28.857+0000][1.112s] GC(0)   Other: 1.2ms
[2026-02-10T15:33:28.857+0000][1.112s] GC(0) Eden regions: 23->0(25)
[2026-02-10T15:33:28.857+0000][1.112s] GC(0) Survivor regions: 0->3(3)
[2026-02-10T15:33:28.857+0000][1.112s] GC(0) Old regions: 0->6
[2026-02-10T15:33:28.857+0000][1.112s] GC(0) Archive regions: 2->2
[2026-02-10T15:33:28.857+0000][1.112s] GC(0) Humongous regions: 34->33
[2026-02-10T15:33:28.857+0000][1.112s] GC(0) Metaspace: 4344K(4480K)->4344K(4480K) NonClass: 3835K(3904K)->3835K(3904K) Class: 509K(576K)->509K(576K)
[2026-02-10T15:33:28.857+0000][1.112s] GC(0) Pause Young (Normal) (G1 Evacuation Pause) 57M->42M(124M) 11.420ms
[2026-02-10T15:33:28.857+0000][1.112s] GC(0) User=0.01s Sys=0.01s Real=0.02s
[2026-02-10T15:33:30.358+0000][2.613s] GC(1) Pause Young (Normal) (G1 Evacuation Pause)
[2026-02-10T15:33:30.358+0000][2.613s] GC(1) Using 2 workers of 8 for evacuation
[2026-02-10T15:33:30.384+0000][2.639s] GC(1)   Pre Evacuate Collection Set: 0.1ms
[2026-02-10T15:33:30.384+0000][2.639s] GC(1)   Merge Heap Roots: 0.1ms
[2026-02-10T15:33:30.384+0000][2.639s] GC(1)   Evacuate Collection Set: 19.7ms
[2026-02-10T15:33:30.384+0000][2.639s] GC(1)   Post Evacuate Collection Set: 5.6ms
[2026-02-10T15:33:30.384+0000][2.639s] GC(1)   Other: 0.7ms
[2026-02-10T15:33:30.384+0000][2.639s] GC(1) Eden regions: 25->0(36)
[2026-02-10T15:33:30.384+0000][2.639s] GC(1) Survivor regions: 3->3(4)
[2026-02-10T15:33:30.384+0000][2.639s] GC(1) Old regions: 6->9
[2026-02-10T15:33:30.384+0000][2.639s] GC(1) Archive regions: 2->2
[2026-02-10T15:33:30.384+0000][2.639s] GC(1) Humongous regions: 33->33
[2026-02-10T15:33:30.384+0000][2.639s] GC(1) Metaspace: 11393K(11584K)->11393K(11584K) NonClass: 10078K(10176K)->10078K(10176K) Class: 1315K(1408K)->1315K(1408K)
[2026-02-10T15:33:30.384+0000][2.639s] GC(1) Pause Young (Normal) (G1 Evacuation Pause) 67M->44M(124M) 26.260ms
[2026-02-10T15:33:30.384+0000][2.639s] GC(1) User=0.02s Sys=0.00s Real=0.02s
[2026-02-10T15:33:30.500+0000][2.755s] GC(2) Pause Young (Concurrent Start) (G1 Humongous Allocation)
[2026-02-10T15:33:30.500+0000][2.756s] GC(2) Using 4 workers of 8 for evacuation
[2026-02-10T15:33:30.508+0000][2.763s] GC(2)   Pre Evacuate Collection Set: 0.1ms
[2026-02-10T15:33:30.508+0000][2.763s] GC(2)   Merge Heap Roots: 0.1ms
[2026-02-10T15:33:30.508+0000][2.763s] GC(2)   Evacuate Collection Set: 7.0ms
[2026-02-10T15:33:30.508+0000][2.763s] GC(2)   Post Evacuate Collection Set: 0.4ms
[2026-02-10T15:33:30.508+0000][2.763s] GC(2)   Other: 0.2ms
[2026-02-10T15:33:30.508+0000][2.763s] GC(2) Eden regions: 4->0(42)
[2026-02-10T15:33:30.508+0000][2.763s] GC(2) Survivor regions: 3->3(5)
[2026-02-10T15:33:30.508+0000][2.763s] GC(2) Old regions: 9->9
[2026-02-10T15:33:30.508+0000][2.763s] GC(2) Archive regions: 2->2
[2026-02-10T15:33:30.508+0000][2.763s] GC(2) Humongous regions: 33->33
[2026-02-10T15:33:30.508+0000][2.763s] GC(2) Metaspace: 12816K(12992K)->12816K(12992K) NonClass: 11356K(11456K)->11356K(11456K) Class: 1460K(1536K)->1460K(1536K)
[2026-02-10T15:33:30.508+0000][2.763s] GC(2) Pause Young (Concurrent Start) (G1 Humongous Allocation) 48M->44M(124M) 7.845ms
[2026-02-10T15:33:30.508+0000][2.763s] GC(2) User=0.01s Sys=0.01s Real=0.00s
[2026-02-10T15:33:30.508+0000][2.763s] GC(3) Concurrent Undo Cycle
[2026-02-10T15:33:30.508+0000][2.763s] GC(3) Concurrent Cleanup for Next Mark
[2026-02-10T15:33:30.510+0000][2.765s] GC(3) Concurrent Cleanup for Next Mark 1.847ms
[2026-02-10T15:33:30.510+0000][2.765s] GC(3) Concurrent Undo Cycle 2.006ms
[2026-02-10T15:33:30.538+0000][2.793s] GC(4) Pause Young (Concurrent Start) (G1 Humongous Allocation)
[2026-02-10T15:33:30.538+0000][2.793s] GC(4) Using 4 workers of 8 for evacuation
[2026-02-10T15:33:30.542+0000][2.797s] GC(4)   Pre Evacuate Collection Set: 0.1ms
[2026-02-10T15:33:30.542+0000][2.798s] GC(4)   Merge Heap Roots: 0.0ms
[2026-02-10T15:33:30.543+0000][2.798s] GC(4)   Evacuate Collection Set: 3.5ms
[2026-02-10T15:33:30.543+0000][2.798s] GC(4)   Post Evacuate Collection Set: 0.5ms
[2026-02-10T15:33:30.543+0000][2.798s] GC(4)   Other: 0.3ms
[2026-02-10T15:33:30.543+0000][2.798s] GC(4) Eden regions: 0->0(32)
[2026-02-10T15:33:30.543+0000][2.798s] GC(4) Survivor regions: 3->3(6)
[2026-02-10T15:33:30.543+0000][2.798s] GC(4) Old regions: 9->9
[2026-02-10T15:33:30.543+0000][2.798s] GC(4) Archive regions: 2->2
[2026-02-10T15:33:30.543+0000][2.799s] GC(4) Humongous regions: 46->46
[2026-02-10T15:33:30.544+0000][2.799s] GC(4) Metaspace: 12816K(12992K)->12816K(12992K) NonClass: 11356K(11456K)->11356K(11456K) Class: 1460K(1536K)->1460K(1536K)
[2026-02-10T15:33:30.544+0000][2.799s] GC(4) Pause Young (Concurrent Start) (G1 Humongous Allocation) 57M->57M(124M) 5.828ms
[2026-02-10T15:33:30.544+0000][2.799s] GC(4) User=0.01s Sys=0.00s Real=0.00s
[2026-02-10T15:33:30.544+0000][2.799s] GC(5) Concurrent Mark Cycle
[2026-02-10T15:33:30.544+0000][2.799s] GC(5) Concurrent Clear Claimed Marks
[2026-02-10T15:33:30.544+0000][2.799s] GC(5) Concurrent Clear Claimed Marks 0.024ms
[2026-02-10T15:33:30.544+0000][2.799s] GC(5) Concurrent Scan Root Regions
[2026-02-10T15:33:30.550+0000][2.805s] GC(5) Concurrent Scan Root Regions 5.609ms
[2026-02-10T15:33:30.550+0000][2.805s] GC(5) Concurrent Mark
[2026-02-10T15:33:30.550+0000][2.805s] GC(5) Concurrent Mark From Roots
[2026-02-10T15:33:30.550+0000][2.805s] GC(5) Using 2 workers of 2 for marking
[2026-02-10T15:33:30.561+0000][2.816s] GC(5) Concurrent Mark From Roots 10.764ms
[2026-02-10T15:33:30.561+0000][2.816s] GC(5) Concurrent Preclean
[2026-02-10T15:33:30.561+0000][2.816s] GC(5) Concurrent Preclean 0.153ms
[2026-02-10T15:33:30.562+0000][2.817s] GC(5) Pause Remark
[2026-02-10T15:33:30.564+0000][2.819s] GC(5) Pause Remark 60M->60M(124M) 1.766ms
[2026-02-10T15:33:30.564+0000][2.819s] GC(5) User=0.00s Sys=0.00s Real=0.00s
[2026-02-10T15:33:30.564+0000][2.819s] GC(5) Concurrent Mark 14.316ms
[2026-02-10T15:33:30.564+0000][2.819s] GC(5) Concurrent Rebuild Remembered Sets
[2026-02-10T15:33:30.567+0000][2.822s] GC(5) Concurrent Rebuild Remembered Sets 2.231ms
[2026-02-10T15:33:30.567+0000][2.822s] GC(5) Pause Cleanup
[2026-02-10T15:33:30.567+0000][2.822s] GC(5) Pause Cleanup 60M->60M(124M) 0.327ms
[2026-02-10T15:33:30.567+0000][2.822s] GC(5) User=0.00s Sys=0.00s Real=0.00s
[2026-02-10T15:33:30.568+0000][2.823s] GC(5) Concurrent Cleanup for Next Mark
[2026-02-10T15:33:30.569+0000][2.824s] GC(5) Concurrent Cleanup for Next Mark 1.261ms
[2026-02-10T15:33:30.569+0000][2.824s] GC(5) Concurrent Mark Cycle 25.017ms
[2026-02-10T15:33:30.700+0000][2.955s] GC(6) Pause Young (Prepare Mixed) (G1 Evacuation Pause)
[2026-02-10T15:33:30.700+0000][2.955s] GC(6) Using 4 workers of 8 for evacuation
[2026-02-10T15:33:30.714+0000][2.969s] GC(6)   Pre Evacuate Collection Set: 0.1ms
[2026-02-10T15:33:30.714+0000][2.969s] GC(6)   Merge Heap Roots: 0.1ms
[2026-02-10T15:33:30.714+0000][2.969s] GC(6)   Evacuate Collection Set: 13.6ms
[2026-02-10T15:33:30.714+0000][2.969s] GC(6)   Post Evacuate Collection Set: 0.8ms
[2026-02-10T15:33:30.714+0000][2.969s] GC(6)   Other: 0.2ms
[2026-02-10T15:33:30.714+0000][2.969s] GC(6) Eden regions: 32->0(2)
[2026-02-10T15:33:30.714+0000][2.969s] GC(6) Survivor regions: 3->4(5)
[2026-02-10T15:33:30.714+0000][2.969s] GC(6) Old regions: 9->9
[2026-02-10T15:33:30.714+0000][2.969s] GC(6) Archive regions: 2->2
[2026-02-10T15:33:30.714+0000][2.969s] GC(6) Humongous regions: 48->48
[2026-02-10T15:33:30.714+0000][2.969s] GC(6) Metaspace: 12819K(12992K)->12819K(12992K) NonClass: 11358K(11456K)->11358K(11456K) Class: 1460K(1536K)->1460K(1536K)
[2026-02-10T15:33:30.714+0000][2.969s] GC(6) Pause Young (Prepare Mixed) (G1 Evacuation Pause) 91M->60M(124M) 14.807ms
[2026-02-10T15:33:30.714+0000][2.969s] GC(6) User=0.03s Sys=0.00s Real=0.01s
[2026-02-10T15:33:30.717+0000][2.972s] GC(7) Pause Young (Mixed) (G1 Evacuation Pause)
[2026-02-10T15:33:30.717+0000][2.972s] GC(7) Using 4 workers of 8 for evacuation
[2026-02-10T15:33:30.737+0000][2.992s] GC(7)   Pre Evacuate Collection Set: 0.1ms
[2026-02-10T15:33:30.737+0000][2.992s] GC(7)   Merge Heap Roots: 0.1ms
[2026-02-10T15:33:30.737+0000][2.992s] GC(7)   Evacuate Collection Set: 17.7ms
[2026-02-10T15:33:30.737+0000][2.992s] GC(7)   Post Evacuate Collection Set: 1.9ms
[2026-02-10T15:33:30.737+0000][2.992s] GC(7)   Other: 0.2ms
[2026-02-10T15:33:30.737+0000][2.992s] GC(7) Eden regions: 2->0(64)
[2026-02-10T15:33:30.737+0000][2.992s] GC(7) Survivor regions: 4->1(1)
[2026-02-10T15:33:30.737+0000][2.992s] GC(7) Old regions: 9->11
[2026-02-10T15:33:30.737+0000][2.992s] GC(7) Archive regions: 2->2
[2026-02-10T15:33:30.737+0000][2.992s] GC(7) Humongous regions: 48->48
[2026-02-10T15:33:30.737+0000][2.992s] GC(7) Metaspace: 12819K(12992K)->12819K(12992K) NonClass: 11358K(11456K)->11358K(11456K) Class: 1460K(1536K)->1460K(1536K)
[2026-02-10T15:33:30.737+0000][2.992s] GC(7) Pause Young (Mixed) (G1 Evacuation Pause) 62M->60M(194M) 20.119ms
[2026-02-10T15:33:30.737+0000][2.992s] GC(7) User=0.03s Sys=0.01s Real=0.02s
[2026-02-10T15:33:31.215+0000][3.470s] GC(8) Pause Young (Concurrent Start) (Metadata GC Threshold)
[2026-02-10T15:33:31.215+0000][3.470s] GC(8) Using 4 workers of 8 for evacuation
[2026-02-10T15:33:31.220+0000][3.475s] GC(8)   Pre Evacuate Collection Set: 0.1ms
[2026-02-10T15:33:31.220+0000][3.476s] GC(8)   Merge Heap Roots: 0.1ms
[2026-02-10T15:33:31.221+0000][3.476s] GC(8)   Evacuate Collection Set: 4.3ms
[2026-02-10T15:33:31.221+0000][3.476s] GC(8)   Post Evacuate Collection Set: 0.5ms
[2026-02-10T15:33:31.221+0000][3.476s] GC(8)   Other: 0.6ms
[2026-02-10T15:33:31.221+0000][3.476s] GC(8) Eden regions: 38->0(115)
[2026-02-10T15:33:31.221+0000][3.476s] GC(8) Survivor regions: 1->1(9)
[2026-02-10T15:33:31.222+0000][3.477s] GC(8) Old regions: 11->11
[2026-02-10T15:33:31.222+0000][3.477s] GC(8) Archive regions: 2->2
[2026-02-10T15:33:31.222+0000][3.477s] GC(8) Humongous regions: 48->33
[2026-02-10T15:33:31.222+0000][3.477s] GC(8) Metaspace: 21316K(21504K)->21316K(21504K) NonClass: 19369K(19456K)->19369K(19456K) Class: 1946K(2048K)->1946K(2048K)
[2026-02-10T15:33:31.222+0000][3.477s] GC(8) Pause Young (Concurrent Start) (Metadata GC Threshold) 97M->44M(194M) 7.141ms
[2026-02-10T15:33:31.222+0000][3.477s] GC(8) User=0.00s Sys=0.00s Real=0.01s
[2026-02-10T15:33:31.222+0000][3.477s] GC(9) Concurrent Mark Cycle
[2026-02-10T15:33:31.223+0000][3.478s] GC(9) Concurrent Clear Claimed Marks
[2026-02-10T15:33:31.223+0000][3.478s] GC(9) Concurrent Clear Claimed Marks 0.032ms
[2026-02-10T15:33:31.223+0000][3.478s] GC(9) Concurrent Scan Root Regions
[2026-02-10T15:33:31.224+0000][3.479s] GC(9) Concurrent Scan Root Regions 1.769ms
[2026-02-10T15:33:31.225+0000][3.480s] GC(9) Concurrent Mark
[2026-02-10T15:33:31.225+0000][3.480s] GC(9) Concurrent Mark From Roots
[2026-02-10T15:33:31.226+0000][3.481s] GC(9) Using 2 workers of 2 for marking
[2026-02-10T15:33:31.244+0000][3.499s] GC(9) Concurrent Mark From Roots 18.822ms
[2026-02-10T15:33:31.244+0000][3.499s] GC(9) Concurrent Preclean
[2026-02-10T15:33:31.245+0000][3.500s] GC(9) Concurrent Preclean 0.315ms
[2026-02-10T15:33:31.245+0000][3.500s] GC(9) Pause Remark
[2026-02-10T15:33:31.249+0000][3.505s] GC(9) Pause Remark 45M->45M(160M) 4.456ms
[2026-02-10T15:33:31.250+0000][3.505s] GC(9) User=0.00s Sys=0.00s Real=0.01s
[2026-02-10T15:33:31.250+0000][3.505s] GC(9) Concurrent Mark 24.790ms
[2026-02-10T15:33:31.250+0000][3.505s] GC(9) Concurrent Rebuild Remembered Sets
[2026-02-10T15:33:31.261+0000][3.516s] GC(9) Concurrent Rebuild Remembered Sets 11.601ms
[2026-02-10T15:33:31.263+0000][3.518s] GC(9) Pause Cleanup
[2026-02-10T15:33:31.263+0000][3.518s] GC(9) Pause Cleanup 45M->45M(160M) 0.227ms
[2026-02-10T15:33:31.263+0000][3.518s] GC(9) User=0.00s Sys=0.00s Real=0.00s
[2026-02-10T15:33:31.265+0000][3.520s] GC(9) Concurrent Cleanup for Next Mark
[2026-02-10T15:33:31.265+0000][3.521s] GC(9) Concurrent Cleanup for Next Mark 0.641ms
[2026-02-10T15:33:31.266+0000][3.521s] GC(9) Concurrent Mark Cycle 43.291ms
[2026-02-10T15:33:31.902+0000][4.157s] GC(10) Pause Young (Concurrent Start) (G1 Humongous Allocation)
[2026-02-10T15:33:31.902+0000][4.157s] GC(10) Using 4 workers of 8 for evacuation
[2026-02-10T15:33:31.909+0000][4.164s] GC(10)   Pre Evacuate Collection Set: 0.1ms
[2026-02-10T15:33:31.909+0000][4.164s] GC(10)   Merge Heap Roots: 0.1ms
[2026-02-10T15:33:31.909+0000][4.164s] GC(10)   Evacuate Collection Set: 5.9ms
[2026-02-10T15:33:31.909+0000][4.164s] GC(10)   Post Evacuate Collection Set: 0.8ms
[2026-02-10T15:33:31.909+0000][4.164s] GC(10)   Other: 0.3ms
[2026-02-10T15:33:31.909+0000][4.164s] GC(10) Eden regions: 73->0(65)
[2026-02-10T15:33:31.909+0000][4.164s] GC(10) Survivor regions: 1->2(15)
[2026-02-10T15:33:31.909+0000][4.164s] GC(10) Old regions: 11->11
[2026-02-10T15:33:31.909+0000][4.164s] GC(10) Archive regions: 2->2
[2026-02-10T15:33:31.909+0000][4.164s] GC(10) Humongous regions: 58->53
[2026-02-10T15:33:31.909+0000][4.164s] GC(10) Metaspace: 25974K(26176K)->25974K(26176K) NonClass: 23777K(23872K)->23777K(23872K) Class: 2197K(2304K)->2197K(2304K)
[2026-02-10T15:33:31.909+0000][4.164s] GC(10) Pause Young (Concurrent Start) (G1 Humongous Allocation) 142M->65M(160M) 7.401ms
[2026-02-10T15:33:31.909+0000][4.164s] GC(10) User=0.00s Sys=0.00s Real=0.01s
[2026-02-10T15:33:31.909+0000][4.164s] GC(11) Concurrent Undo Cycle
[2026-02-10T15:33:31.909+0000][4.164s] GC(11) Concurrent Cleanup for Next Mark
[2026-02-10T15:33:31.913+0000][4.168s] GC(11) Concurrent Cleanup for Next Mark 4.023ms
[2026-02-10T15:33:31.913+0000][4.168s] GC(11) Concurrent Undo Cycle 4.108ms
[2026-02-10T15:33:31.930+0000][4.185s] GC(12) Pause Young (Concurrent Start) (G1 Humongous Allocation)
[2026-02-10T15:33:31.930+0000][4.185s] GC(12) Using 4 workers of 8 for evacuation
[2026-02-10T15:33:31.934+0000][4.189s] GC(12)   Pre Evacuate Collection Set: 0.1ms
[2026-02-10T15:33:31.934+0000][4.189s] GC(12)   Merge Heap Roots: 0.0ms
[2026-02-10T15:33:31.934+0000][4.189s] GC(12)   Evacuate Collection Set: 2.7ms
[2026-02-10T15:33:31.934+0000][4.189s] GC(12)   Post Evacuate Collection Set: 0.6ms
[2026-02-10T15:33:31.934+0000][4.189s] GC(12)   Other: 0.3ms
[2026-02-10T15:33:31.934+0000][4.189s] GC(12) Eden regions: 0->0(60)
[2026-02-10T15:33:31.934+0000][4.189s] GC(12) Survivor regions: 2->2(9)
[2026-02-10T15:33:31.934+0000][4.189s] GC(12) Old regions: 11->11
[2026-02-10T15:33:31.934+0000][4.189s] GC(12) Archive regions: 2->2
[2026-02-10T15:33:31.934+0000][4.189s] GC(12) Humongous regions: 59->59
[2026-02-10T15:33:31.934+0000][4.189s] GC(12) Metaspace: 25974K(26176K)->25974K(26176K) NonClass: 23777K(23872K)->23777K(23872K) Class: 2197K(2304K)->2197K(2304K)
[2026-02-10T15:33:31.934+0000][4.189s] GC(12) Pause Young (Concurrent Start) (G1 Humongous Allocation) 71M->72M(160M) 3.956ms
[2026-02-10T15:33:31.934+0000][4.189s] GC(12) User=0.01s Sys=0.00s Real=0.00s
[2026-02-10T15:33:31.939+0000][4.195s] GC(13) Concurrent Undo Cycle
[2026-02-10T15:33:31.939+0000][4.195s] GC(13) Concurrent Cleanup for Next Mark
[2026-02-10T15:33:31.944+0000][4.199s] GC(13) Concurrent Cleanup for Next Mark 4.058ms
[2026-02-10T15:33:31.944+0000][4.199s] GC(13) Concurrent Undo Cycle 4.231ms
[2026-02-10T15:33:31.986+0000][4.241s] GC(14) Pause Young (Concurrent Start) (G1 Humongous Allocation)
[2026-02-10T15:33:31.987+0000][4.242s] GC(14) Using 4 workers of 8 for evacuation
[2026-02-10T15:33:31.991+0000][4.246s] GC(14)   Pre Evacuate Collection Set: 0.2ms
[2026-02-10T15:33:31.991+0000][4.247s] GC(14)   Merge Heap Roots: 0.2ms
[2026-02-10T15:33:31.992+0000][4.247s] GC(14)   Evacuate Collection Set: 3.0ms
[2026-02-10T15:33:31.992+0000][4.247s] GC(14)   Post Evacuate Collection Set: 0.8ms
[2026-02-10T15:33:31.992+0000][4.247s] GC(14)   Other: 0.7ms
[2026-02-10T15:33:31.992+0000][4.247s] GC(14) Eden regions: 22->0(68)
[2026-02-10T15:33:31.992+0000][4.247s] GC(14) Survivor regions: 2->2(8)
[2026-02-10T15:33:31.993+0000][4.248s] GC(14) Old regions: 11->11
[2026-02-10T15:33:31.993+0000][4.248s] GC(14) Archive regions: 2->2
[2026-02-10T15:33:31.993+0000][4.248s] GC(14) Humongous regions: 60->53
[2026-02-10T15:33:31.993+0000][4.248s] GC(14) Metaspace: 25974K(26176K)->25974K(26176K) NonClass: 23777K(23872K)->23777K(23872K) Class: 2197K(2304K)->2197K(2304K)
[2026-02-10T15:33:31.994+0000][4.249s] GC(14) Pause Young (Concurrent Start) (G1 Humongous Allocation) 95M->66M(160M) 7.250ms
[2026-02-10T15:33:31.994+0000][4.249s] GC(14) User=0.01s Sys=0.01s Real=0.01s
[2026-02-10T15:33:32.005+0000][4.260s] GC(15) Concurrent Undo Cycle
[2026-02-10T15:33:32.005+0000][4.260s] GC(15) Concurrent Cleanup for Next Mark
[2026-02-10T15:33:32.009+0000][4.264s] GC(15) Concurrent Cleanup for Next Mark 3.914ms
[2026-02-10T15:33:32.009+0000][4.264s] GC(15) Concurrent Undo Cycle 4.126ms
[2026-02-10T15:33:32.014+0000][4.269s] GC(16) Pause Young (Concurrent Start) (G1 Humongous Allocation)
[2026-02-10T15:33:32.014+0000][4.269s] GC(16) Using 4 workers of 8 for evacuation
[2026-02-10T15:33:32.024+0000][4.279s] GC(16)   Pre Evacuate Collection Set: 0.2ms
[2026-02-10T15:33:32.024+0000][4.279s] GC(16)   Merge Heap Roots: 0.0ms
[2026-02-10T15:33:32.025+0000][4.280s] GC(16)   Evacuate Collection Set: 5.2ms
[2026-02-10T15:33:32.025+0000][4.280s] GC(16)   Post Evacuate Collection Set: 4.2ms
[2026-02-10T15:33:32.025+0000][4.280s] GC(16)   Other: 0.8ms
[2026-02-10T15:33:32.025+0000][4.280s] GC(16) Eden regions: 0->0(281)
[2026-02-10T15:33:32.025+0000][4.280s] GC(16) Survivor regions: 2->2(9)
[2026-02-10T15:33:32.025+0000][4.280s] GC(16) Old regions: 11->11
[2026-02-10T15:33:32.025+0000][4.280s] GC(16) Archive regions: 2->2
[2026-02-10T15:33:32.025+0000][4.280s] GC(16) Humongous regions: 59->59
[2026-02-10T15:33:32.025+0000][4.280s] GC(16) Metaspace: 25974K(26176K)->25974K(26176K) NonClass: 23777K(23872K)->23777K(23872K) Class: 2197K(2304K)->2197K(2304K)
[2026-02-10T15:33:32.025+0000][4.280s] GC(16) Pause Young (Concurrent Start) (G1 Humongous Allocation) 72M->71M(473M) 11.210ms
[2026-02-10T15:33:32.025+0000][4.280s] GC(16) User=0.00s Sys=0.01s Real=0.01s
[2026-02-10T15:33:32.025+0000][4.280s] GC(17) Concurrent Undo Cycle
[2026-02-10T15:33:32.025+0000][4.280s] GC(17) Concurrent Cleanup for Next Mark
[2026-02-10T15:33:32.031+0000][4.286s] GC(17) Concurrent Cleanup for Next Mark 5.300ms
[2026-02-10T15:33:32.031+0000][4.286s] GC(17) Concurrent Undo Cycle 5.443ms
