[2026-02-10T15:33:27.749+0000][0.004s] Using G1
[2026-02-10T15:33:27.756+0000][0.011s] Version: 17.0.2+8-86 (release)
[2026-02-10T15:33:27.756+0000][0.011s] CPUs: 8 total, 8 available
[2026-02-10T15:33:27.756+0000][0.011s] Memory: 7793M
[2026-02-10T15:33:27.756+0000][0.011s] Large Page Support: Disabled
[2026-02-10T15:33:27.756+0000][0.011s] NUMA Support: Disabled
[2026-02-10T15:33:27.756+0000][0.011s] Compressed Oops: Enabled (32-bit)
[2026-02-10T15:33:27.756+0000][0.011s] Heap Region Size: 1M
[2026-02-10T15:33:27.756+0000][0.011s] Heap Min Capacity: 8M
[2026-02-10T15:33:27.756+0000][0.011s] Heap Initial Capacity: 122M
[2026-02-10T15:33:27.756+0000][0.011s] Heap Max Capacity: 2G
[2026-02-10T15:33:27.756+0000][0.011s] Pre-touch: Disabled
[2026-02-10T15:33:27.756+0000][0.011s] Parallel Workers: 8
[2026-02-10T15:33:27.756+0000][0.011s] Concurrent Workers: 2
[2026-02-10T15:33:27.756+0000][0.011s] Concurrent Refinement Workers: 8
[2026-02-10T15:33:27.756+0000][0.011s] Periodic GC: Disabled
[2026-02-10T15:33:27.756+0000][0.011s] CDS archive(s) mapped at: [0x0000000800000000-0x0000000800bde000-0x0000000800bde000), size 12443648, SharedBaseAddress: 0x0000000800000000, ArchiveRelocationMode: 0.
[2026-02-10T15:33:27.756+0000][0.011s] Compressed class space mapped at: 0x0000000800c00000-0x0000000840c00000, reserved size: 1073741824
[2026-02-10T15:33:27.756+0000][0.011s] Narrow klass base: 0x0000000800000000, Narrow klass shift: 0, Narrow klass range: 0x100000000
[2026-02-10T15:33:28.883+0000][1.138s] GC(0) Pause Young (Normal) (G1 Evacuation Pause)
[2026-02-10T15:33:28.884+0000][1.139s] GC(0) Using 2 workers of 8 for evacuation
[2026-02-10T15:33:28.895+0000][1.150s] GC(0)   Pre Evacuate Collection Set: 0.1ms
[2026-02-10T15:33:28.895+0000][1.150s] GC(0)   Merge Heap Roots: 0.1ms
[2026-02-10T15:33:28.895+0000][1.150s] GC(0)   Evacuate Collection Set: 10.2ms
[2026-02-10T15:33:28.895+0000][1.150s] GC(0)   Post Evacuate Collection Set: 0.4ms
[2026-02-10T15:33:28.895+0000][1.150s] GC(0)   Other: 0.5ms
[2026-02-10T15:33:28.895+0000][1.150s] GC(0) Eden regions: 23->0(25)
[2026-02-10T15:33:28.895+0000][1.150s] GC(0) Survivor regions: 0->3(3)
[2026-02-10T15:33:28.895+0000][1.150s] GC(0) Old regions: 0->6
[2026-02-10T15:33:28.895+0000][1.150s] GC(0) Archive regions: 2->2
[2026-02-10T15:33:28.895+0000][1.150s] GC(0) Humongous regions: 34->33
[2026-02-10T15:33:28.895+0000][1.150s] GC(0) Metaspace: 4339K(4480K)->4339K(4480K) NonClass: 3830K(3904K)->3830K(3904K) Class: 508K(576K)->508K(576K)
[2026-02-10T15:33:28.895+0000][1.150s] GC(0) Pause Young (Normal) (G1 Evacuation Pause) 57M->42M(124M) 11.414ms
[2026-02-10T15:33:28.895+0000][1.150s] GC(0) User=0.02s Sys=0.00s Real=0.01s
[2026-02-10T15:33:30.411+0000][2.666s] GC(1) Pause Young (Normal) (G1 Evacuation Pause)
[2026-02-10T15:33:30.411+0000][2.666s] GC(1) Using 2 workers of 8 for evacuation
[2026-02-10T15:33:30.422+0000][2.677s] GC(1)   Pre Evacuate Collection Set: 0.1ms
[2026-02-10T15:33:30.422+0000][2.677s] GC(1)   Merge Heap Roots: 0.1ms
[2026-02-10T15:33:30.422+0000][2.678s] GC(1)   Evacuate Collection Set: 9.6ms
[2026-02-10T15:33:30.422+0000][2.678s] GC(1)   Post Evacuate Collection Set: 1.3ms
[2026-02-10T15:33:30.422+0000][2.678s] GC(1)   Other: 0.1ms
[2026-02-10T15:33:30.422+0000][2.678s] GC(1) Eden regions: 25->0(36)
[2026-02-10T15:33:30.422+0000][2.678s] GC(1) Survivor regions: 3->3(4)
[2026-02-10T15:33:30.422+0000][2.678s] GC(1) Old regions: 6->9
[2026-02-10T15:33:30.422+0000][2.678s] GC(1) Archive regions: 2->2
[2026-02-10T15:33:30.422+0000][2.678s] GC(1) Humongous regions: 33->33
[2026-02-10T15:33:30.422+0000][2.678s] GC(1) Metaspace: 11713K(11968K)->11713K(11968K) NonClass: 10367K(10496K)->10367K(10496K) Class: 1345K(1472K)->1345K(1472K)
[2026-02-10T15:33:30.423+0000][2.678s] GC(1) Pause Young (Normal) (G1 Evacuation Pause) 67M->44M(124M) 11.292ms
[2026-02-10T15:33:30.423+0000][2.678s] GC(1) User=0.01s Sys=0.00s Real=0.01s
[2026-02-10T15:33:30.508+0000][2.763s] GC(2) Pause Young (Concurrent Start) (G1 Humongous Allocation)
[2026-02-10T15:33:30.509+0000][2.764s] GC(2) Using 4 workers of 8 for evacuation
[2026-02-10T15:33:30.520+0000][2.775s] GC(2)   Pre Evacuate Collection Set: 0.2ms
[2026-02-10T15:33:30.520+0000][2.775s] GC(2)   Merge Heap Roots: 0.1ms
[2026-02-10T15:33:30.521+0000][2.776s] GC(2)   Evacuate Collection Set: 8.7ms
[2026-02-10T15:33:30.521+0000][2.776s] GC(2)   Post Evacuate Collection Set: 1.3ms
[2026-02-10T15:33:30.521+0000][2.776s] GC(2)   Other: 1.2ms
[2026-02-10T15:33:30.521+0000][2.776s] GC(2) Eden regions: 4->0(42)
[2026-02-10T15:33:30.521+0000][2.776s] GC(2) Survivor regions: 3->3(5)
[2026-02-10T15:33:30.521+0000][2.776s] GC(2) Old regions: 9->9
[2026-02-10T15:33:30.521+0000][2.776s] GC(2) Archive regions: 2->2
[2026-02-10T15:33:30.521+0000][2.776s] GC(2) Humongous regions: 33->33
[2026-02-10T15:33:30.521+0000][2.776s] GC(2) Metaspace: 12841K(12992K)->12841K(12992K) NonClass: 11381K(11456K)->11381K(11456K) Class: 1459K(1536K)->1459K(1536K)
[2026-02-10T15:33:30.521+0000][2.776s] GC(2) Pause Young (Concurrent Start) (G1 Humongous Allocation) 48M->44M(124M) 12.725ms
[2026-02-10T15:33:30.521+0000][2.776s] GC(2) User=0.03s Sys=0.00s Real=0.02s
[2026-02-10T15:33:30.525+0000][2.780s] GC(3) Concurrent Undo Cycle
[2026-02-10T15:33:30.525+0000][2.780s] GC(3) Concurrent Cleanup for Next Mark
[2026-02-10T15:33:30.528+0000][2.783s] GC(3) Concurrent Cleanup for Next Mark 2.592ms
[2026-02-10T15:33:30.528+0000][2.783s] GC(3) Concurrent Undo Cycle 2.884ms
[2026-02-10T15:33:30.543+0000][2.798s] GC(4) Pause Young (Concurrent Start) (G1 Humongous Allocation)
[2026-02-10T15:33:30.543+0000][2.798s] GC(4) Using 4 workers of 8 for evacuation
[2026-02-10T15:33:30.556+0000][2.811s] GC(4)   Pre Evacuate Collection Set: 0.1ms
[2026-02-10T15:33:30.556+0000][2.811s] GC(4)   Merge Heap Roots: 0.1ms
[2026-02-10T15:33:30.556+0000][2.811s] GC(4)   Evacuate Collection Set: 11.1ms
[2026-02-10T15:33:30.556+0000][2.811s] GC(4)   Post Evacuate Collection Set: 1.5ms
[2026-02-10T15:33:30.556+0000][2.811s] GC(4)   Other: 0.1ms
[2026-02-10T15:33:30.556+0000][2.811s] GC(4) Eden regions: 0->0(32)
[2026-02-10T15:33:30.556+0000][2.811s] GC(4) Survivor regions: 3->3(6)
[2026-02-10T15:33:30.556+0000][2.811s] GC(4) Old regions: 9->9
[2026-02-10T15:33:30.556+0000][2.811s] GC(4) Archive regions: 2->2
[2026-02-10T15:33:30.556+0000][2.811s] GC(4) Humongous regions: 46->46
[2026-02-10T15:33:30.556+0000][2.811s] GC(4) Metaspace: 12841K(12992K)->12841K(12992K) NonClass: 11381K(11456K)->11381K(11456K) Class: 1459K(1536K)->1459K(1536K)
[2026-02-10T15:33:30.556+0000][2.811s] GC(4) Pause Young (Concurrent Start) (G1 Humongous Allocation) 57M->57M(124M) 13.127ms
[2026-02-10T15:33:30.556+0000][2.811s] GC(4) User=0.03s Sys=0.00s Real=0.01s
[2026-02-10T15:33:30.556+0000][2.811s] GC(5) Concurrent Mark Cycle
[2026-02-10T15:33:30.556+0000][2.811s] GC(5) Concurrent Clear Claimed Marks
[2026-02-10T15:33:30.556+0000][2.811s] GC(5) Concurrent Clear Claimed Marks 0.015ms
[2026-02-10T15:33:30.556+0000][2.811s] GC(5) Concurrent Scan Root Regions
[2026-02-10T15:33:30.566+0000][2.821s] GC(5) Concurrent Scan Root Regions 9.605ms
[2026-02-10T15:33:30.566+0000][2.821s] GC(5) Concurrent Mark
[2026-02-10T15:33:30.566+0000][2.821s] GC(5) Concurrent Mark From Roots
[2026-02-10T15:33:30.566+0000][2.821s] GC(5) Using 2 workers of 2 for marking
[2026-02-10T15:33:30.570+0000][2.825s] GC(5) Concurrent Mark From Roots 4.133ms
[2026-02-10T15:33:30.570+0000][2.825s] GC(5) Concurrent Preclean
[2026-02-10T15:33:30.570+0000][2.825s] GC(5) Concurrent Preclean 0.116ms
[2026-02-10T15:33:30.573+0000][2.828s] GC(5) Pause Remark
[2026-02-10T15:33:30.579+0000][2.834s] GC(5) Pause Remark 60M->60M(124M) 5.635ms
[2026-02-10T15:33:30.579+0000][2.834s] GC(5) User=0.01s Sys=0.00s Real=0.01s
[2026-02-10T15:33:30.579+0000][2.834s] GC(5) Concurrent Mark 12.965ms
[2026-02-10T15:33:30.579+0000][2.834s] GC(5) Concurrent Rebuild Remembered Sets
[2026-02-10T15:33:30.584+0000][2.839s] GC(5) Concurrent Rebuild Remembered Sets 4.325ms
[2026-02-10T15:33:30.584+0000][2.839s] GC(5) Pause Cleanup
[2026-02-10T15:33:30.584+0000][2.839s] GC(5) Pause Cleanup 60M->60M(124M) 0.329ms
[2026-02-10T15:33:30.584+0000][2.840s] GC(5) User=0.00s Sys=0.00s Real=0.00s
[2026-02-10T15:33:30.589+0000][2.844s] GC(5) Concurrent Cleanup for Next Mark
[2026-02-10T15:33:30.593+0000][2.848s] GC(5) Concurrent Cleanup for Next Mark 4.042ms
[2026-02-10T15:33:30.593+0000][2.848s] GC(5) Concurrent Mark Cycle 36.580ms
[2026-02-10T15:33:30.761+0000][3.016s] GC(6) Pause Young (Prepare Mixed) (G1 Evacuation Pause)
[2026-02-10T15:33:30.761+0000][3.016s] GC(6) Using 4 workers of 8 for evacuation
[2026-02-10T15:33:30.777+0000][3.033s] GC(6)   Pre Evacuate Collection Set: 0.1ms
[2026-02-10T15:33:30.778+0000][3.033s] GC(6)   Merge Heap Roots: 0.1ms
[2026-02-10T15:33:30.778+0000][3.033s] GC(6)   Evacuate Collection Set: 15.3ms
[2026-02-10T15:33:30.778+0000][3.033s] GC(6)   Post Evacuate Collection Set: 0.9ms
[2026-02-10T15:33:30.778+0000][3.033s] GC(6)   Other: 0.2ms
[2026-02-10T15:33:30.778+0000][3.033s] GC(6) Eden regions: 32->0(3)
[2026-02-10T15:33:30.778+0000][3.033s] GC(6) Survivor regions: 3->3(5)
[2026-02-10T15:33:30.778+0000][3.033s] GC(6) Old regions: 9->9
[2026-02-10T15:33:30.778+0000][3.033s] GC(6) Archive regions: 2->2
[2026-02-10T15:33:30.778+0000][3.033s] GC(6) Humongous regions: 48->48
[2026-02-10T15:33:30.778+0000][3.033s] GC(6) Metaspace: 12844K(12992K)->12844K(12992K) NonClass: 11384K(11456K)->11384K(11456K) Class: 1459K(1536K)->1459K(1536K)
[2026-02-10T15:33:30.778+0000][3.033s] GC(6) Pause Young (Prepare Mixed) (G1 Evacuation Pause) 91M->60M(124M) 16.680ms
[2026-02-10T15:33:30.778+0000][3.033s] GC(6) User=0.01s Sys=0.00s Real=0.02s
[2026-02-10T15:33:30.782+0000][3.037s] GC(7) Pause Young (Mixed) (G1 Evacuation Pause)
[2026-02-10T15:33:30.782+0000][3.037s] GC(7) Using 4 workers of 8 for evacuation
[2026-02-10T15:33:30.800+0000][3.055s] GC(7)   Pre Evacuate Collection Set: 0.1ms
[2026-02-10T15:33:30.800+0000][3.055s] GC(7)   Merge Heap Roots: 0.1ms
[2026-02-10T15:33:30.800+0000][3.055s] GC(7)   Evacuate Collection Set: 16.7ms
[2026-02-10T15:33:30.800+0000][3.055s] GC(7)   Post Evacuate Collection Set: 0.8ms
[2026-02-10T15:33:30.800+0000][3.055s] GC(7)   Other: 0.2ms
[2026-02-10T15:33:30.800+0000][3.055s] GC(7) Eden regions: 3->0(33)
[2026-02-10T15:33:30.800+0000][3.055s] GC(7) Survivor regions: 3->1(1)
[2026-02-10T15:33:30.800+0000][3.055s] GC(7) Old regions: 9->11
[2026-02-10T15:33:30.800+0000][3.055s] GC(7) Archive regions: 2->2
[2026-02-10T15:33:30.800+0000][3.055s] GC(7) Humongous regions: 48->48
[2026-02-10T15:33:30.800+0000][3.055s] GC(7) Metaspace: 12844K(12992K)->12844K(12992K) NonClass: 11384K(11456K)->11384K(11456K) Class: 1459K(1536K)->1459K(1536K)
[2026-02-10T15:33:30.800+0000][3.055s] GC(7) Pause Young (Mixed) (G1 Evacuation Pause) 63M->59M(124M) 18.001ms
[2026-02-10T15:33:30.800+0000][3.055s] GC(7) User=0.01s Sys=0.00s Real=0.02s
[2026-02-10T15:33:31.158+0000][3.413s] GC(8) Pause Young (Concurrent Start) (G1 Evacuation Pause)
[2026-02-10T15:33:31.158+0000][3.413s] GC(8) Using 4 workers of 8 for evacuation
[2026-02-10T15:33:31.163+0000][3.418s] GC(8)   Pre Evacuate Collection Set: 0.1ms
[2026-02-10T15:33:31.163+0000][3.418s] GC(8)   Merge Heap Roots: 0.0ms
[2026-02-10T15:33:31.163+0000][3.418s] GC(8)   Evacuate Collection Set: 2.4ms
[2026-02-10T15:33:31.163+0000][3.418s] GC(8)   Post Evacuate Collection Set: 2.8ms
[2026-02-10T15:33:31.163+0000][3.418s] GC(8)   Other: 0.2ms
[2026-02-10T15:33:31.163+0000][3.418s] GC(8) Eden regions: 33->0(211)
[2026-02-10T15:33:31.163+0000][3.418s] GC(8) Survivor regions: 1->1(5)
[2026-02-10T15:33:31.163+0000][3.418s] GC(8) Old regions: 11->11
[2026-02-10T15:33:31.163+0000][3.418s] GC(8) Archive regions: 2->2
[2026-02-10T15:33:31.163+0000][3.418s] GC(8) Humongous regions: 48->33
[2026-02-10T15:33:31.163+0000][3.418s] GC(8) Metaspace: 20089K(20288K)->20089K(20288K) NonClass: 18201K(18304K)->18201K(18304K) Class: 1888K(1984K)->1888K(1984K)
[2026-02-10T15:33:31.163+0000][3.418s] GC(8) Pause Young (Concurrent Start) (G1 Evacuation Pause) 92M->44M(354M) 5.719ms
[2026-02-10T15:33:31.163+0000][3.418s] GC(8) User=0.00s Sys=0.00s Real=0.00s
[2026-02-10T15:33:31.163+0000][3.418s] GC(9) Concurrent Mark Cycle
[2026-02-10T15:33:31.163+0000][3.418s] GC(9) Concurrent Clear Claimed Marks
[2026-02-10T15:33:31.163+0000][3.418s] GC(9) Concurrent Clear Claimed Marks 0.015ms
[2026-02-10T15:33:31.163+0000][3.418s] GC(9) Concurrent Scan Root Regions
[2026-02-10T15:33:31.164+0000][3.419s] GC(9) Concurrent Scan Root Regions 0.953ms
[2026-02-10T15:33:31.164+0000][3.419s] GC(9) Concurrent Mark
[2026-02-10T15:33:31.164+0000][3.419s] GC(9) Concurrent Mark From Roots
[2026-02-10T15:33:31.164+0000][3.419s] GC(9) Using 2 workers of 2 for marking
[2026-02-10T15:33:31.183+0000][3.438s] GC(9) Concurrent Mark From Roots 18.661ms
[2026-02-10T15:33:31.183+0000][3.438s] GC(9) Concurrent Preclean
[2026-02-10T15:33:31.183+0000][3.438s] GC(9) Concurrent Preclean 0.117ms
[2026-02-10T15:33:31.184+0000][3.439s] GC(9) Pause Remark
[2026-02-10T15:33:31.190+0000][3.445s] GC(9) Pause Remark 45M->45M(160M) 5.926ms
[2026-02-10T15:33:31.190+0000][3.445s] GC(9) User=0.01s Sys=0.00s Real=0.01s
[2026-02-10T15:33:31.190+0000][3.445s] GC(9) Concurrent Mark 25.547ms
[2026-02-10T15:33:31.190+0000][3.445s] GC(9) Concurrent Rebuild Remembered Sets
[2026-02-10T15:33:31.201+0000][3.456s] GC(9) Concurrent Rebuild Remembered Sets 11.183ms
[2026-02-10T15:33:31.201+0000][3.456s] GC(9) Pause Cleanup
[2026-02-10T15:33:31.201+0000][3.457s] GC(9) Pause Cleanup 45M->45M(160M) 0.109ms
[2026-02-10T15:33:31.201+0000][3.457s] GC(9) User=0.00s Sys=0.00s Real=0.00s
[2026-02-10T15:33:31.203+0000][3.458s] GC(9) Concurrent Cleanup for Next Mark
[2026-02-10T15:33:31.204+0000][3.459s] GC(9) Concurrent Cleanup for Next Mark 0.519ms
[2026-02-10T15:33:31.204+0000][3.459s] GC(9) Concurrent Mark Cycle 40.501ms
[2026-02-10T15:33:31.865+0000][4.120s] GC(10) Pause Young (Prepare Mixed) (G1 Preventive Collection)
[2026-02-10T15:33:31.866+0000][4.121s] GC(10) Using 4 workers of 8 for evacuation
[2026-02-10T15:33:31.873+0000][4.128s] GC(10)   Pre Evacuate Collection Set: 0.4ms
[2026-02-10T15:33:31.874+0000][4.129s] GC(10)   Merge Heap Roots: 0.1ms
[2026-02-10T15:33:31.874+0000][4.129s] GC(10)   Evacuate Collection Set: 6.1ms
[2026-02-10T15:33:31.874+0000][4.129s] GC(10)   Post Evacuate Collection Set: 0.9ms
[2026-02-10T15:33:31.874+0000][4.129s] GC(10)   Other: 0.5ms
[2026-02-10T15:33:31.874+0000][4.129s] GC(10) Eden regions: 77->0(6)
[2026-02-10T15:33:31.874+0000][4.129s] GC(10) Survivor regions: 1->2(27)
[2026-02-10T15:33:31.874+0000][4.129s] GC(10) Old regions: 11->11
[2026-02-10T15:33:31.874+0000][4.129s] GC(10) Archive regions: 2->2
[2026-02-10T15:33:31.874+0000][4.129s] GC(10) Humongous regions: 58->53
[2026-02-10T15:33:31.874+0000][4.129s] GC(10) Metaspace: 25998K(26240K)->25998K(26240K) NonClass: 23801K(23936K)->23801K(23936K) Class: 2197K(2304K)->2197K(2304K)
[2026-02-10T15:33:31.874+0000][4.129s] GC(10) Pause Young (Prepare Mixed) (G1 Preventive Collection) 146M->65M(160M) 8.320ms
[2026-02-10T15:33:31.874+0000][4.129s] GC(10) User=0.02s Sys=0.00s Real=0.01s
[2026-02-10T15:33:31.905+0000][4.161s] GC(11) Pause Young (Mixed) (G1 Evacuation Pause)
[2026-02-10T15:33:31.906+0000][4.161s] GC(11) Using 4 workers of 8 for evacuation
[2026-02-10T15:33:31.912+0000][4.167s] GC(11)   Pre Evacuate Collection Set: 0.1ms
[2026-02-10T15:33:31.912+0000][4.167s] GC(11)   Merge Heap Roots: 0.1ms
[2026-02-10T15:33:31.912+0000][4.167s] GC(11)   Evacuate Collection Set: 4.9ms
[2026-02-10T15:33:31.912+0000][4.168s] GC(11)   Post Evacuate Collection Set: 0.5ms
[2026-02-10T15:33:31.913+0000][4.168s] GC(11)   Other: 0.6ms
[2026-02-10T15:33:31.913+0000][4.168s] GC(11) Eden regions: 6->0(60)
[2026-02-10T15:33:31.913+0000][4.168s] GC(11) Survivor regions: 2->1(1)
[2026-02-10T15:33:31.914+0000][4.169s] GC(11) Old regions: 11->12
[2026-02-10T15:33:31.914+0000][4.169s] GC(11) Archive regions: 2->2
[2026-02-10T15:33:31.914+0000][4.169s] GC(11) Humongous regions: 60->60
[2026-02-10T15:33:31.914+0000][4.169s] GC(11) Metaspace: 25998K(26240K)->25998K(26240K) NonClass: 23801K(23936K)->23801K(23936K) Class: 2197K(2304K)->2197K(2304K)
[2026-02-10T15:33:31.914+0000][4.170s] GC(11) Pause Young (Mixed) (G1 Evacuation Pause) 78M->73M(160M) 9.008ms
[2026-02-10T15:33:31.915+0000][4.170s] GC(11) User=0.01s Sys=0.00s Real=0.01s
[2026-02-10T15:33:31.935+0000][4.190s] GC(12) Pause Young (Concurrent Start) (G1 Humongous Allocation)
[2026-02-10T15:33:31.935+0000][4.191s] GC(12) Using 4 workers of 8 for evacuation
[2026-02-10T15:33:31.937+0000][4.192s] GC(12)   Pre Evacuate Collection Set: 0.1ms
[2026-02-10T15:33:31.937+0000][4.192s] GC(12)   Merge Heap Roots: 0.0ms
[2026-02-10T15:33:31.937+0000][4.193s] GC(12)   Evacuate Collection Set: 1.0ms
[2026-02-10T15:33:31.938+0000][4.193s] GC(12)   Post Evacuate Collection Set: 0.4ms
[2026-02-10T15:33:31.938+0000][4.193s] GC(12)   Other: 0.4ms
[2026-02-10T15:33:31.938+0000][4.193s] GC(12) Eden regions: 16->0(68)
[2026-02-10T15:33:31.938+0000][4.193s] GC(12) Survivor regions: 1->1(8)
[2026-02-10T15:33:31.938+0000][4.193s] GC(12) Old regions: 12->12
[2026-02-10T15:33:31.938+0000][4.193s] GC(12) Archive regions: 2->2
[2026-02-10T15:33:31.938+0000][4.193s] GC(12) Humongous regions: 60->53
[2026-02-10T15:33:31.938+0000][4.193s] GC(12) Metaspace: 25998K(26240K)->25998K(26240K) NonClass: 23801K(23936K)->23801K(23936K) Class: 2197K(2304K)->2197K(2304K)
[2026-02-10T15:33:31.938+0000][4.193s] GC(12) Pause Young (Concurrent Start) (G1 Humongous Allocation) 89M->65M(160M) 2.998ms
[2026-02-10T15:33:31.938+0000][4.193s] GC(12) User=0.00s Sys=0.00s Real=0.01s
[2026-02-10T15:33:31.938+0000][4.194s] GC(13) Concurrent Undo Cycle
[2026-02-10T15:33:31.939+0000][4.194s] GC(13) Concurrent Cleanup for Next Mark
[2026-02-10T15:33:31.939+0000][4.194s] GC(13) Concurrent Cleanup for Next Mark 0.499ms
[2026-02-10T15:33:31.939+0000][4.194s] GC(13) Concurrent Undo Cycle 0.827ms
[2026-02-10T15:33:31.946+0000][4.201s] GC(14) Pause Young (Concurrent Start) (G1 Humongous Allocation)
[2026-02-10T15:33:31.946+0000][4.201s] GC(14) Using 4 workers of 8 for evacuation
[2026-02-10T15:33:31.948+0000][4.203s] GC(14)   Pre Evacuate Collection Set: 0.1ms
[2026-02-10T15:33:31.948+0000][4.203s] GC(14)   Merge Heap Roots: 0.0ms
[2026-02-10T15:33:31.948+0000][4.203s] GC(14)   Evacuate Collection Set: 1.0ms
[2026-02-10T15:33:31.949+0000][4.204s] GC(14)   Post Evacuate Collection Set: 0.3ms
[2026-02-10T15:33:31.949+0000][4.204s] GC(14)   Other: 0.5ms
[2026-02-10T15:33:31.949+0000][4.204s] GC(14) Eden regions: 0->0(62)
[2026-02-10T15:33:31.949+0000][4.204s] GC(14) Survivor regions: 1->1(9)
[2026-02-10T15:33:31.949+0000][4.204s] GC(14) Old regions: 12->12
[2026-02-10T15:33:31.949+0000][4.204s] GC(14) Archive regions: 2->2
[2026-02-10T15:33:31.950+0000][4.205s] GC(14) Humongous regions: 59->59
[2026-02-10T15:33:31.950+0000][4.205s] GC(14) Metaspace: 25998K(26240K)->25998K(26240K) NonClass: 23801K(23936K)->23801K(23936K) Class: 2197K(2304K)->2197K(2304K)
[2026-02-10T15:33:31.950+0000][4.205s] GC(14) Pause Young (Concurrent Start) (G1 Humongous Allocation) 71M->71M(160M) 4.016ms
[2026-02-10T15:33:31.950+0000][4.205s] GC(14) User=0.00s Sys=0.00s Real=0.01s
[2026-02-10T15:33:31.950+0000][4.205s] GC(15) Concurrent Mark Cycle
[2026-02-10T15:33:31.950+0000][4.205s] GC(15) Concurrent Clear Claimed Marks
[2026-02-10T15:33:31.951+0000][4.206s] GC(15) Concurrent Clear Claimed Marks 0.171ms
[2026-02-10T15:33:31.951+0000][4.206s] GC(15) Concurrent Scan Root Regions
[2026-02-10T15:33:31.951+0000][4.206s] GC(15) Concurrent Scan Root Regions 0.239ms
[2026-02-10T15:33:31.951+0000][4.206s] GC(15) Concurrent Mark
[2026-02-10T15:33:31.951+0000][4.206s] GC(15) Concurrent Mark From Roots
[2026-02-10T15:33:31.952+0000][4.207s] GC(15) Using 2 workers of 2 for marking
[2026-02-10T15:33:31.979+0000][4.234s] GC(15) Concurrent Mark From Roots 27.638ms
[2026-02-10T15:33:31.979+0000][4.234s] GC(15) Concurrent Preclean
[2026-02-10T15:33:31.980+0000][4.235s] GC(15) Concurrent Preclean 0.191ms
[2026-02-10T15:33:31.981+0000][4.236s] GC(15) Pause Remark
[2026-02-10T15:33:31.988+0000][4.243s] GC(15) Pause Remark 73M->73M(160M) 7.274ms
[2026-02-10T15:33:31.988+0000][4.243s] GC(15) User=0.00s Sys=0.00s Real=0.00s
[2026-02-10T15:33:31.988+0000][4.243s] GC(15) Concurrent Mark 37.161ms
[2026-02-10T15:33:31.988+0000][4.243s] GC(15) Concurrent Rebuild Remembered Sets
[2026-02-10T15:33:31.988+0000][4.243s] GC(15) Concurrent Rebuild Remembered Sets 0.040ms
[2026-02-10T15:33:31.989+0000][4.244s] GC(15) Pause Cleanup
[2026-02-10T15:33:31.989+0000][4.244s] GC(15) Pause Cleanup 73M->73M(160M) 0.016ms
[2026-02-10T15:33:31.989+0000][4.244s] GC(15) User=0.00s Sys=0.00s Real=0.00s
[2026-02-10T15:33:31.990+0000][4.245s] GC(15) Concurrent Cleanup for Next Mark
[2026-02-10T15:33:31.991+0000][4.246s] GC(15) Concurrent Cleanup for Next Mark 0.915ms
[2026-02-10T15:33:31.991+0000][4.246s] GC(15) Concurrent Mark Cycle 40.713ms
[2026-02-10T15:33:32.087+0000][4.342s] GC(16) Pause Young (Concurrent Start) (G1 Humongous Allocation)
[2026-02-10T15:33:32.087+0000][4.342s] GC(16) Using 4 workers of 8 for evacuation
[2026-02-10T15:33:32.089+0000][4.344s] GC(16)   Pre Evacuate Collection Set: 0.1ms
[2026-02-10T15:33:32.090+0000][4.345s] GC(16)   Merge Heap Roots: 0.1ms
[2026-02-10T15:33:32.090+0000][4.345s] GC(16)   Evacuate Collection Set: 1.5ms
[2026-02-10T15:33:32.090+0000][4.345s] GC(16)   Post Evacuate Collection Set: 0.4ms
[2026-02-10T15:33:32.090+0000][4.345s] GC(16)   Other: 0.4ms
[2026-02-10T15:33:32.090+0000][4.345s] GC(16) Eden regions: 58->0(62)
[2026-02-10T15:33:32.090+0000][4.345s] GC(16) Survivor regions: 1->1(8)
[2026-02-10T15:33:32.090+0000][4.345s] GC(16) Old regions: 12->12
[2026-02-10T15:33:32.090+0000][4.345s] GC(16) Archive regions: 2->2
[2026-02-10T15:33:32.090+0000][4.345s] GC(16) Humongous regions: 60->60
[2026-02-10T15:33:32.090+0000][4.345s] GC(16) Metaspace: 26036K(26240K)->26036K(26240K) NonClass: 23835K(23936K)->23835K(23936K) Class: 2200K(2304K)->2200K(2304K)
[2026-02-10T15:33:32.090+0000][4.345s] GC(16) Pause Young (Concurrent Start) (G1 Humongous Allocation) 130M->72M(160M) 3.329ms
[2026-02-10T15:33:32.090+0000][4.345s] GC(16) User=0.01s Sys=0.00s Real=0.01s
[2026-02-10T15:33:32.090+0000][4.345s] GC(17) Concurrent Mark Cycle
[2026-02-10T15:33:32.090+0000][4.346s] GC(17) Concurrent Clear Claimed Marks
[2026-02-10T15:33:32.090+0000][4.346s] GC(17) Concurrent Clear Claimed Marks 0.013ms
[2026-02-10T15:33:32.090+0000][4.346s] GC(17) Concurrent Scan Root Regions
[2026-02-10T15:33:32.091+0000][4.346s] GC(17) Concurrent Scan Root Regions 0.349ms
[2026-02-10T15:33:32.091+0000][4.346s] GC(17) Concurrent Mark
[2026-02-10T15:33:32.091+0000][4.346s] GC(17) Concurrent Mark From Roots
[2026-02-10T15:33:32.091+0000][4.346s] GC(17) Using 2 workers of 2 for marking
[2026-02-10T15:33:32.115+0000][4.370s] GC(17) Concurrent Mark From Roots 24.157ms
[2026-02-10T15:33:32.115+0000][4.371s] GC(17) Concurrent Preclean
[2026-02-10T15:33:32.116+0000][4.371s] GC(17) Concurrent Preclean 0.156ms
[2026-02-10T15:33:32.116+0000][4.371s] GC(17) Pause Remark
[2026-02-10T15:33:32.119+0000][4.374s] GC(17) Pause Remark 79M->79M(160M) 2.222ms
[2026-02-10T15:33:32.119+0000][4.374s] GC(17) User=0.01s Sys=0.00s Real=0.01s
[2026-02-10T15:33:32.119+0000][4.374s] GC(17) Concurrent Mark 28.086ms
[2026-02-10T15:33:32.119+0000][4.374s] GC(17) Concurrent Rebuild Remembered Sets
[2026-02-10T15:33:32.119+0000][4.374s] GC(17) Concurrent Rebuild Remembered Sets 0.010ms
[2026-02-10T15:33:32.119+0000][4.374s] GC(17) Pause Cleanup
[2026-02-10T15:33:32.119+0000][4.374s] GC(17) Pause Cleanup 79M->79M(160M) 0.023ms
[2026-02-10T15:33:32.119+0000][4.374s] GC(17) User=0.00s Sys=0.00s Real=0.00s
[2026-02-10T15:33:32.120+0000][4.375s] GC(17) Concurrent Cleanup for Next Mark
[2026-02-10T15:33:32.121+0000][4.376s] GC(17) Concurrent Cleanup for Next Mark 1.050ms
[2026-02-10T15:33:32.122+0000][4.377s] GC(17) Concurrent Mark Cycle 31.316ms
[2026-02-10T15:33:32.126+0000][4.382s] GC(18) Pause Young (Concurrent Start) (G1 Humongous Allocation)
[2026-02-10T15:33:32.127+0000][4.382s] GC(18) Using 4 workers of 8 for evacuation
[2026-02-10T15:33:32.128+0000][4.383s] GC(18)   Pre Evacuate Collection Set: 0.1ms
[2026-02-10T15:33:32.128+0000][4.383s] GC(18)   Merge Heap Roots: 0.0ms
[2026-02-10T15:33:32.128+0000][4.383s] GC(18)   Evacuate Collection Set: 0.6ms
[2026-02-10T15:33:32.128+0000][4.383s] GC(18)   Post Evacuate Collection Set: 0.3ms
[2026-02-10T15:33:32.128+0000][4.384s] GC(18)   Other: 0.2ms
[2026-02-10T15:33:32.129+0000][4.384s] GC(18) Eden regions: 0->0(56)
[2026-02-10T15:33:32.129+0000][4.384s] GC(18) Survivor regions: 1->1(8)
[2026-02-10T15:33:32.129+0000][4.384s] GC(18) Old regions: 12->12
[2026-02-10T15:33:32.129+0000][4.384s] GC(18) Archive regions: 2->2
[2026-02-10T15:33:32.129+0000][4.384s] GC(18) Humongous regions: 67->67
[2026-02-10T15:33:32.129+0000][4.384s] GC(18) Metaspace: 26036K(26240K)->26036K(26240K) NonClass: 23835K(23936K)->23835K(23936K) Class: 2200K(2304K)->2200K(2304K)
[2026-02-10T15:33:32.129+0000][4.384s] GC(18) Pause Young (Concurrent Start) (G1 Humongous Allocation) 79M->79M(160M) 2.477ms
[2026-02-10T15:33:32.129+0000][4.384s] GC(18) User=0.00s Sys=0.00s Real=0.01s
[2026-02-10T15:33:32.129+0000][4.384s] GC(19) Concurrent Mark Cycle
[2026-02-10T15:33:32.129+0000][4.384s] GC(19) Concurrent Clear Claimed Marks
[2026-02-10T15:33:32.129+0000][4.384s] GC(19) Concurrent Clear Claimed Marks 0.017ms
[2026-02-10T15:33:32.129+0000][4.384s] GC(19) Concurrent Scan Root Regions
[2026-02-10T15:33:32.133+0000][4.388s] GC(19) Concurrent Scan Root Regions 3.998ms
[2026-02-10T15:33:32.134+0000][4.389s] GC(19) Concurrent Mark
[2026-02-10T15:33:32.134+0000][4.389s] GC(19) Concurrent Mark From Roots
[2026-02-10T15:33:32.134+0000][4.389s] GC(19) Using 2 workers of 2 for marking
[2026-02-10T15:33:32.158+0000][4.413s] GC(19) Concurrent Mark From Roots 23.890ms
[2026-02-10T15:33:32.158+0000][4.413s] GC(19) Concurrent Preclean
[2026-02-10T15:33:32.158+0000][4.414s] GC(19) Concurrent Preclean 0.324ms
[2026-02-10T15:33:32.159+0000][4.414s] GC(19) Pause Remark
[2026-02-10T15:33:32.163+0000][4.418s] GC(19) Pause Remark 81M->81M(160M) 4.191ms
[2026-02-10T15:33:32.163+0000][4.418s] GC(19) User=0.00s Sys=0.00s Real=0.00s
[2026-02-10T15:33:32.164+0000][4.419s] GC(19) Concurrent Mark 29.846ms
[2026-02-10T15:33:32.164+0000][4.419s] GC(19) Concurrent Rebuild Remembered Sets
[2026-02-10T15:33:32.164+0000][4.419s] GC(19) Concurrent Rebuild Remembered Sets 0.269ms
[2026-02-10T15:33:32.164+0000][4.419s] GC(19) Pause Cleanup
[2026-02-10T15:33:32.164+0000][4.420s] GC(19) Pause Cleanup 81M->81M(160M) 0.180ms
[2026-02-10T15:33:32.165+0000][4.420s] GC(19) User=0.00s Sys=0.00s Real=0.00s
[2026-02-10T15:33:32.165+0000][4.420s] GC(19) Concurrent Cleanup for Next Mark
[2026-02-10T15:33:32.165+0000][4.420s] GC(19) Concurrent Cleanup for Next Mark 0.400ms
[2026-02-10T15:33:32.166+0000][4.421s] GC(19) Concurrent Mark Cycle 36.316ms
[2026-02-10T15:33:32.193+0000][4.448s] GC(20) Pause Young (Concurrent Start) (G1 Humongous Allocation)
[2026-02-10T15:33:32.193+0000][4.448s] GC(20) Using 4 workers of 8 for evacuation
[2026-02-10T15:33:32.195+0000][4.450s] GC(20)   Pre Evacuate Collection Set: 0.2ms
[2026-02-10T15:33:32.195+0000][4.450s] GC(20)   Merge Heap Roots: 0.1ms
[2026-02-10T15:33:32.195+0000][4.450s] GC(20)   Evacuate Collection Set: 1.2ms
[2026-02-10T15:33:32.195+0000][4.450s] GC(20)   Post Evacuate Collection Set: 0.4ms
[2026-02-10T15:33:32.195+0000][4.450s] GC(20)   Other: 0.2ms
[2026-02-10T15:33:32.195+0000][4.450s] GC(20) Eden regions: 26->0(63)
[2026-02-10T15:33:32.195+0000][4.450s] GC(20) Survivor regions: 1->1(8)
[2026-02-10T15:33:32.195+0000][4.450s] GC(20) Old regions: 12->12
[2026-02-10T15:33:32.195+0000][4.450s] GC(20) Archive regions: 2->2
[2026-02-10T15:33:32.195+0000][4.450s] GC(20) Humongous regions: 68->60
[2026-02-10T15:33:32.195+0000][4.450s] GC(20) Metaspace: 26036K(26240K)->26036K(26240K) NonClass: 23835K(23936K)->23835K(23936K) Class: 2200K(2304K)->2200K(2304K)
[2026-02-10T15:33:32.195+0000][4.450s] GC(20) Pause Young (Concurrent Start) (G1 Humongous Allocation) 106M->72M(160M) 2.305ms
[2026-02-10T15:33:32.195+0000][4.450s] GC(20) User=0.00s Sys=0.00s Real=0.00s
[2026-02-10T15:33:32.196+0000][4.451s] GC(21) Concurrent Mark Cycle
[2026-02-10T15:33:32.196+0000][4.451s] GC(21) Concurrent Clear Claimed Marks
[2026-02-10T15:33:32.196+0000][4.451s] GC(21) Concurrent Clear Claimed Marks 0.012ms
[2026-02-10T15:33:32.196+0000][4.451s] GC(21) Concurrent Scan Root Regions
[2026-02-10T15:33:32.196+0000][4.451s] GC(21) Concurrent Scan Root Regions 0.345ms
[2026-02-10T15:33:32.196+0000][4.451s] GC(21) Concurrent Mark
[2026-02-10T15:33:32.196+0000][4.451s] GC(21) Concurrent Mark From Roots
[2026-02-10T15:33:32.196+0000][4.451s] GC(21) Using 2 workers of 2 for marking
[2026-02-10T15:33:32.221+0000][4.476s] GC(21) Concurrent Mark From Roots 24.907ms
[2026-02-10T15:33:32.221+0000][4.477s] GC(21) Concurrent Preclean
[2026-02-10T15:33:32.222+0000][4.477s] GC(21) Concurrent Preclean 0.156ms
[2026-02-10T15:33:32.222+0000][4.477s] GC(21) Pause Remark
[2026-02-10T15:33:32.229+0000][4.484s] GC(21) Pause Remark 81M->81M(160M) 6.665ms
[2026-02-10T15:33:32.229+0000][4.484s] GC(21) User=0.00s Sys=0.01s Real=0.01s
[2026-02-10T15:33:32.229+0000][4.484s] GC(21) Concurrent Mark 33.201ms
[2026-02-10T15:33:32.229+0000][4.484s] GC(21) Concurrent Rebuild Remembered Sets
[2026-02-10T15:33:32.229+0000][4.484s] GC(21) Concurrent Rebuild Remembered Sets 0.008ms
[2026-02-10T15:33:32.230+0000][4.485s] GC(21) Pause Cleanup
[2026-02-10T15:33:32.230+0000][4.485s] GC(21) Pause Cleanup 81M->81M(160M) 0.211ms
[2026-02-10T15:33:32.230+0000][4.485s] GC(21) User=0.00s Sys=0.00s Real=0.00s
[2026-02-10T15:33:32.233+0000][4.488s] GC(21) Concurrent Cleanup for Next Mark
[2026-02-10T15:33:32.234+0000][4.489s] GC(21) Concurrent Cleanup for Next Mark 0.528ms
[2026-02-10T15:33:32.234+0000][4.489s] GC(21) Concurrent Mark Cycle 38.390ms
