[0.004s][info][gc] Using G1
[0.077s][info][gc] GC(0) Pause Young (Concurrent Start) (G1 Humongous Allocation) 1M->1M(34M) 1.405ms
[0.077s][info][gc] GC(1) Concurrent Undo Cycle
[0.077s][info][gc] GC(1) Concurrent Undo Cycle 0.375ms
[0.124s][info][gc] GC(2) Pause Young (Concurrent Start) (G1 Humongous Allocation) 17M->17M(34M) 0.835ms
[0.124s][info][gc] GC(3) Concurrent Mark Cycle
[0.127s][info][gc] GC(3) Pause Remark 19M->19M(37M) 0.324ms
[0.127s][info][gc] GC(3) Pause Cleanup 19M->19M(37M) 0.003ms
[0.127s][info][gc] GC(3) Concurrent Mark Cycle 2.898ms
[0.182s][info][gc] GC(4) Pause Young (Concurrent Start) (G1 Humongous Allocation) 19M->19M(37M) 2.612ms
[0.182s][info][gc] GC(5) Concurrent Mark Cycle
[0.198s][info][gc] GC(5) Pause Remark 31M->31M(55M) 2.825ms
[0.198s][info][gc] GC(5) Pause Cleanup 31M->31M(55M) 0.004ms
[0.198s][info][gc] GC(5) Concurrent Mark Cycle 16.508ms
[0.226s][info][gc] GC(6) Pause Young (Concurrent Start) (G1 Humongous Allocation) 31M->31M(55M) 3.089ms
[0.227s][info][gc] GC(7) Concurrent Mark Cycle
[0.237s][info][gc] GC(7) Pause Remark 33M->33M(62M) 2.322ms
[0.242s][info][gc] GC(7) Pause Cleanup 33M->33M(62M) 0.074ms
[0.243s][info][gc] GC(7) Concurrent Mark Cycle 16.254ms
[0.326s][info][gc] GC(8) Pause Young (Concurrent Start) (G1 Humongous Allocation) 34M->34M(62M) 4.952ms
[0.326s][info][gc] GC(9) Concurrent Mark Cycle
[0.331s][info][gc] GC(9) Pause Remark 35M->35M(64M) 0.606ms
[0.332s][info][gc] GC(9) Pause Cleanup 35M->35M(64M) 0.039ms
[0.332s][info][gc] GC(9) Concurrent Mark Cycle 6.217ms
[0.338s][info][gc] GC(10) Pause Young (Concurrent Start) (G1 Humongous Allocation) 35M->35M(64M) 1.292ms
[0.338s][info][gc] GC(11) Concurrent Mark Cycle
[0.344s][info][gc] GC(11) Pause Remark 37M->37M(67M) 0.702ms
[0.346s][info][gc] GC(11) Pause Cleanup 37M->37M(67M) 0.098ms
[0.346s][info][gc] GC(11) Concurrent Mark Cycle 7.673ms
[0.715s][info][gc] GC(12) Pause Young (Normal) (G1 Evacuation Pause) 43M->40M(81M) 7.514ms
[1.423s][info][gc] GC(13) Pause Young (Concurrent Start) (G1 Evacuation Pause) 49M->42M(81M) 5.974ms
[1.423s][info][gc] GC(14) Concurrent Mark Cycle
[1.442s][info][gc] GC(14) Pause Remark 42M->42M(81M) 0.922ms
[1.444s][info][gc] GC(14) Pause Cleanup 42M->42M(81M) 0.077ms
[1.445s][info][gc] GC(14) Concurrent Mark Cycle 21.534ms
[1.793s][info][gc] GC(15) Pause Young (Normal) (G1 Evacuation Pause) 51M->42M(81M) 4.197ms
[2.427s][info][gc] GC(16) Pause Young (Concurrent Start) (G1 Evacuation Pause) 53M->44M(81M) 8.144ms
[2.427s][info][gc] GC(17) Concurrent Mark Cycle
[2.468s][info][gc] GC(17) Pause Remark 44M->44M(81M) 1.007ms
[2.470s][info][gc] GC(17) Pause Cleanup 44M->44M(81M) 0.053ms
[2.470s][info][gc] GC(17) Concurrent Mark Cycle 43.185ms
[3.004s][info][gc] GC(18) Pause Young (Normal) (G1 Evacuation Pause) 55M->44M(81M) 4.232ms
[3.096s][info][gc] GC(19) Pause Young (Concurrent Start) (G1 Humongous Allocation) 47M->44M(81M) 2.055ms
[3.096s][info][gc] GC(20) Concurrent Mark Cycle
[3.113s][info][gc] GC(20) Pause Remark 57M->57M(100M) 1.822ms
[3.124s][info][gc] GC(20) Pause Cleanup 57M->57M(100M) 0.140ms
[3.166s][info][gc] GC(20) Concurrent Mark Cycle 69.766ms
[3.171s][info][gc] GC(21) Pause Young (Concurrent Start) (G1 Humongous Allocation) 57M->57M(100M) 2.928ms
[3.172s][info][gc] GC(22) Concurrent Mark Cycle
[3.189s][info][gc] GC(22) Pause Remark 60M->60M(105M) 2.641ms
[3.195s][info][gc] GC(22) Pause Cleanup 60M->60M(105M) 0.051ms
[3.195s][info][gc] GC(22) Concurrent Mark Cycle 23.646ms
[3.311s][info][gc] GC(23) Pause Young (Normal) (G1 Evacuation Pause) 77M->60M(105M) 2.291ms
[3.394s][info][gc] GC(24) Pause Young (Concurrent Start) (G1 Evacuation Pause) 80M->60M(126M) 2.952ms
[3.394s][info][gc] GC(25) Concurrent Mark Cycle
[3.409s][info][gc] GC(25) Pause Remark 67M->67M(126M) 1.389ms
[3.414s][info][gc] GC(25) Pause Cleanup 69M->69M(126M) 0.063ms
[3.414s][info][gc] GC(25) Concurrent Mark Cycle 20.039ms
[3.892s][info][gc] GC(26) Pause Young (Concurrent Start) (Metadata GC Threshold) 93M->45M(126M) 3.906ms
[3.892s][info][gc] GC(27) Concurrent Mark Cycle
[3.910s][info][gc] GC(27) Pause Remark 46M->46M(126M) 1.833ms
[3.914s][info][gc] GC(27) Pause Cleanup 46M->46M(126M) 0.099ms
[3.915s][info][gc] GC(27) Concurrent Mark Cycle 22.988ms
[4.071s][info][gc] GC(28) Pause Young (Concurrent Start) (G1 Humongous Allocation) 57M->45M(126M) 4.090ms
[4.071s][info][gc] GC(29) Concurrent Undo Cycle
[4.071s][info][gc] GC(29) Concurrent Undo Cycle 0.335ms
[4.084s][info][gc] GC(30) Pause Young (Concurrent Start) (G1 Humongous Allocation) 58M->58M(126M) 2.879ms
[4.084s][info][gc] GC(31) Concurrent Mark Cycle
[4.117s][info][gc] GC(31) Pause Remark 60M->60M(126M) 2.552ms
[4.131s][info][gc] GC(31) Pause Cleanup 62M->62M(126M) 0.081ms
[4.131s][info][gc] GC(31) Concurrent Mark Cycle 47.040ms
[4.177s][info][gc] GC(32) Pause Young (Concurrent Start) (G1 Humongous Allocation) 67M->60M(126M) 8.299ms
[4.177s][info][gc] GC(33) Concurrent Mark Cycle
[4.204s][info][gc] GC(33) Pause Remark 70M->70M(126M) 2.045ms
[4.220s][info][gc] GC(33) Pause Cleanup 80M->80M(126M) 0.089ms
[4.221s][info][gc] GC(33) Concurrent Mark Cycle 43.957ms
[4.293s][info][gc] GC(34) Pause Young (Normal) (G1 Evacuation Pause) 100M->62M(126M) 4.738ms
[4.338s][info][gc] GC(35) Pause Young (Concurrent Start) (G1 Humongous Allocation) 71M->62M(126M) 2.658ms
[4.338s][info][gc] GC(36) Concurrent Mark Cycle
[4.372s][info][gc] GC(36) Pause Remark 66M->66M(126M) 4.335ms
[4.383s][info][gc] GC(36) Pause Cleanup 67M->67M(126M) 0.954ms
[4.385s][info][gc] GC(36) Concurrent Mark Cycle 46.404ms
[4.401s][info][gc] GC(37) Pause Young (Concurrent Start) (G1 Humongous Allocation) 74M->62M(126M) 3.624ms
[4.401s][info][gc] GC(38) Concurrent Mark Cycle
[4.420s][info][gc] GC(38) Pause Remark 72M->72M(126M) 1.602ms
[4.424s][info][gc] GC(38) Pause Cleanup 73M->73M(126M) 0.073ms
[4.425s][info][gc] GC(38) Concurrent Mark Cycle 23.393ms
[4.493s][info][gc] GC(39) Pause Young (Concurrent Start) (G1 Humongous Allocation) 95M->66M(126M) 2.909ms
[4.493s][info][gc] GC(40) Concurrent Mark Cycle
[4.505s][info][gc] GC(40) Pause Remark 73M->73M(129M) 2.046ms
[4.509s][info][gc] GC(40) Pause Cleanup 73M->73M(129M) 0.105ms
[4.510s][info][gc] GC(40) Concurrent Mark Cycle 16.891ms
[4.594s][info][gc] GC(41) Pause Young (Normal) (G1 Evacuation Pause) 108M->73M(166M) 3.843ms
[4.667s][info][gc] GC(42) Pause Young (Concurrent Start) (G1 Humongous Allocation) 96M->73M(166M) 31.107ms
[4.667s][info][gc] GC(43) Concurrent Undo Cycle
[4.669s][info][gc] GC(43) Concurrent Undo Cycle 1.959ms
[4.691s][info][gc] GC(44) Pause Young (Concurrent Start) (G1 Humongous Allocation) 80M->80M(166M) 4.557ms
[4.693s][info][gc] GC(45) Concurrent Mark Cycle
[4.730s][info][gc] GC(45) Pause Remark 90M->90M(166M) 5.799ms
[4.770s][info][gc] GC(45) Pause Cleanup 93M->93M(166M) 0.097ms
[4.771s][info][gc] GC(45) Concurrent Mark Cycle 78.168ms
[4.788s][info][gc] GC(46) Pause Young (Concurrent Start) (G1 Humongous Allocation) 107M->73M(166M) 1.912ms
[4.788s][info][gc] GC(47) Concurrent Undo Cycle
[4.789s][info][gc] GC(47) Concurrent Undo Cycle 0.535ms
[4.794s][info][gc] GC(48) Pause Young (Concurrent Start) (G1 Humongous Allocation) 80M->80M(166M) 1.420ms
[4.794s][info][gc] GC(49) Concurrent Mark Cycle
[4.808s][info][gc] GC(49) Pause Remark 81M->81M(166M) 1.599ms
[4.815s][info][gc] GC(49) Pause Cleanup 81M->81M(166M) 0.053ms
[4.815s][info][gc] GC(49) Concurrent Mark Cycle 20.814ms
