[0.007s][info][gc] Using G1
[0.296s][info][gc] GC(0) Pause Young (Normal) (G1 Evacuation Pause) 47M->41M(252M) 3.970ms
[0.505s][info][gc] GC(1) Pause Young (Normal) (G1 Evacuation Pause) 51M->42M(252M) 2.582ms
[1.146s][info][gc] GC(2) Pause Young (Normal) (G1 Evacuation Pause) 68M->44M(252M) 3.476ms
[1.519s][info][gc] GC(3) Pause Young (Concurrent Start) (Metadata GC Threshold) 133M->45M(252M) 4.146ms
[1.519s][info][gc] GC(4) Concurrent Mark Cycle
[1.526s][info][gc] GC(4) Pause Remark 46M->46M(160M) 1.531ms
[1.528s][info][gc] GC(4) Pause Cleanup 46M->46M(160M) 0.088ms
[1.529s][info][gc] GC(4) Concurrent Mark Cycle 9.494ms
[1.724s][info][gc] GC(5) Pause Young (Concurrent Start) (G1 Humongous Allocation) 143M->66M(160M) 4.648ms
[1.724s][info][gc] GC(6) Concurrent Undo Cycle
[1.724s][info][gc] GC(6) Concurrent Undo Cycle 0.488ms
[1.752s][info][gc] GC(7) Pause Young (Concurrent Start) (G1 Humongous Allocation) 95M->66M(160M) 5.486ms
[1.752s][info][gc] GC(8) Concurrent Undo Cycle
[1.753s][info][gc] GC(8) Concurrent Undo Cycle 1.007ms
[1.804s][info][gc] GC(9) Pause Young (Concurrent Start) (G1 Humongous Allocation) 131M->73M(160M) 4.755ms
[1.804s][info][gc] GC(10) Concurrent Undo Cycle
[1.804s][info][gc] GC(10) Concurrent Undo Cycle 0.390ms
[1.813s][info][gc] GC(11) Pause Young (Concurrent Start) (G1 Humongous Allocation) 80M->80M(160M) 5.579ms
[1.813s][info][gc] GC(12) Concurrent Mark Cycle
[1.824s][info][gc] GC(12) Pause Remark 82M->82M(160M) 2.046ms
[1.826s][info][gc] GC(12) Pause Cleanup 82M->82M(160M) 0.129ms
[1.827s][info][gc] GC(12) Concurrent Mark Cycle 13.909ms
[1.846s][info][gc] GC(13) Pause Young (Concurrent Start) (G1 Humongous Allocation) 107M->73M(305M) 5.224ms
[1.846s][info][gc] GC(14) Concurrent Undo Cycle
[1.848s][info][gc] GC(14) Concurrent Undo Cycle 2.552ms
