[2026-02-10T15:33:27.749+0000][0.004s] Using G1
[2026-02-10T15:33:27.757+0000][0.012s] Version: 17.0.2+8-86 (release)
[2026-02-10T15:33:27.757+0000][0.012s] CPUs: 8 total, 8 available
[2026-02-10T15:33:27.757+0000][0.012s] Memory: 7793M
[2026-02-10T15:33:27.757+0000][0.012s] Large Page Support: Disabled
[2026-02-10T15:33:27.757+0000][0.012s] NUMA Support: Disabled
[2026-02-10T15:33:27.757+0000][0.012s] Compressed Oops: Enabled (32-bit)
[2026-02-10T15:33:27.757+0000][0.012s] Heap Region Size: 1M
[2026-02-10T15:33:27.757+0000][0.012s] Heap Min Capacity: 8M
[2026-02-10T15:33:27.757+0000][0.012s] Heap Initial Capacity: 122M
[2026-02-10T15:33:27.757+0000][0.012s] Heap Max Capacity: 2G
[2026-02-10T15:33:27.757+0000][0.012s] Pre-touch: Disabled
[2026-02-10T15:33:27.757+0000][0.012s] Parallel Workers: 8
[2026-02-10T15:33:27.757+0000][0.012s] Concurrent Workers: 2
[2026-02-10T15:33:27.757+0000][0.012s] Concurrent Refinement Workers: 8
[2026-02-10T15:33:27.757+0000][0.012s] Periodic GC: Disabled
[2026-02-10T15:33:27.757+0000][0.012s] CDS archive(s) mapped at: [0x0000000800000000-0x0000000800bde000-0x0000000800bde000), size 12443648, SharedBaseAddress: 0x0000000800000000, ArchiveRelocationMode: 0.
[2026-02-10T15:33:27.757+0000][0.012s] Compressed class space mapped at: 0x0000000800c00000-0x0000000840c00000, reserved size: 1073741824
[2026-02-10T15:33:27.757+0000][0.012s] Narrow klass base: 0x0000000800000000, Narrow klass shift: 0, Narrow klass range: 0x100000000
[2026-02-10T15:33:28.881+0000][1.136s] GC(0) Pause Young (Normal) (G1 Evacuation Pause)
[2026-02-10T15:33:28.881+0000][1.136s] GC(0) Using 2 workers of 8 for evacuation
[2026-02-10T15:33:28.892+0000][1.147s] GC(0)   Pre Evacuate Collection Set: 0.1ms
[2026-02-10T15:33:28.892+0000][1.147s] GC(0)   Merge Heap Roots: 0.1ms
[2026-02-10T15:33:28.892+0000][1.147s] GC(0)   Evacuate Collection Set: 10.0ms
[2026-02-10T15:33:28.892+0000][1.147s] GC(0)   Post Evacuate Collection Set: 0.9ms
[2026-02-10T15:33:28.892+0000][1.147s] GC(0)   Other: 0.5ms
[2026-02-10T15:33:28.892+0000][1.147s] GC(0) Eden regions: 23->0(25)
[2026-02-10T15:33:28.892+0000][1.147s] GC(0) Survivor regions: 0->3(3)
[2026-02-10T15:33:28.892+0000][1.147s] GC(0) Old regions: 0->6
[2026-02-10T15:33:28.892+0000][1.147s] GC(0) Archive regions: 2->2
[2026-02-10T15:33:28.892+0000][1.147s] GC(0) Humongous regions: 34->33
[2026-02-10T15:33:28.892+0000][1.147s] GC(0) Metaspace: 4341K(4480K)->4341K(4480K) NonClass: 3833K(3904K)->3833K(3904K) Class: 508K(576K)->508K(576K)
[2026-02-10T15:33:28.892+0000][1.147s] GC(0) Pause Young (Normal) (G1 Evacuation Pause) 57M->42M(124M) 11.749ms
[2026-02-10T15:33:28.892+0000][1.147s] GC(0) User=0.01s Sys=0.01s Real=0.01s
[2026-02-10T15:33:30.394+0000][2.649s] GC(1) Pause Young (Normal) (G1 Evacuation Pause)
[2026-02-10T15:33:30.394+0000][2.649s] GC(1) Using 2 workers of 8 for evacuation
[2026-02-10T15:33:30.406+0000][2.661s] GC(1)   Pre Evacuate Collection Set: 0.4ms
[2026-02-10T15:33:30.406+0000][2.661s] GC(1)   Merge Heap Roots: 0.1ms
[2026-02-10T15:33:30.406+0000][2.661s] GC(1)   Evacuate Collection Set: 9.7ms
[2026-02-10T15:33:30.406+0000][2.661s] GC(1)   Post Evacuate Collection Set: 1.5ms
[2026-02-10T15:33:30.406+0000][2.661s] GC(1)   Other: 0.2ms
[2026-02-10T15:33:30.406+0000][2.661s] GC(1) Eden regions: 25->0(36)
[2026-02-10T15:33:30.406+0000][2.661s] GC(1) Survivor regions: 3->3(4)
[2026-02-10T15:33:30.406+0000][2.661s] GC(1) Old regions: 6->9
[2026-02-10T15:33:30.406+0000][2.661s] GC(1) Archive regions: 2->2
[2026-02-10T15:33:30.406+0000][2.661s] GC(1) Humongous regions: 33->33
[2026-02-10T15:33:30.406+0000][2.661s] GC(1) Metaspace: 11413K(11584K)->11413K(11584K) NonClass: 10101K(10176K)->10101K(10176K) Class: 1311K(1408K)->1311K(1408K)
[2026-02-10T15:33:30.406+0000][2.661s] GC(1) Pause Young (Normal) (G1 Evacuation Pause) 67M->44M(124M) 11.966ms
[2026-02-10T15:33:30.406+0000][2.661s] GC(1) User=0.01s Sys=0.00s Real=0.01s
[2026-02-10T15:33:30.500+0000][2.756s] GC(2) Pause Young (Concurrent Start) (G1 Humongous Allocation)
[2026-02-10T15:33:30.500+0000][2.756s] GC(2) Using 4 workers of 8 for evacuation
[2026-02-10T15:33:30.514+0000][2.769s] GC(2)   Pre Evacuate Collection Set: 0.1ms
[2026-02-10T15:33:30.515+0000][2.770s] GC(2)   Merge Heap Roots: 0.0ms
[2026-02-10T15:33:30.515+0000][2.770s] GC(2)   Evacuate Collection Set: 12.5ms
[2026-02-10T15:33:30.515+0000][2.770s] GC(2)   Post Evacuate Collection Set: 1.2ms
[2026-02-10T15:33:30.515+0000][2.770s] GC(2)   Other: 0.2ms
[2026-02-10T15:33:30.515+0000][2.770s] GC(2) Eden regions: 4->0(42)
[2026-02-10T15:33:30.515+0000][2.770s] GC(2) Survivor regions: 3->3(5)
[2026-02-10T15:33:30.515+0000][2.770s] GC(2) Old regions: 9->9
[2026-02-10T15:33:30.515+0000][2.770s] GC(2) Archive regions: 2->2
[2026-02-10T15:33:30.515+0000][2.770s] GC(2) Humongous regions: 33->33
[2026-02-10T15:33:30.515+0000][2.770s] GC(2) Metaspace: 12820K(12992K)->12820K(12992K) NonClass: 11363K(11456K)->11363K(11456K) Class: 1456K(1536K)->1456K(1536K)
[2026-02-10T15:33:30.515+0000][2.770s] GC(2) Pause Young (Concurrent Start) (G1 Humongous Allocation) 48M->44M(124M) 14.170ms
[2026-02-10T15:33:30.515+0000][2.770s] GC(2) User=0.02s Sys=0.01s Real=0.01s
[2026-02-10T15:33:30.515+0000][2.770s] GC(3) Concurrent Undo Cycle
[2026-02-10T15:33:30.515+0000][2.770s] GC(3) Concurrent Cleanup for Next Mark
[2026-02-10T15:33:30.517+0000][2.772s] GC(3) Concurrent Cleanup for Next Mark 2.155ms
[2026-02-10T15:33:30.517+0000][2.772s] GC(3) Concurrent Undo Cycle 2.336ms
[2026-02-10T15:33:30.541+0000][2.796s] GC(4) Pause Young (Concurrent Start) (G1 Humongous Allocation)
[2026-02-10T15:33:30.541+0000][2.796s] GC(4) Using 4 workers of 8 for evacuation
[2026-02-10T15:33:30.552+0000][2.807s] GC(4)   Pre Evacuate Collection Set: 0.1ms
[2026-02-10T15:33:30.552+0000][2.807s] GC(4)   Merge Heap Roots: 0.1ms
[2026-02-10T15:33:30.552+0000][2.807s] GC(4)   Evacuate Collection Set: 9.6ms
[2026-02-10T15:33:30.552+0000][2.807s] GC(4)   Post Evacuate Collection Set: 0.8ms
[2026-02-10T15:33:30.552+0000][2.807s] GC(4)   Other: 0.3ms
[2026-02-10T15:33:30.552+0000][2.807s] GC(4) Eden regions: 0->0(32)
[2026-02-10T15:33:30.552+0000][2.807s] GC(4) Survivor regions: 3->3(6)
[2026-02-10T15:33:30.552+0000][2.807s] GC(4) Old regions: 9->9
[2026-02-10T15:33:30.552+0000][2.807s] GC(4) Archive regions: 2->2
[2026-02-10T15:33:30.552+0000][2.807s] GC(4) Humongous regions: 46->46
[2026-02-10T15:33:30.552+0000][2.807s] GC(4) Metaspace: 12820K(12992K)->12820K(12992K) NonClass: 11363K(11456K)->11363K(11456K) Class: 1456K(1536K)->1456K(1536K)
[2026-02-10T15:33:30.552+0000][2.807s] GC(4) Pause Young (Concurrent Start) (G1 Humongous Allocation) 57M->57M(124M) 11.009ms
[2026-02-10T15:33:30.552+0000][2.807s] GC(4) User=0.01s Sys=0.00s Real=0.01s
[2026-02-10T15:33:30.552+0000][2.807s] GC(5) Concurrent Mark Cycle
[2026-02-10T15:33:30.552+0000][2.807s] GC(5) Concurrent Clear Claimed Marks
[2026-02-10T15:33:30.552+0000][2.807s] GC(5) Concurrent Clear Claimed Marks 0.019ms
[2026-02-10T15:33:30.552+0000][2.807s] GC(5) Concurrent Scan Root Regions
[2026-02-10T15:33:30.557+0000][2.812s] GC(5) Concurrent Scan Root Regions 4.725ms
[2026-02-10T15:33:30.557+0000][2.812s] GC(5) Concurrent Mark
[2026-02-10T15:33:30.557+0000][2.812s] GC(5) Concurrent Mark From Roots
[2026-02-10T15:33:30.557+0000][2.812s] GC(5) Using 2 workers of 2 for marking
[2026-02-10T15:33:30.565+0000][2.820s] GC(5) Concurrent Mark From Roots 8.461ms
[2026-02-10T15:33:30.565+0000][2.820s] GC(5) Concurrent Preclean
[2026-02-10T15:33:30.566+0000][2.821s] GC(5) Concurrent Preclean 0.137ms
[2026-02-10T15:33:30.566+0000][2.821s] GC(5) Pause Remark
[2026-02-10T15:33:30.571+0000][2.826s] GC(5) Pause Remark 60M->60M(124M) 5.337ms
[2026-02-10T15:33:30.571+0000][2.826s] GC(5) User=0.01s Sys=0.00s Real=0.01s
[2026-02-10T15:33:30.572+0000][2.827s] GC(5) Concurrent Mark 15.144ms
[2026-02-10T15:33:30.572+0000][2.827s] GC(5) Concurrent Rebuild Remembered Sets
[2026-02-10T15:33:30.573+0000][2.828s] GC(5) Concurrent Rebuild Remembered Sets 1.342ms
[2026-02-10T15:33:30.574+0000][2.829s] GC(5) Pause Cleanup
[2026-02-10T15:33:30.574+0000][2.829s] GC(5) Pause Cleanup 60M->60M(124M) 0.110ms
[2026-02-10T15:33:30.574+0000][2.829s] GC(5) User=0.00s Sys=0.00s Real=0.00s
[2026-02-10T15:33:30.574+0000][2.829s] GC(5) Concurrent Cleanup for Next Mark
[2026-02-10T15:33:30.575+0000][2.830s] GC(5) Concurrent Cleanup for Next Mark 1.177ms
[2026-02-10T15:33:30.575+0000][2.830s] GC(5) Concurrent Mark Cycle 22.896ms
[2026-02-10T15:33:30.754+0000][3.010s] GC(6) Pause Young (Prepare Mixed) (G1 Evacuation Pause)
[2026-02-10T15:33:30.755+0000][3.010s] GC(6) Using 4 workers of 8 for evacuation
[2026-02-10T15:33:30.769+0000][3.024s] GC(6)   Pre Evacuate Collection Set: 0.1ms
[2026-02-10T15:33:30.769+0000][3.024s] GC(6)   Merge Heap Roots: 0.1ms
[2026-02-10T15:33:30.769+0000][3.024s] GC(6)   Evacuate Collection Set: 13.8ms
[2026-02-10T15:33:30.769+0000][3.024s] GC(6)   Post Evacuate Collection Set: 0.6ms
[2026-02-10T15:33:30.769+0000][3.024s] GC(6)   Other: 0.2ms
[2026-02-10T15:33:30.769+0000][3.024s] GC(6) Eden regions: 32->0(3)
[2026-02-10T15:33:30.769+0000][3.024s] GC(6) Survivor regions: 3->3(5)
[2026-02-10T15:33:30.769+0000][3.024s] GC(6) Old regions: 9->9
[2026-02-10T15:33:30.769+0000][3.024s] GC(6) Archive regions: 2->2
[2026-02-10T15:33:30.769+0000][3.024s] GC(6) Humongous regions: 48->48
[2026-02-10T15:33:30.769+0000][3.024s] GC(6) Metaspace: 12822K(12992K)->12822K(12992K) NonClass: 11366K(11456K)->11366K(11456K) Class: 1456K(1536K)->1456K(1536K)
[2026-02-10T15:33:30.769+0000][3.024s] GC(6) Pause Young (Prepare Mixed) (G1 Evacuation Pause) 91M->60M(124M) 14.898ms
[2026-02-10T15:33:30.769+0000][3.024s] GC(6) User=0.03s Sys=0.00s Real=0.02s
[2026-02-10T15:33:30.773+0000][3.028s] GC(7) Pause Young (Mixed) (G1 Evacuation Pause)
[2026-02-10T15:33:30.773+0000][3.028s] GC(7) Using 4 workers of 8 for evacuation
[2026-02-10T15:33:30.793+0000][3.048s] GC(7)   Pre Evacuate Collection Set: 0.1ms
[2026-02-10T15:33:30.793+0000][3.048s] GC(7)   Merge Heap Roots: 0.1ms
[2026-02-10T15:33:30.793+0000][3.048s] GC(7)   Evacuate Collection Set: 19.7ms
[2026-02-10T15:33:30.793+0000][3.048s] GC(7)   Post Evacuate Collection Set: 0.3ms
[2026-02-10T15:33:30.793+0000][3.049s] GC(7)   Other: 0.2ms
[2026-02-10T15:33:30.793+0000][3.049s] GC(7) Eden regions: 3->0(33)
[2026-02-10T15:33:30.793+0000][3.049s] GC(7) Survivor regions: 3->1(1)
[2026-02-10T15:33:30.793+0000][3.049s] GC(7) Old regions: 9->11
[2026-02-10T15:33:30.793+0000][3.049s] GC(7) Archive regions: 2->2
[2026-02-10T15:33:30.793+0000][3.049s] GC(7) Humongous regions: 48->48
[2026-02-10T15:33:30.793+0000][3.049s] GC(7) Metaspace: 12822K(12992K)->12822K(12992K) NonClass: 11366K(11456K)->11366K(11456K) Class: 1456K(1536K)->1456K(1536K)
[2026-02-10T15:33:30.793+0000][3.049s] GC(7) Pause Young (Mixed) (G1 Evacuation Pause) 63M->59M(124M) 20.565ms
[2026-02-10T15:33:30.794+0000][3.049s] GC(7) User=0.02s Sys=0.00s Real=0.02s
[2026-02-10T15:33:31.208+0000][3.463s] GC(8) Pause Young (Concurrent Start) (G1 Evacuation Pause)
[2026-02-10T15:33:31.208+0000][3.463s] GC(8) Using 4 workers of 8 for evacuation
[2026-02-10T15:33:31.224+0000][3.479s] GC(8)   Pre Evacuate Collection Set: 0.1ms
[2026-02-10T15:33:31.224+0000][3.479s] GC(8)   Merge Heap Roots: 0.1ms
[2026-02-10T15:33:31.224+0000][3.479s] GC(8)   Evacuate Collection Set: 10.3ms
[2026-02-10T15:33:31.224+0000][3.479s] GC(8)   Post Evacuate Collection Set: 4.8ms
[2026-02-10T15:33:31.224+0000][3.479s] GC(8)   Other: 0.3ms
[2026-02-10T15:33:31.224+0000][3.479s] GC(8) Eden regions: 33->0(218)
[2026-02-10T15:33:31.224+0000][3.479s] GC(8) Survivor regions: 1->1(5)
[2026-02-10T15:33:31.224+0000][3.479s] GC(8) Old regions: 11->11
[2026-02-10T15:33:31.224+0000][3.479s] GC(8) Archive regions: 2->2
[2026-02-10T15:33:31.224+0000][3.479s] GC(8) Humongous regions: 48->33
[2026-02-10T15:33:31.224+0000][3.479s] GC(8) Metaspace: 20113K(20352K)->20113K(20352K) NonClass: 18226K(18368K)->18226K(18368K) Class: 1886K(1984K)->1886K(1984K)
[2026-02-10T15:33:31.224+0000][3.480s] GC(8) Pause Young (Concurrent Start) (G1 Evacuation Pause) 92M->44M(365M) 16.070ms
[2026-02-10T15:33:31.224+0000][3.480s] GC(8) User=0.02s Sys=0.00s Real=0.02s
[2026-02-10T15:33:31.224+0000][3.480s] GC(9) Concurrent Mark Cycle
[2026-02-10T15:33:31.225+0000][3.480s] GC(9) Concurrent Clear Claimed Marks
[2026-02-10T15:33:31.225+0000][3.480s] GC(9) Concurrent Clear Claimed Marks 0.012ms
[2026-02-10T15:33:31.225+0000][3.480s] GC(9) Concurrent Scan Root Regions
[2026-02-10T15:33:31.225+0000][3.480s] GC(9) Concurrent Scan Root Regions 0.720ms
[2026-02-10T15:33:31.225+0000][3.480s] GC(9) Concurrent Mark
[2026-02-10T15:33:31.225+0000][3.480s] GC(9) Concurrent Mark From Roots
[2026-02-10T15:33:31.225+0000][3.480s] GC(9) Using 2 workers of 2 for marking
[2026-02-10T15:33:31.257+0000][3.512s] GC(9) Concurrent Mark From Roots 31.831ms
[2026-02-10T15:33:31.257+0000][3.512s] GC(9) Concurrent Preclean
[2026-02-10T15:33:31.257+0000][3.513s] GC(9) Concurrent Preclean 0.219ms
[2026-02-10T15:33:31.258+0000][3.513s] GC(9) Pause Remark
[2026-02-10T15:33:31.265+0000][3.520s] GC(9) Pause Remark 45M->45M(160M) 6.895ms
[2026-02-10T15:33:31.265+0000][3.520s] GC(9) User=0.01s Sys=0.00s Real=0.00s
[2026-02-10T15:33:31.266+0000][3.521s] GC(9) Concurrent Mark 40.815ms
[2026-02-10T15:33:31.266+0000][3.521s] GC(9) Concurrent Rebuild Remembered Sets
[2026-02-10T15:33:31.281+0000][3.536s] GC(9) Concurrent Rebuild Remembered Sets 14.652ms
[2026-02-10T15:33:31.283+0000][3.538s] GC(9) Pause Cleanup
[2026-02-10T15:33:31.287+0000][3.542s] GC(9) Pause Cleanup 45M->45M(160M) 4.399ms
[2026-02-10T15:33:31.287+0000][3.542s] GC(9) User=0.00s Sys=0.00s Real=0.00s
[2026-02-10T15:33:31.287+0000][3.542s] GC(9) Concurrent Cleanup for Next Mark
[2026-02-10T15:33:31.288+0000][3.544s] GC(9) Concurrent Cleanup for Next Mark 1.253ms
[2026-02-10T15:33:31.289+0000][3.544s] GC(9) Concurrent Mark Cycle 64.105ms
[2026-02-10T15:33:31.935+0000][4.190s] GC(10) Pause Young (Prepare Mixed) (G1 Preventive Collection)
[2026-02-10T15:33:31.935+0000][4.190s] GC(10) Using 4 workers of 8 for evacuation
[2026-02-10T15:33:31.944+0000][4.199s] GC(10)   Pre Evacuate Collection Set: 0.1ms
[2026-02-10T15:33:31.944+0000][4.199s] GC(10)   Merge Heap Roots: 0.1ms
[2026-02-10T15:33:31.944+0000][4.199s] GC(10)   Evacuate Collection Set: 8.2ms
[2026-02-10T15:33:31.944+0000][4.199s] GC(10)   Post Evacuate Collection Set: 0.8ms
[2026-02-10T15:33:31.944+0000][4.199s] GC(10)   Other: 0.2ms
[2026-02-10T15:33:31.944+0000][4.199s] GC(10) Eden regions: 76->0(6)
[2026-02-10T15:33:31.944+0000][4.199s] GC(10) Survivor regions: 1->2(28)
[2026-02-10T15:33:31.944+0000][4.199s] GC(10) Old regions: 11->11
[2026-02-10T15:33:31.944+0000][4.199s] GC(10) Archive regions: 2->2
[2026-02-10T15:33:31.944+0000][4.199s] GC(10) Humongous regions: 64->59
[2026-02-10T15:33:31.944+0000][4.199s] GC(10) Metaspace: 25976K(26240K)->25976K(26240K) NonClass: 23782K(23936K)->23782K(23936K) Class: 2194K(2304K)->2194K(2304K)
[2026-02-10T15:33:31.944+0000][4.199s] GC(10) Pause Young (Prepare Mixed) (G1 Preventive Collection) 151M->71M(160M) 9.496ms
[2026-02-10T15:33:31.944+0000][4.199s] GC(10) User=0.01s Sys=0.00s Real=0.01s
[2026-02-10T15:33:31.974+0000][4.229s] GC(11) Pause Young (Mixed) (G1 Evacuation Pause)
[2026-02-10T15:33:31.974+0000][4.229s] GC(11) Using 4 workers of 8 for evacuation
[2026-02-10T15:33:31.980+0000][4.235s] GC(11)   Pre Evacuate Collection Set: 0.1ms
[2026-02-10T15:33:31.980+0000][4.235s] GC(11)   Merge Heap Roots: 0.1ms
[2026-02-10T15:33:31.980+0000][4.235s] GC(11)   Evacuate Collection Set: 4.8ms
[2026-02-10T15:33:31.980+0000][4.235s] GC(11)   Post Evacuate Collection Set: 0.4ms
[2026-02-10T15:33:31.980+0000][4.235s] GC(11)   Other: 0.2ms
[2026-02-10T15:33:31.980+0000][4.235s] GC(11) Eden regions: 6->0(59)
[2026-02-10T15:33:31.980+0000][4.235s] GC(11) Survivor regions: 2->1(1)
[2026-02-10T15:33:31.980+0000][4.235s] GC(11) Old regions: 11->12
[2026-02-10T15:33:31.980+0000][4.235s] GC(11) Archive regions: 2->2
[2026-02-10T15:33:31.980+0000][4.235s] GC(11) Humongous regions: 60->60
[2026-02-10T15:33:31.980+0000][4.235s] GC(11) Metaspace: 25976K(26240K)->25976K(26240K) NonClass: 23782K(23936K)->23782K(23936K) Class: 2194K(2304K)->2194K(2304K)
[2026-02-10T15:33:31.980+0000][4.235s] GC(11) Pause Young (Mixed) (G1 Evacuation Pause) 78M->73M(160M) 5.691ms
[2026-02-10T15:33:31.980+0000][4.235s] GC(11) User=0.00s Sys=0.00s Real=0.01s
[2026-02-10T15:33:32.029+0000][4.284s] GC(12) Pause Young (Concurrent Start) (G1 Humongous Allocation)
[2026-02-10T15:33:32.029+0000][4.284s] GC(12) Using 4 workers of 8 for evacuation
[2026-02-10T15:33:32.036+0000][4.291s] GC(12)   Pre Evacuate Collection Set: 0.2ms
[2026-02-10T15:33:32.036+0000][4.291s] GC(12)   Merge Heap Roots: 0.1ms
[2026-02-10T15:33:32.036+0000][4.291s] GC(12)   Evacuate Collection Set: 6.2ms
[2026-02-10T15:33:32.036+0000][4.291s] GC(12)   Post Evacuate Collection Set: 0.7ms
[2026-02-10T15:33:32.036+0000][4.291s] GC(12)   Other: 0.3ms
[2026-02-10T15:33:32.036+0000][4.291s] GC(12) Eden regions: 16->0(68)
[2026-02-10T15:33:32.036+0000][4.291s] GC(12) Survivor regions: 1->1(8)
[2026-02-10T15:33:32.036+0000][4.291s] GC(12) Old regions: 12->12
[2026-02-10T15:33:32.036+0000][4.291s] GC(12) Archive regions: 2->2
[2026-02-10T15:33:32.036+0000][4.291s] GC(12) Humongous regions: 60->53
[2026-02-10T15:33:32.036+0000][4.291s] GC(12) Metaspace: 25976K(26240K)->25976K(26240K) NonClass: 23782K(23936K)->23782K(23936K) Class: 2194K(2304K)->2194K(2304K)
[2026-02-10T15:33:32.036+0000][4.291s] GC(12) Pause Young (Concurrent Start) (G1 Humongous Allocation) 89M->65M(160M) 7.546ms
[2026-02-10T15:33:32.036+0000][4.291s] GC(12) User=0.00s Sys=0.00s Real=0.01s
[2026-02-10T15:33:32.036+0000][4.291s] GC(13) Concurrent Undo Cycle
[2026-02-10T15:33:32.041+0000][4.296s] GC(13) Concurrent Cleanup for Next Mark
[2026-02-10T15:33:32.045+0000][4.300s] GC(13) Concurrent Cleanup for Next Mark 4.238ms
[2026-02-10T15:33:32.045+0000][4.300s] GC(13) Concurrent Undo Cycle 9.133ms
[2026-02-10T15:33:32.049+0000][4.304s] GC(14) Pause Young (Concurrent Start) (G1 Humongous Allocation)
[2026-02-10T15:33:32.049+0000][4.304s] GC(14) Using 4 workers of 8 for evacuation
[2026-02-10T15:33:32.056+0000][4.311s] GC(14)   Pre Evacuate Collection Set: 0.2ms
[2026-02-10T15:33:32.056+0000][4.311s] GC(14)   Merge Heap Roots: 3.0ms
[2026-02-10T15:33:32.056+0000][4.311s] GC(14)   Evacuate Collection Set: 1.1ms
[2026-02-10T15:33:32.056+0000][4.311s] GC(14)   Post Evacuate Collection Set: 2.4ms
[2026-02-10T15:33:32.056+0000][4.311s] GC(14)   Other: 0.2ms
[2026-02-10T15:33:32.056+0000][4.311s] GC(14) Eden regions: 0->0(191)
[2026-02-10T15:33:32.056+0000][4.311s] GC(14) Survivor regions: 1->1(9)
[2026-02-10T15:33:32.056+0000][4.311s] GC(14) Old regions: 12->12
[2026-02-10T15:33:32.056+0000][4.311s] GC(14) Archive regions: 2->2
[2026-02-10T15:33:32.056+0000][4.311s] GC(14) Humongous regions: 59->59
[2026-02-10T15:33:32.056+0000][4.311s] GC(14) Metaspace: 25976K(26240K)->25976K(26240K) NonClass: 23782K(23936K)->23782K(23936K) Class: 2194K(2304K)->2194K(2304K)
[2026-02-10T15:33:32.056+0000][4.311s] GC(14) Pause Young (Concurrent Start) (G1 Humongous Allocation) 71M->71M(320M) 7.128ms
[2026-02-10T15:33:32.056+0000][4.311s] GC(14) User=0.00s Sys=0.00s Real=0.00s
[2026-02-10T15:33:32.056+0000][4.311s] GC(15) Concurrent Undo Cycle
[2026-02-10T15:33:32.056+0000][4.311s] GC(15) Concurrent Cleanup for Next Mark
[2026-02-10T15:33:32.066+0000][4.321s] GC(15) Concurrent Cleanup for Next Mark 9.554ms
[2026-02-10T15:33:32.066+0000][4.321s] GC(15) Concurrent Undo Cycle 9.664ms
