[2026-02-09T16:10:31.972+0000][0.003s] Using G1
[2026-02-09T16:10:31.988+0000][0.018s] Version: 17.0.2+8-86 (release)
[2026-02-09T16:10:31.988+0000][0.018s] CPUs: 8 total, 8 available
[2026-02-09T16:10:31.988+0000][0.018s] Memory: 7793M
[2026-02-09T16:10:31.988+0000][0.018s] Large Page Support: Disabled
[2026-02-09T16:10:31.988+0000][0.018s] NUMA Support: Disabled
[2026-02-09T16:10:31.988+0000][0.018s] Compressed Oops: Enabled (Zero based)
[2026-02-09T16:10:31.988+0000][0.018s] Heap Region Size: 4M
[2026-02-09T16:10:31.988+0000][0.018s] Heap Min Capacity: 8G
[2026-02-09T16:10:31.988+0000][0.018s] Heap Initial Capacity: 8G
[2026-02-09T16:10:31.988+0000][0.018s] Heap Max Capacity: 8G
[2026-02-09T16:10:31.988+0000][0.018s] Pre-touch: Disabled
[2026-02-09T16:10:31.988+0000][0.018s] Parallel Workers: 8
[2026-02-09T16:10:31.988+0000][0.018s] Concurrent Workers: 2
[2026-02-09T16:10:31.988+0000][0.018s] Concurrent Refinement Workers: 8
[2026-02-09T16:10:31.988+0000][0.018s] Periodic GC: Disabled
[2026-02-09T16:10:31.988+0000][0.019s] CDS archive(s) mapped at: [0x0000000800000000-0x0000000800bde000-0x0000000800bde000), size 12443648, SharedBaseAddress: 0x0000000800000000, ArchiveRelocationMode: 0.
[2026-02-09T16:10:31.988+0000][0.019s] Compressed class space mapped at: 0x0000000800c00000-0x0000000840c00000, reserved size: 1073741824
[2026-02-09T16:10:31.988+0000][0.019s] Narrow klass base: 0x0000000800000000, Narrow klass shift: 0, Narrow klass range: 0x100000000
[2026-02-09T16:10:35.134+0000][3.165s] GC(0) Pause Young (Concurrent Start) (Metadata GC Threshold)
[2026-02-09T16:10:35.135+0000][3.166s] GC(0) Using 8 workers of 8 for evacuation
[2026-02-09T16:10:35.171+0000][3.202s] GC(0)   Pre Evacuate Collection Set: 0.6ms
[2026-02-09T16:10:35.171+0000][3.202s] GC(0)   Merge Heap Roots: 0.1ms
[2026-02-09T16:10:35.171+0000][3.202s] GC(0)   Evacuate Collection Set: 33.7ms
[2026-02-09T16:10:35.171+0000][3.202s] GC(0)   Post Evacuate Collection Set: 1.2ms
[2026-02-09T16:10:35.171+0000][3.202s] GC(0)   Other: 1.2ms
[2026-02-09T16:10:35.171+0000][3.202s] GC(0) Eden regions: 36->0(89)
[2026-02-09T16:10:35.171+0000][3.202s] GC(0) Survivor regions: 0->13(13)
[2026-02-09T16:10:35.171+0000][3.202s] GC(0) Old regions: 0->0
[2026-02-09T16:10:35.171+0000][3.202s] GC(0) Archive regions: 2->2
[2026-02-09T16:10:35.171+0000][3.202s] GC(0) Humongous regions: 5->5
[2026-02-09T16:10:35.171+0000][3.202s] GC(0) Metaspace: 21334K(21504K)->21334K(21504K) NonClass: 19042K(19136K)->19042K(19136K) Class: 2291K(2368K)->2291K(2368K)
[2026-02-09T16:10:35.171+0000][3.202s] GC(0) Pause Young (Concurrent Start) (Metadata GC Threshold) 165M->74M(8192M) 36.968ms
[2026-02-09T16:10:35.171+0000][3.202s] GC(0) User=0.09s Sys=0.07s Real=0.04s
[2026-02-09T16:10:35.171+0000][3.202s] GC(1) Concurrent Mark Cycle
[2026-02-09T16:10:35.171+0000][3.202s] GC(1) Concurrent Clear Claimed Marks
[2026-02-09T16:10:35.171+0000][3.202s] GC(1) Concurrent Clear Claimed Marks 0.077ms
[2026-02-09T16:10:35.171+0000][3.202s] GC(1) Concurrent Scan Root Regions
[2026-02-09T16:10:35.179+0000][3.210s] GC(1) Concurrent Scan Root Regions 7.613ms
[2026-02-09T16:10:35.179+0000][3.210s] GC(1) Concurrent Mark
[2026-02-09T16:10:35.179+0000][3.210s] GC(1) Concurrent Mark From Roots
[2026-02-09T16:10:35.179+0000][3.210s] GC(1) Using 2 workers of 2 for marking
[2026-02-09T16:10:35.182+0000][3.212s] GC(1) Concurrent Mark From Roots 2.329ms
[2026-02-09T16:10:35.182+0000][3.212s] GC(1) Concurrent Preclean
[2026-02-09T16:10:35.182+0000][3.212s] GC(1) Concurrent Preclean 0.076ms
[2026-02-09T16:10:35.182+0000][3.213s] GC(1) Pause Remark
[2026-02-09T16:10:35.184+0000][3.215s] GC(1) Pause Remark 77M->77M(8192M) 2.371ms
[2026-02-09T16:10:35.184+0000][3.215s] GC(1) User=0.01s Sys=0.00s Real=0.00s
[2026-02-09T16:10:35.184+0000][3.215s] GC(1) Concurrent Mark 5.025ms
[2026-02-09T16:10:35.184+0000][3.215s] GC(1) Concurrent Rebuild Remembered Sets
[2026-02-09T16:10:35.184+0000][3.215s] GC(1) Concurrent Rebuild Remembered Sets 0.011ms
[2026-02-09T16:10:35.184+0000][3.215s] GC(1) Pause Cleanup
[2026-02-09T16:10:35.184+0000][3.215s] GC(1) Pause Cleanup 77M->77M(8192M) 0.015ms
[2026-02-09T16:10:35.184+0000][3.215s] GC(1) User=0.00s Sys=0.00s Real=0.00s
[2026-02-09T16:10:35.184+0000][3.215s] GC(1) Concurrent Cleanup for Next Mark
[2026-02-09T16:10:35.302+0000][3.333s] GC(1) Concurrent Cleanup for Next Mark 117.397ms
[2026-02-09T16:10:35.302+0000][3.333s] GC(1) Concurrent Mark Cycle 130.555ms
[2026-02-09T16:10:39.991+0000][8.022s] GC(2) Pause Young (Concurrent Start) (Metadata GC Threshold)
[2026-02-09T16:10:39.991+0000][8.022s] GC(2) Using 8 workers of 8 for evacuation
[2026-02-09T16:10:40.037+0000][8.068s] GC(2)   Pre Evacuate Collection Set: 0.2ms
[2026-02-09T16:10:40.037+0000][8.068s] GC(2)   Merge Heap Roots: 0.1ms
[2026-02-09T16:10:40.037+0000][8.068s] GC(2)   Evacuate Collection Set: 19.9ms
[2026-02-09T16:10:40.037+0000][8.068s] GC(2)   Post Evacuate Collection Set: 25.7ms
[2026-02-09T16:10:40.037+0000][8.068s] GC(2)   Other: 0.2ms
[2026-02-09T16:10:40.037+0000][8.068s] GC(2) Eden regions: 16->0(100)
[2026-02-09T16:10:40.037+0000][8.068s] GC(2) Survivor regions: 13->2(13)
[2026-02-09T16:10:40.037+0000][8.068s] GC(2) Old regions: 0->13
[2026-02-09T16:10:40.037+0000][8.068s] GC(2) Archive regions: 2->2
[2026-02-09T16:10:40.037+0000][8.068s] GC(2) Humongous regions: 5->5
[2026-02-09T16:10:40.037+0000][8.068s] GC(2) Metaspace: 35791K(35968K)->35791K(35968K) NonClass: 30692K(30784K)->30692K(30784K) Class: 5099K(5184K)->5099K(5184K)
[2026-02-09T16:10:40.047+0000][8.078s] GC(2) Pause Young (Concurrent Start) (Metadata GC Threshold) 136M->78M(8192M) 55.894ms
[2026-02-09T16:10:40.047+0000][8.078s] GC(2) User=0.09s Sys=0.05s Real=0.06s
[2026-02-09T16:10:40.047+0000][8.078s] GC(3) Concurrent Mark Cycle
[2026-02-09T16:10:40.047+0000][8.078s] GC(3) Concurrent Clear Claimed Marks
[2026-02-09T16:10:40.047+0000][8.078s] GC(3) Concurrent Clear Claimed Marks 0.029ms
[2026-02-09T16:10:40.047+0000][8.078s] GC(3) Concurrent Scan Root Regions
[2026-02-09T16:10:40.053+0000][8.083s] GC(3) Concurrent Scan Root Regions 5.694ms
[2026-02-09T16:10:40.053+0000][8.084s] GC(3) Concurrent Mark
[2026-02-09T16:10:40.053+0000][8.084s] GC(3) Concurrent Mark From Roots
[2026-02-09T16:10:40.053+0000][8.084s] GC(3) Using 2 workers of 2 for marking
[2026-02-09T16:10:40.054+0000][8.085s] GC(3) Concurrent Mark From Roots 1.408ms
[2026-02-09T16:10:40.054+0000][8.085s] GC(3) Concurrent Preclean
[2026-02-09T16:10:40.054+0000][8.085s] GC(3) Concurrent Preclean 0.052ms
[2026-02-09T16:10:40.067+0000][8.097s] GC(3) Pause Remark
[2026-02-09T16:10:40.076+0000][8.106s] GC(3) Pause Remark 82M->82M(8192M) 8.926ms
[2026-02-09T16:10:40.076+0000][8.106s] GC(3) User=0.01s Sys=0.00s Real=0.02s
[2026-02-09T16:10:40.076+0000][8.107s] GC(3) Concurrent Mark 22.976ms
[2026-02-09T16:10:40.076+0000][8.107s] GC(3) Concurrent Rebuild Remembered Sets
[2026-02-09T16:10:40.089+0000][8.120s] GC(3) Concurrent Rebuild Remembered Sets 13.162ms
[2026-02-09T16:10:40.094+0000][8.125s] GC(3) Pause Cleanup
[2026-02-09T16:10:40.095+0000][8.126s] GC(3) Pause Cleanup 82M->82M(8192M) 0.548ms
[2026-02-09T16:10:40.095+0000][8.126s] GC(3) User=0.00s Sys=0.00s Real=0.01s
[2026-02-09T16:10:40.095+0000][8.126s] GC(3) Concurrent Cleanup for Next Mark
[2026-02-09T16:10:43.603+0000][11.633s] GC(3) Concurrent Cleanup for Next Mark 3507.389ms
[2026-02-09T16:10:43.603+0000][11.633s] GC(3) Concurrent Mark Cycle 3555.691ms
[2026-02-09T16:10:45.901+0000][13.931s] GC(4) Pause Young (Concurrent Start) (Metadata GC Threshold)
[2026-02-09T16:10:45.901+0000][13.931s] GC(4) Using 8 workers of 8 for evacuation
[2026-02-09T16:10:45.913+0000][13.943s] GC(4)   Pre Evacuate Collection Set: 0.2ms
[2026-02-09T16:10:45.913+0000][13.943s] GC(4)   Merge Heap Roots: 0.1ms
[2026-02-09T16:10:45.913+0000][13.943s] GC(4)   Evacuate Collection Set: 10.8ms
[2026-02-09T16:10:45.913+0000][13.943s] GC(4)   Post Evacuate Collection Set: 0.6ms
[2026-02-09T16:10:45.913+0000][13.943s] GC(4)   Other: 0.2ms
[2026-02-09T16:10:45.913+0000][13.943s] GC(4) Eden regions: 28->0(97)
[2026-02-09T16:10:45.913+0000][13.943s] GC(4) Survivor regions: 2->5(13)
[2026-02-09T16:10:45.913+0000][13.943s] GC(4) Old regions: 13->13
[2026-02-09T16:10:45.913+0000][13.943s] GC(4) Archive regions: 2->2
[2026-02-09T16:10:45.913+0000][13.943s] GC(4) Humongous regions: 5->5
[2026-02-09T16:10:45.913+0000][13.943s] GC(4) Metaspace: 59843K(60096K)->59843K(60096K) NonClass: 52456K(52544K)->52456K(52544K) Class: 7387K(7552K)->7387K(7552K)
[2026-02-09T16:10:45.913+0000][13.943s] GC(4) Pause Young (Concurrent Start) (Metadata GC Threshold) 188M->91M(8192M) 11.989ms
[2026-02-09T16:10:45.913+0000][13.943s] GC(4) User=0.06s Sys=0.00s Real=0.01s
[2026-02-09T16:10:45.913+0000][13.943s] GC(5) Concurrent Mark Cycle
[2026-02-09T16:10:45.913+0000][13.943s] GC(5) Concurrent Clear Claimed Marks
[2026-02-09T16:10:45.913+0000][13.944s] GC(5) Concurrent Clear Claimed Marks 0.034ms
[2026-02-09T16:10:45.913+0000][13.944s] GC(5) Concurrent Scan Root Regions
[2026-02-09T16:10:45.919+0000][13.950s] GC(5) Concurrent Scan Root Regions 6.257ms
[2026-02-09T16:10:45.919+0000][13.950s] GC(5) Concurrent Mark
[2026-02-09T16:10:45.919+0000][13.950s] GC(5) Concurrent Mark From Roots
[2026-02-09T16:10:45.919+0000][13.950s] GC(5) Using 2 workers of 2 for marking
[2026-02-09T16:10:45.937+0000][13.968s] GC(5) Concurrent Mark From Roots 17.768ms
[2026-02-09T16:10:45.937+0000][13.968s] GC(5) Concurrent Preclean
[2026-02-09T16:10:45.937+0000][13.968s] GC(5) Concurrent Preclean 0.204ms
[2026-02-09T16:10:45.937+0000][13.968s] GC(5) Pause Remark
[2026-02-09T16:10:45.939+0000][13.970s] GC(5) Pause Remark 95M->95M(8192M) 2.218ms
[2026-02-09T16:10:45.939+0000][13.970s] GC(5) User=0.01s Sys=0.00s Real=0.00s
[2026-02-09T16:10:45.940+0000][13.970s] GC(5) Concurrent Mark 20.465ms
[2026-02-09T16:10:45.940+0000][13.970s] GC(5) Concurrent Rebuild Remembered Sets
[2026-02-09T16:10:45.949+0000][13.980s] GC(5) Concurrent Rebuild Remembered Sets 9.164ms
[2026-02-09T16:10:45.949+0000][13.980s] GC(5) Pause Cleanup
[2026-02-09T16:10:45.949+0000][13.980s] GC(5) Pause Cleanup 95M->95M(8192M) 0.250ms
[2026-02-09T16:10:45.949+0000][13.980s] GC(5) User=0.01s Sys=0.00s Real=0.00s
[2026-02-09T16:10:45.949+0000][13.980s] GC(5) Concurrent Cleanup for Next Mark
[2026-02-09T16:10:45.969+0000][14.000s] GC(5) Concurrent Cleanup for Next Mark 20.159ms
[2026-02-09T16:10:45.969+0000][14.000s] GC(5) Concurrent Mark Cycle 56.808ms
[2026-02-09T16:10:48.716+0000][16.747s] GC(6) Pause Young (Concurrent Start) (Metadata GC Threshold)
[2026-02-09T16:10:48.716+0000][16.747s] GC(6) Using 8 workers of 8 for evacuation
[2026-02-09T16:10:48.773+0000][16.804s] GC(6)   Pre Evacuate Collection Set: 0.3ms
[2026-02-09T16:10:48.773+0000][16.804s] GC(6)   Merge Heap Roots: 0.1ms
[2026-02-09T16:10:48.773+0000][16.804s] GC(6)   Evacuate Collection Set: 55.3ms
[2026-02-09T16:10:48.773+0000][16.804s] GC(6)   Post Evacuate Collection Set: 1.2ms
[2026-02-09T16:10:48.773+0000][16.804s] GC(6)   Other: 0.3ms
[2026-02-09T16:10:48.773+0000][16.804s] GC(6) Eden regions: 90->0(91)
[2026-02-09T16:10:48.773+0000][16.804s] GC(6) Survivor regions: 5->11(13)
[2026-02-09T16:10:48.773+0000][16.804s] GC(6) Old regions: 13->13
[2026-02-09T16:10:48.773+0000][16.804s] GC(6) Archive regions: 2->2
[2026-02-09T16:10:48.773+0000][16.804s] GC(6) Humongous regions: 5->5
[2026-02-09T16:10:48.773+0000][16.804s] GC(6) Metaspace: 100265K(100608K)->100265K(100608K) NonClass: 86276K(86464K)->86276K(86464K) Class: 13989K(14144K)->13989K(14144K)
[2026-02-09T16:10:48.773+0000][16.804s] GC(6) Pause Young (Concurrent Start) (Metadata GC Threshold) 451M->115M(8192M) 57.380ms
[2026-02-09T16:10:48.774+0000][16.804s] GC(6) User=0.15s Sys=0.07s Real=0.05s
[2026-02-09T16:10:48.774+0000][16.804s] GC(7) Concurrent Mark Cycle
[2026-02-09T16:10:48.774+0000][16.804s] GC(7) Concurrent Clear Claimed Marks
[2026-02-09T16:10:48.774+0000][16.804s] GC(7) Concurrent Clear Claimed Marks 0.069ms
[2026-02-09T16:10:48.774+0000][16.804s] GC(7) Concurrent Scan Root Regions
[2026-02-09T16:10:48.794+0000][16.825s] GC(7) Concurrent Scan Root Regions 20.477ms
[2026-02-09T16:10:48.794+0000][16.825s] GC(7) Concurrent Mark
[2026-02-09T16:10:48.794+0000][16.825s] GC(7) Concurrent Mark From Roots
[2026-02-09T16:10:48.794+0000][16.825s] GC(7) Using 2 workers of 2 for marking
[2026-02-09T16:10:48.810+0000][16.841s] GC(7) Concurrent Mark From Roots 15.612ms
[2026-02-09T16:10:48.810+0000][16.841s] GC(7) Concurrent Preclean
[2026-02-09T16:10:48.811+0000][16.842s] GC(7) Concurrent Preclean 0.678ms
[2026-02-09T16:10:48.812+0000][16.842s] GC(7) Pause Remark
[2026-02-09T16:10:48.815+0000][16.846s] GC(7) Pause Remark 161M->161M(8192M) 3.874ms
[2026-02-09T16:10:48.816+0000][16.846s] GC(7) User=0.02s Sys=0.00s Real=0.01s
[2026-02-09T16:10:48.816+0000][16.847s] GC(7) Concurrent Mark 21.628ms
[2026-02-09T16:10:48.816+0000][16.847s] GC(7) Concurrent Rebuild Remembered Sets
[2026-02-09T16:10:48.821+0000][16.852s] GC(7) Concurrent Rebuild Remembered Sets 5.351ms
[2026-02-09T16:10:48.827+0000][16.858s] GC(7) Pause Cleanup
[2026-02-09T16:10:48.827+0000][16.858s] GC(7) Pause Cleanup 161M->161M(8192M) 0.693ms
[2026-02-09T16:10:48.828+0000][16.858s] GC(7) User=0.00s Sys=0.00s Real=0.01s
[2026-02-09T16:10:48.828+0000][16.859s] GC(7) Concurrent Cleanup for Next Mark
[2026-02-09T16:10:48.854+0000][16.885s] GC(7) Concurrent Cleanup for Next Mark 26.471ms
[2026-02-09T16:10:48.855+0000][16.885s] GC(7) Concurrent Mark Cycle 81.014ms
[2026-02-09T16:11:47.510+0000][75.541s] GC(8) Pause Young (Concurrent Start) (G1 Evacuation Pause)
[2026-02-09T16:11:47.510+0000][75.541s] GC(8) Using 8 workers of 8 for evacuation
[2026-02-09T16:11:47.579+0000][75.610s] GC(8)   Pre Evacuate Collection Set: 0.5ms
[2026-02-09T16:11:47.579+0000][75.610s] GC(8)   Merge Heap Roots: 0.1ms
[2026-02-09T16:11:47.579+0000][75.610s] GC(8)   Evacuate Collection Set: 56.7ms
[2026-02-09T16:11:47.579+0000][75.610s] GC(8)   Post Evacuate Collection Set: 11.3ms
[2026-02-09T16:11:47.579+0000][75.610s] GC(8)   Other: 0.5ms
[2026-02-09T16:11:47.579+0000][75.610s] GC(8) Eden regions: 91->0(91)
[2026-02-09T16:11:47.579+0000][75.610s] GC(8) Survivor regions: 11->11(13)
[2026-02-09T16:11:47.579+0000][75.610s] GC(8) Old regions: 13->17
[2026-02-09T16:11:47.579+0000][75.610s] GC(8) Archive regions: 2->2
[2026-02-09T16:11:47.579+0000][75.610s] GC(8) Humongous regions: 44->5
[2026-02-09T16:11:47.579+0000][75.610s] GC(8) Metaspace: 142773K(143360K)->142773K(143360K) NonClass: 121926K(122240K)->121926K(122240K) Class: 20847K(21120K)->20847K(21120K)
[2026-02-09T16:11:47.579+0000][75.610s] GC(8) Pause Young (Concurrent Start) (G1 Evacuation Pause) 635M->131M(8192M) 69.210ms
[2026-02-09T16:11:47.579+0000][75.610s] GC(8) User=0.29s Sys=0.09s Real=0.07s
[2026-02-09T16:11:47.579+0000][75.610s] GC(9) Concurrent Mark Cycle
[2026-02-09T16:11:47.579+0000][75.610s] GC(9) Concurrent Clear Claimed Marks
[2026-02-09T16:11:47.579+0000][75.610s] GC(9) Concurrent Clear Claimed Marks 0.150ms
[2026-02-09T16:11:47.579+0000][75.610s] GC(9) Concurrent Scan Root Regions
[2026-02-09T16:11:47.609+0000][75.640s] GC(9) Concurrent Scan Root Regions 29.894ms
[2026-02-09T16:11:47.609+0000][75.640s] GC(9) Concurrent Mark
[2026-02-09T16:11:47.609+0000][75.640s] GC(9) Concurrent Mark From Roots
[2026-02-09T16:11:47.609+0000][75.640s] GC(9) Using 2 workers of 2 for marking
[2026-02-09T16:11:47.625+0000][75.655s] GC(9) Concurrent Mark From Roots 15.126ms
[2026-02-09T16:11:47.625+0000][75.656s] GC(9) Concurrent Preclean
[2026-02-09T16:11:47.626+0000][75.656s] GC(9) Concurrent Preclean 0.604ms
[2026-02-09T16:11:47.626+0000][75.656s] GC(9) Pause Remark
[2026-02-09T16:11:47.631+0000][75.661s] GC(9) Pause Remark 164M->164M(8192M) 4.928ms
[2026-02-09T16:11:47.631+0000][75.661s] GC(9) User=0.03s Sys=0.00s Real=0.01s
[2026-02-09T16:11:47.634+0000][75.664s] GC(9) Concurrent Mark 24.235ms
[2026-02-09T16:11:47.634+0000][75.665s] GC(9) Concurrent Rebuild Remembered Sets
[2026-02-09T16:11:47.658+0000][75.688s] GC(9) Concurrent Rebuild Remembered Sets 23.917ms
[2026-02-09T16:11:47.659+0000][75.689s] GC(9) Pause Cleanup
[2026-02-09T16:11:47.659+0000][75.690s] GC(9) Pause Cleanup 164M->164M(8192M) 0.752ms
[2026-02-09T16:11:47.659+0000][75.690s] GC(9) User=0.00s Sys=0.00s Real=0.00s
[2026-02-09T16:11:47.660+0000][75.691s] GC(9) Concurrent Cleanup for Next Mark
[2026-02-09T16:11:47.684+0000][75.715s] GC(9) Concurrent Cleanup for Next Mark 24.519ms
[2026-02-09T16:11:47.684+0000][75.715s] GC(9) Concurrent Mark Cycle 105.200ms
[2026-02-09T16:25:38.325+0000][906.356s] GC(10) Pause Young (Normal) (G1 Evacuation Pause)
[2026-02-09T16:25:38.326+0000][906.357s] GC(10) Using 8 workers of 8 for evacuation
[2026-02-09T16:25:38.360+0000][906.391s] GC(10)   Pre Evacuate Collection Set: 1.0ms
[2026-02-09T16:25:38.360+0000][906.391s] GC(10)   Merge Heap Roots: 0.2ms
[2026-02-09T16:25:38.360+0000][906.391s] GC(10)   Evacuate Collection Set: 29.9ms
[2026-02-09T16:25:38.360+0000][906.391s] GC(10)   Post Evacuate Collection Set: 2.6ms
[2026-02-09T16:25:38.360+0000][906.391s] GC(10)   Other: 1.8ms
[2026-02-09T16:25:38.360+0000][906.391s] GC(10) Eden regions: 91->0(515)
[2026-02-09T16:25:38.360+0000][906.391s] GC(10) Survivor regions: 11->5(13)
[2026-02-09T16:25:38.360+0000][906.391s] GC(10) Old regions: 17->23
[2026-02-09T16:25:38.360+0000][906.391s] GC(10) Archive regions: 2->2
[2026-02-09T16:25:38.360+0000][906.391s] GC(10) Humongous regions: 10->5
[2026-02-09T16:25:38.360+0000][906.391s] GC(10) Metaspace: 143682K(144320K)->143682K(144320K) NonClass: 122801K(123136K)->122801K(123136K) Class: 20880K(21184K)->20880K(21184K)
[2026-02-09T16:25:38.360+0000][906.391s] GC(10) Pause Young (Normal) (G1 Evacuation Pause) 515M->131M(8192M) 35.234ms
[2026-02-09T16:25:38.360+0000][906.391s] GC(10) User=0.20s Sys=0.00s Real=0.04s
[2026-02-09T21:31:42.670+0000][6099.862s] GC(11) Pause Young (Normal) (G1 Evacuation Pause)
[2026-02-09T21:31:42.673+0000][6099.865s] GC(11) Using 8 workers of 8 for evacuation
[2026-02-09T21:31:42.893+0000][6100.085s] GC(11) MMU target violated: 201.0ms (200.0ms/201.0ms)
[2026-02-09T21:31:42.893+0000][6100.085s] GC(11)   Pre Evacuate Collection Set: 40.2ms
[2026-02-09T21:31:42.893+0000][6100.085s] GC(11)   Merge Heap Roots: 13.2ms
[2026-02-09T21:31:42.893+0000][6100.085s] GC(11)   Evacuate Collection Set: 146.8ms
[2026-02-09T21:31:42.893+0000][6100.085s] GC(11)   Post Evacuate Collection Set: 15.1ms
[2026-02-09T21:31:42.893+0000][6100.085s] GC(11)   Other: 12.0ms
[2026-02-09T21:31:42.893+0000][6100.085s] GC(11) Eden regions: 515->0(97)
[2026-02-09T21:31:42.893+0000][6100.085s] GC(11) Survivor regions: 5->5(65)
[2026-02-09T21:31:42.893+0000][6100.085s] GC(11) Old regions: 23->23
[2026-02-09T21:31:42.893+0000][6100.085s] GC(11) Archive regions: 2->2
[2026-02-09T21:31:42.893+0000][6100.085s] GC(11) Humongous regions: 13->5
[2026-02-09T21:31:42.894+0000][6100.086s] GC(11) Metaspace: 145478K(146112K)->145478K(146112K) NonClass: 124517K(124864K)->124517K(124864K) Class: 20961K(21248K)->20961K(21248K)
[2026-02-09T21:31:42.894+0000][6100.086s] GC(11) Pause Young (Normal) (G1 Evacuation Pause) 2223M->132M(8192M) 224.455ms
[2026-02-09T21:31:42.894+0000][6100.086s] GC(11) User=0.20s Sys=0.20s Real=0.23s
[2026-02-09T21:48:44.739+0000][7121.931s] GC(12) Pause Young (Normal) (G1 Evacuation Pause)
[2026-02-09T21:48:44.740+0000][7121.932s] GC(12) Using 8 workers of 8 for evacuation
[2026-02-09T21:48:44.802+0000][7121.994s] GC(12)   Pre Evacuate Collection Set: 9.5ms
[2026-02-09T21:48:44.802+0000][7121.994s] GC(12)   Merge Heap Roots: 8.0ms
[2026-02-09T21:48:44.802+0000][7121.994s] GC(12)   Evacuate Collection Set: 37.6ms
[2026-02-09T21:48:44.802+0000][7121.994s] GC(12)   Post Evacuate Collection Set: 6.9ms
[2026-02-09T21:48:44.802+0000][7121.994s] GC(12)   Other: 2.8ms
[2026-02-09T21:48:44.802+0000][7121.994s] GC(12) Eden regions: 97->0(870)
[2026-02-09T21:48:44.802+0000][7121.994s] GC(12) Survivor regions: 5->5(13)
[2026-02-09T21:48:44.802+0000][7121.994s] GC(12) Old regions: 23->23
[2026-02-09T21:48:44.802+0000][7121.994s] GC(12) Archive regions: 2->2
[2026-02-09T21:48:44.802+0000][7121.994s] GC(12) Humongous regions: 5->5
[2026-02-09T21:48:44.802+0000][7121.994s] GC(12) Metaspace: 145538K(146112K)->145538K(146112K) NonClass: 124575K(124864K)->124575K(124864K) Class: 20962K(21248K)->20962K(21248K)
[2026-02-09T21:48:44.802+0000][7121.994s] GC(12) Pause Young (Normal) (G1 Evacuation Pause) 520M->132M(8192M) 63.313ms
[2026-02-09T21:48:44.802+0000][7121.994s] GC(12) User=0.13s Sys=0.05s Real=0.06s
[2026-02-10T00:22:54.164+0000][16371.356s] GC(13) Pause Young (Normal) (G1 Evacuation Pause)
[2026-02-10T00:22:54.165+0000][16371.357s] GC(13) Using 8 workers of 8 for evacuation
[2026-02-10T00:22:54.402+0000][16371.594s] GC(13) MMU target violated: 201.0ms (200.0ms/201.0ms)
[2026-02-10T00:22:54.402+0000][16371.594s] GC(13)   Pre Evacuate Collection Set: 27.0ms
[2026-02-10T00:22:54.402+0000][16371.594s] GC(13)   Merge Heap Roots: 12.4ms
[2026-02-10T00:22:54.402+0000][16371.594s] GC(13)   Evacuate Collection Set: 163.7ms
[2026-02-10T00:22:54.402+0000][16371.594s] GC(13)   Post Evacuate Collection Set: 32.2ms
[2026-02-10T00:22:54.402+0000][16371.594s] GC(13)   Other: 4.3ms
[2026-02-10T00:22:54.402+0000][16371.594s] GC(13) Eden regions: 870->0(96)
[2026-02-10T00:22:54.402+0000][16371.594s] GC(13) Survivor regions: 5->6(110)
[2026-02-10T00:22:54.402+0000][16371.594s] GC(13) Old regions: 23->23
[2026-02-10T00:22:54.402+0000][16371.594s] GC(13) Archive regions: 2->2
[2026-02-10T00:22:54.402+0000][16371.594s] GC(13) Humongous regions: 5->5
[2026-02-10T00:22:54.403+0000][16371.595s] GC(13) Metaspace: 146060K(146624K)->146060K(146624K) NonClass: 125079K(125376K)->125079K(125376K) Class: 20980K(21248K)->20980K(21248K)
[2026-02-10T00:22:54.403+0000][16371.595s] GC(13) Pause Young (Normal) (G1 Evacuation Pause) 3612M->132M(8192M) 239.104ms
[2026-02-10T00:22:54.403+0000][16371.595s] GC(13) User=0.15s Sys=0.23s Real=0.24s
[2026-02-10T00:40:13.550+0000][17410.742s] GC(14) Pause Young (Normal) (G1 Evacuation Pause)
[2026-02-10T00:40:13.550+0000][17410.742s] GC(14) Using 8 workers of 8 for evacuation
[2026-02-10T00:40:13.574+0000][17410.766s] GC(14)   Pre Evacuate Collection Set: 0.3ms
[2026-02-10T00:40:13.574+0000][17410.766s] GC(14)   Merge Heap Roots: 0.1ms
[2026-02-10T00:40:13.574+0000][17410.766s] GC(14)   Evacuate Collection Set: 14.9ms
[2026-02-10T00:40:13.574+0000][17410.766s] GC(14)   Post Evacuate Collection Set: 8.6ms
[2026-02-10T00:40:13.574+0000][17410.766s] GC(14)   Other: 0.3ms
[2026-02-10T00:40:13.574+0000][17410.766s] GC(14) Eden regions: 96->0(1223)
[2026-02-10T00:40:13.574+0000][17410.766s] GC(14) Survivor regions: 6->5(13)
[2026-02-10T00:40:13.574+0000][17410.766s] GC(14) Old regions: 23->23
[2026-02-10T00:40:13.574+0000][17410.766s] GC(14) Archive regions: 2->2
[2026-02-10T00:40:13.574+0000][17410.766s] GC(14) Humongous regions: 5->5
[2026-02-10T00:40:13.574+0000][17410.766s] GC(14) Metaspace: 146099K(146688K)->146099K(146688K) NonClass: 125118K(125440K)->125118K(125440K) Class: 20980K(21248K)->20980K(21248K)
[2026-02-10T00:40:13.574+0000][17410.766s] GC(14) Pause Young (Normal) (G1 Evacuation Pause) 516M->130M(8192M) 24.392ms
[2026-02-10T00:40:13.574+0000][17410.766s] GC(14) User=0.07s Sys=0.00s Real=0.03s
[2026-02-10T11:25:07.681+0000][30657.933s] GC(15) Pause Young (Normal) (G1 Evacuation Pause)
[2026-02-10T11:25:07.684+0000][30657.936s] GC(15) Using 8 workers of 8 for evacuation
[2026-02-10T11:25:07.950+0000][30658.202s] GC(15) MMU target violated: 201.0ms (200.0ms/201.0ms)
[2026-02-10T11:25:07.954+0000][30658.206s] GC(15)   Pre Evacuate Collection Set: 30.4ms
[2026-02-10T11:25:07.954+0000][30658.206s] GC(15)   Merge Heap Roots: 11.9ms
[2026-02-10T11:25:07.954+0000][30658.206s] GC(15)   Evacuate Collection Set: 179.9ms
[2026-02-10T11:25:07.954+0000][30658.206s] GC(15)   Post Evacuate Collection Set: 36.2ms
[2026-02-10T11:25:07.954+0000][30658.206s] GC(15)   Other: 17.3ms
[2026-02-10T11:25:07.954+0000][30658.206s] GC(15) Eden regions: 1223->0(452)
[2026-02-10T11:25:07.954+0000][30658.206s] GC(15) Survivor regions: 5->5(154)
[2026-02-10T11:25:07.954+0000][30658.206s] GC(15) Old regions: 23->23
[2026-02-10T11:25:07.954+0000][30658.206s] GC(15) Archive regions: 2->2
[2026-02-10T11:25:07.954+0000][30658.206s] GC(15) Humongous regions: 5->5
[2026-02-10T11:25:07.954+0000][30658.206s] GC(15) Metaspace: 146261K(146816K)->146261K(146816K) NonClass: 125281K(125568K)->125281K(125568K) Class: 20980K(21248K)->20980K(21248K)
[2026-02-10T11:25:07.954+0000][30658.206s] GC(15) Pause Young (Normal) (G1 Evacuation Pause) 5022M->130M(8192M) 273.579ms
[2026-02-10T11:25:07.954+0000][30658.206s] GC(15) User=0.14s Sys=0.24s Real=0.28s
