[2026-02-05T14:54:01.163+0000][0.003s] Using G1
[2026-02-05T14:54:01.175+0000][0.016s] Version: 17.0.2+8-86 (release)
[2026-02-05T14:54:01.175+0000][0.016s] CPUs: 8 total, 8 available
[2026-02-05T14:54:01.175+0000][0.016s] Memory: 7793M
[2026-02-05T14:54:01.175+0000][0.016s] Large Page Support: Disabled
[2026-02-05T14:54:01.175+0000][0.016s] NUMA Support: Disabled
[2026-02-05T14:54:01.175+0000][0.016s] Compressed Oops: Enabled (Zero based)
[2026-02-05T14:54:01.175+0000][0.016s] Heap Region Size: 4M
[2026-02-05T14:54:01.175+0000][0.016s] Heap Min Capacity: 8G
[2026-02-05T14:54:01.175+0000][0.016s] Heap Initial Capacity: 8G
[2026-02-05T14:54:01.175+0000][0.016s] Heap Max Capacity: 8G
[2026-02-05T14:54:01.175+0000][0.016s] Pre-touch: Disabled
[2026-02-05T14:54:01.175+0000][0.016s] Parallel Workers: 8
[2026-02-05T14:54:01.175+0000][0.016s] Concurrent Workers: 2
[2026-02-05T14:54:01.175+0000][0.016s] Concurrent Refinement Workers: 8
[2026-02-05T14:54:01.176+0000][0.016s] Periodic GC: Disabled
[2026-02-05T14:54:01.176+0000][0.016s] CDS archive(s) mapped at: [0x0000000800000000-0x0000000800bde000-0x0000000800bde000), size 12443648, SharedBaseAddress: 0x0000000800000000, ArchiveRelocationMode: 0.
[2026-02-05T14:54:01.176+0000][0.016s] Compressed class space mapped at: 0x0000000800c00000-0x0000000840c00000, reserved size: 1073741824
[2026-02-05T14:54:01.176+0000][0.016s] Narrow klass base: 0x0000000800000000, Narrow klass shift: 0, Narrow klass range: 0x100000000
[2026-02-05T14:54:04.280+0000][3.120s] GC(0) Pause Young (Concurrent Start) (Metadata GC Threshold)
[2026-02-05T14:54:04.281+0000][3.121s] GC(0) Using 8 workers of 8 for evacuation
[2026-02-05T14:54:04.330+0000][3.171s] GC(0)   Pre Evacuate Collection Set: 0.5ms
[2026-02-05T14:54:04.330+0000][3.171s] GC(0)   Merge Heap Roots: 0.2ms
[2026-02-05T14:54:04.330+0000][3.171s] GC(0)   Evacuate Collection Set: 46.0ms
[2026-02-05T14:54:04.330+0000][3.171s] GC(0)   Post Evacuate Collection Set: 2.2ms
[2026-02-05T14:54:04.330+0000][3.171s] GC(0)   Other: 1.4ms
[2026-02-05T14:54:04.330+0000][3.171s] GC(0) Eden regions: 36->0(89)
[2026-02-05T14:54:04.330+0000][3.171s] GC(0) Survivor regions: 0->13(13)
[2026-02-05T14:54:04.330+0000][3.171s] GC(0) Old regions: 0->1
[2026-02-05T14:54:04.330+0000][3.171s] GC(0) Archive regions: 2->2
[2026-02-05T14:54:04.330+0000][3.171s] GC(0) Humongous regions: 5->5
[2026-02-05T14:54:04.330+0000][3.171s] GC(0) Metaspace: 21334K(21504K)->21334K(21504K) NonClass: 19045K(19136K)->19045K(19136K) Class: 2288K(2368K)->2288K(2368K)
[2026-02-05T14:54:04.330+0000][3.171s] GC(0) Pause Young (Concurrent Start) (Metadata GC Threshold) 165M->76M(8192M) 50.484ms
[2026-02-05T14:54:04.330+0000][3.171s] GC(0) User=0.14s Sys=0.02s Real=0.05s
[2026-02-05T14:54:04.330+0000][3.171s] GC(1) Concurrent Mark Cycle
[2026-02-05T14:54:04.330+0000][3.171s] GC(1) Concurrent Clear Claimed Marks
[2026-02-05T14:54:04.330+0000][3.171s] GC(1) Concurrent Clear Claimed Marks 0.037ms
[2026-02-05T14:54:04.330+0000][3.171s] GC(1) Concurrent Scan Root Regions
[2026-02-05T14:54:04.342+0000][3.182s] GC(1) Concurrent Scan Root Regions 11.183ms
[2026-02-05T14:54:04.342+0000][3.182s] GC(1) Concurrent Mark
[2026-02-05T14:54:04.342+0000][3.182s] GC(1) Concurrent Mark From Roots
[2026-02-05T14:54:04.342+0000][3.182s] GC(1) Using 2 workers of 2 for marking
[2026-02-05T14:54:04.346+0000][3.187s] GC(1) Concurrent Mark From Roots 4.691ms
[2026-02-05T14:54:04.346+0000][3.187s] GC(1) Concurrent Preclean
[2026-02-05T14:54:04.346+0000][3.187s] GC(1) Concurrent Preclean 0.092ms
[2026-02-05T14:54:04.347+0000][3.187s] GC(1) Pause Remark
[2026-02-05T14:54:04.353+0000][3.194s] GC(1) Pause Remark 79M->79M(8192M) 6.737ms
[2026-02-05T14:54:04.354+0000][3.194s] GC(1) User=0.01s Sys=0.00s Real=0.00s
[2026-02-05T14:54:04.354+0000][3.194s] GC(1) Concurrent Mark 12.048ms
[2026-02-05T14:54:04.354+0000][3.194s] GC(1) Concurrent Rebuild Remembered Sets
[2026-02-05T14:54:04.356+0000][3.196s] GC(1) Concurrent Rebuild Remembered Sets 1.855ms
[2026-02-05T14:54:04.356+0000][3.196s] GC(1) Pause Cleanup
[2026-02-05T14:54:04.357+0000][3.197s] GC(1) Pause Cleanup 79M->79M(8192M) 0.629ms
[2026-02-05T14:54:04.357+0000][3.197s] GC(1) User=0.00s Sys=0.00s Real=0.00s
[2026-02-05T14:54:04.357+0000][3.197s] GC(1) Concurrent Cleanup for Next Mark
[2026-02-05T14:54:04.453+0000][3.294s] GC(1) Concurrent Cleanup for Next Mark 96.858ms
[2026-02-05T14:54:04.454+0000][3.294s] GC(1) Concurrent Mark Cycle 123.255ms
[2026-02-05T14:54:05.607+0000][4.448s] GC(2) Pause Young (Concurrent Start) (Metadata GC Threshold)
[2026-02-05T14:54:05.607+0000][4.448s] GC(2) Using 8 workers of 8 for evacuation
[2026-02-05T14:54:05.628+0000][4.469s] GC(2)   Pre Evacuate Collection Set: 0.2ms
[2026-02-05T14:54:05.628+0000][4.469s] GC(2)   Merge Heap Roots: 0.1ms
[2026-02-05T14:54:05.628+0000][4.469s] GC(2)   Evacuate Collection Set: 19.3ms
[2026-02-05T14:54:05.628+0000][4.469s] GC(2)   Post Evacuate Collection Set: 0.9ms
[2026-02-05T14:54:05.628+0000][4.469s] GC(2)   Other: 0.2ms
[2026-02-05T14:54:05.628+0000][4.469s] GC(2) Eden regions: 15->0(100)
[2026-02-05T14:54:05.628+0000][4.469s] GC(2) Survivor regions: 13->2(13)
[2026-02-05T14:54:05.628+0000][4.469s] GC(2) Old regions: 1->13
[2026-02-05T14:54:05.628+0000][4.469s] GC(2) Archive regions: 2->2
[2026-02-05T14:54:05.628+0000][4.469s] GC(2) Humongous regions: 5->5
[2026-02-05T14:54:05.628+0000][4.469s] GC(2) Metaspace: 35871K(36096K)->35871K(36096K) NonClass: 30936K(31040K)->30936K(31040K) Class: 4934K(5056K)->4934K(5056K)
[2026-02-05T14:54:05.628+0000][4.469s] GC(2) Pause Young (Concurrent Start) (Metadata GC Threshold) 135M->81M(8192M) 20.879ms
[2026-02-05T14:54:05.628+0000][4.469s] GC(2) User=0.09s Sys=0.03s Real=0.02s
[2026-02-05T14:54:05.628+0000][4.469s] GC(3) Concurrent Mark Cycle
[2026-02-05T14:54:05.628+0000][4.469s] GC(3) Concurrent Clear Claimed Marks
[2026-02-05T14:54:05.628+0000][4.469s] GC(3) Concurrent Clear Claimed Marks 0.018ms
[2026-02-05T14:54:05.628+0000][4.469s] GC(3) Concurrent Scan Root Regions
[2026-02-05T14:54:05.635+0000][4.476s] GC(3) Concurrent Scan Root Regions 6.759ms
[2026-02-05T14:54:05.635+0000][4.476s] GC(3) Concurrent Mark
[2026-02-05T14:54:05.635+0000][4.476s] GC(3) Concurrent Mark From Roots
[2026-02-05T14:54:05.635+0000][4.476s] GC(3) Using 2 workers of 2 for marking
[2026-02-05T14:54:05.637+0000][4.477s] GC(3) Concurrent Mark From Roots 1.496ms
[2026-02-05T14:54:05.637+0000][4.477s] GC(3) Concurrent Preclean
[2026-02-05T14:54:05.637+0000][4.477s] GC(3) Concurrent Preclean 0.043ms
[2026-02-05T14:54:05.637+0000][4.478s] GC(3) Pause Remark
[2026-02-05T14:54:05.640+0000][4.480s] GC(3) Pause Remark 83M->83M(8192M) 2.032ms
[2026-02-05T14:54:05.640+0000][4.480s] GC(3) User=0.00s Sys=0.01s Real=0.00s
[2026-02-05T14:54:05.640+0000][4.480s] GC(3) Concurrent Mark 4.365ms
[2026-02-05T14:54:05.640+0000][4.480s] GC(3) Concurrent Rebuild Remembered Sets
[2026-02-05T14:54:05.646+0000][4.487s] GC(3) Concurrent Rebuild Remembered Sets 6.589ms
[2026-02-05T14:54:05.647+0000][4.487s] GC(3) Pause Cleanup
[2026-02-05T14:54:05.647+0000][4.488s] GC(3) Pause Cleanup 85M->85M(8192M) 0.290ms
[2026-02-05T14:54:05.647+0000][4.488s] GC(3) User=0.00s Sys=0.00s Real=0.00s
[2026-02-05T14:54:05.647+0000][4.488s] GC(3) Concurrent Cleanup for Next Mark
[2026-02-05T14:54:05.711+0000][4.552s] GC(3) Concurrent Cleanup for Next Mark 64.167ms
[2026-02-05T14:54:05.711+0000][4.552s] GC(3) Concurrent Mark Cycle 83.014ms
[2026-02-05T14:54:07.357+0000][6.197s] GC(4) Pause Young (Concurrent Start) (Metadata GC Threshold)
[2026-02-05T14:54:07.357+0000][6.197s] GC(4) Using 8 workers of 8 for evacuation
[2026-02-05T14:54:07.368+0000][6.209s] GC(4)   Pre Evacuate Collection Set: 0.2ms
[2026-02-05T14:54:07.368+0000][6.209s] GC(4)   Merge Heap Roots: 0.1ms
[2026-02-05T14:54:07.368+0000][6.209s] GC(4)   Evacuate Collection Set: 10.1ms
[2026-02-05T14:54:07.368+0000][6.209s] GC(4)   Post Evacuate Collection Set: 0.7ms
[2026-02-05T14:54:07.368+0000][6.209s] GC(4)   Other: 0.2ms
[2026-02-05T14:54:07.368+0000][6.209s] GC(4) Eden regions: 32->0(96)
[2026-02-05T14:54:07.368+0000][6.209s] GC(4) Survivor regions: 2->6(13)
[2026-02-05T14:54:07.368+0000][6.209s] GC(4) Old regions: 13->13
[2026-02-05T14:54:07.368+0000][6.209s] GC(4) Archive regions: 2->2
[2026-02-05T14:54:07.368+0000][6.209s] GC(4) Humongous regions: 5->5
[2026-02-05T14:54:07.368+0000][6.209s] GC(4) Metaspace: 60159K(60416K)->60159K(60416K) NonClass: 52904K(52992K)->52904K(52992K) Class: 7254K(7424K)->7254K(7424K)
[2026-02-05T14:54:07.368+0000][6.209s] GC(4) Pause Young (Concurrent Start) (Metadata GC Threshold) 208M->95M(8192M) 11.158ms
[2026-02-05T14:54:07.368+0000][6.209s] GC(4) User=0.08s Sys=0.00s Real=0.01s
[2026-02-05T14:54:07.368+0000][6.209s] GC(5) Concurrent Mark Cycle
[2026-02-05T14:54:07.368+0000][6.209s] GC(5) Concurrent Clear Claimed Marks
[2026-02-05T14:54:07.368+0000][6.209s] GC(5) Concurrent Clear Claimed Marks 0.018ms
[2026-02-05T14:54:07.368+0000][6.209s] GC(5) Concurrent Scan Root Regions
[2026-02-05T14:54:07.374+0000][6.215s] GC(5) Concurrent Scan Root Regions 6.250ms
[2026-02-05T14:54:07.374+0000][6.215s] GC(5) Concurrent Mark
[2026-02-05T14:54:07.374+0000][6.215s] GC(5) Concurrent Mark From Roots
[2026-02-05T14:54:07.374+0000][6.215s] GC(5) Using 2 workers of 2 for marking
[2026-02-05T14:54:07.388+0000][6.228s] GC(5) Concurrent Mark From Roots 13.434ms
[2026-02-05T14:54:07.388+0000][6.228s] GC(5) Concurrent Preclean
[2026-02-05T14:54:07.388+0000][6.229s] GC(5) Concurrent Preclean 0.171ms
[2026-02-05T14:54:07.388+0000][6.229s] GC(5) Pause Remark
[2026-02-05T14:54:07.390+0000][6.230s] GC(5) Pause Remark 96M->96M(8192M) 1.421ms
[2026-02-05T14:54:07.390+0000][6.230s] GC(5) User=0.00s Sys=0.00s Real=0.00s
[2026-02-05T14:54:07.390+0000][6.230s] GC(5) Concurrent Mark 15.310ms
[2026-02-05T14:54:07.390+0000][6.230s] GC(5) Concurrent Rebuild Remembered Sets
[2026-02-05T14:54:07.397+0000][6.237s] GC(5) Concurrent Rebuild Remembered Sets 7.154ms
[2026-02-05T14:54:07.397+0000][6.238s] GC(5) Pause Cleanup
[2026-02-05T14:54:07.397+0000][6.238s] GC(5) Pause Cleanup 96M->96M(8192M) 0.242ms
[2026-02-05T14:54:07.397+0000][6.238s] GC(5) User=0.00s Sys=0.00s Real=0.00s
[2026-02-05T14:54:07.397+0000][6.238s] GC(5) Concurrent Cleanup for Next Mark
[2026-02-05T14:54:07.413+0000][6.253s] GC(5) Concurrent Cleanup for Next Mark 15.436ms
[2026-02-05T14:54:07.413+0000][6.253s] GC(5) Concurrent Mark Cycle 44.801ms
[2026-02-05T14:54:09.356+0000][8.196s] GC(6) Pause Young (Concurrent Start) (Metadata GC Threshold)
[2026-02-05T14:54:09.356+0000][8.196s] GC(6) Using 8 workers of 8 for evacuation
[2026-02-05T14:54:09.380+0000][8.221s] GC(6)   Pre Evacuate Collection Set: 0.3ms
[2026-02-05T14:54:09.380+0000][8.221s] GC(6)   Merge Heap Roots: 0.1ms
[2026-02-05T14:54:09.380+0000][8.221s] GC(6)   Evacuate Collection Set: 22.6ms
[2026-02-05T14:54:09.380+0000][8.221s] GC(6)   Post Evacuate Collection Set: 1.4ms
[2026-02-05T14:54:09.380+0000][8.221s] GC(6)   Other: 0.2ms
[2026-02-05T14:54:09.380+0000][8.221s] GC(6) Eden regions: 75->0(91)
[2026-02-05T14:54:09.380+0000][8.221s] GC(6) Survivor regions: 6->11(13)
[2026-02-05T14:54:09.380+0000][8.221s] GC(6) Old regions: 13->13
[2026-02-05T14:54:09.380+0000][8.221s] GC(6) Archive regions: 2->2
[2026-02-05T14:54:09.380+0000][8.221s] GC(6) Humongous regions: 5->5
[2026-02-05T14:54:09.380+0000][8.221s] GC(6) Metaspace: 101063K(101440K)->101063K(101440K) NonClass: 86668K(86848K)->86668K(86848K) Class: 14394K(14592K)->14394K(14592K)
[2026-02-05T14:54:09.380+0000][8.221s] GC(6) Pause Young (Concurrent Start) (Metadata GC Threshold) 392M->117M(8192M) 24.705ms
[2026-02-05T14:54:09.380+0000][8.221s] GC(6) User=0.13s Sys=0.03s Real=0.02s
[2026-02-05T14:54:09.380+0000][8.221s] GC(7) Concurrent Mark Cycle
[2026-02-05T14:54:09.380+0000][8.221s] GC(7) Concurrent Clear Claimed Marks
[2026-02-05T14:54:09.380+0000][8.221s] GC(7) Concurrent Clear Claimed Marks 0.036ms
[2026-02-05T14:54:09.380+0000][8.221s] GC(7) Concurrent Scan Root Regions
[2026-02-05T14:54:09.396+0000][8.237s] GC(7) Concurrent Scan Root Regions 15.817ms
[2026-02-05T14:54:09.396+0000][8.237s] GC(7) Concurrent Mark
[2026-02-05T14:54:09.396+0000][8.237s] GC(7) Concurrent Mark From Roots
[2026-02-05T14:54:09.396+0000][8.237s] GC(7) Using 2 workers of 2 for marking
[2026-02-05T14:54:09.405+0000][8.246s] GC(7) Concurrent Mark From Roots 8.882ms
[2026-02-05T14:54:09.405+0000][8.246s] GC(7) Concurrent Preclean
[2026-02-05T14:54:09.405+0000][8.246s] GC(7) Concurrent Preclean 0.278ms
[2026-02-05T14:54:09.406+0000][8.246s] GC(7) Pause Remark
[2026-02-05T14:54:09.408+0000][8.248s] GC(7) Pause Remark 147M->147M(8192M) 2.457ms
[2026-02-05T14:54:09.408+0000][8.249s] GC(7) User=0.01s Sys=0.00s Real=0.00s
[2026-02-05T14:54:09.408+0000][8.249s] GC(7) Concurrent Mark 12.099ms
[2026-02-05T14:54:09.408+0000][8.249s] GC(7) Concurrent Rebuild Remembered Sets
[2026-02-05T14:54:09.413+0000][8.254s] GC(7) Concurrent Rebuild Remembered Sets 4.779ms
[2026-02-05T14:54:09.413+0000][8.254s] GC(7) Pause Cleanup
[2026-02-05T14:54:09.413+0000][8.254s] GC(7) Pause Cleanup 147M->147M(8192M) 0.192ms
[2026-02-05T14:54:09.413+0000][8.254s] GC(7) User=0.00s Sys=0.00s Real=0.00s
[2026-02-05T14:54:09.413+0000][8.254s] GC(7) Concurrent Cleanup for Next Mark
[2026-02-05T14:54:09.435+0000][8.275s] GC(7) Concurrent Cleanup for Next Mark 21.322ms
[2026-02-05T14:54:09.435+0000][8.275s] GC(7) Concurrent Mark Cycle 54.572ms
[2026-02-05T14:56:13.430+0000][132.271s] GC(8) Pause Young (Concurrent Start) (G1 Evacuation Pause)
[2026-02-05T14:56:13.433+0000][132.273s] GC(8) Using 8 workers of 8 for evacuation
[2026-02-05T14:56:13.487+0000][132.327s] GC(8)   Pre Evacuate Collection Set: 0.6ms
[2026-02-05T14:56:13.487+0000][132.327s] GC(8)   Merge Heap Roots: 0.2ms
[2026-02-05T14:56:13.487+0000][132.327s] GC(8)   Evacuate Collection Set: 50.9ms
[2026-02-05T14:56:13.487+0000][132.327s] GC(8)   Post Evacuate Collection Set: 2.0ms
[2026-02-05T14:56:13.487+0000][132.327s] GC(8)   Other: 3.1ms
[2026-02-05T14:56:13.487+0000][132.327s] GC(8) Eden regions: 91->0(92)
[2026-02-05T14:56:13.487+0000][132.327s] GC(8) Survivor regions: 11->10(13)
[2026-02-05T14:56:13.487+0000][132.327s] GC(8) Old regions: 13->18
[2026-02-05T14:56:13.487+0000][132.327s] GC(8) Archive regions: 2->2
[2026-02-05T14:56:13.487+0000][132.327s] GC(8) Humongous regions: 6->6
[2026-02-05T14:56:13.487+0000][132.327s] GC(8) Metaspace: 145259K(145856K)->145259K(145856K) NonClass: 123985K(124288K)->123985K(124288K) Class: 21274K(21568K)->21274K(21568K)
[2026-02-05T14:56:13.487+0000][132.327s] GC(8) Pause Young (Concurrent Start) (G1 Evacuation Pause) 485M->137M(8192M) 56.716ms
[2026-02-05T14:56:13.487+0000][132.327s] GC(8) User=0.31s Sys=0.05s Real=0.06s
[2026-02-05T14:56:13.487+0000][132.327s] GC(9) Concurrent Mark Cycle
[2026-02-05T14:56:13.487+0000][132.327s] GC(9) Concurrent Clear Claimed Marks
[2026-02-05T14:56:13.487+0000][132.327s] GC(9) Concurrent Clear Claimed Marks 0.083ms
[2026-02-05T14:56:13.487+0000][132.327s] GC(9) Concurrent Scan Root Regions
[2026-02-05T14:56:13.505+0000][132.345s] GC(9) Concurrent Scan Root Regions 17.647ms
[2026-02-05T14:56:13.505+0000][132.345s] GC(9) Concurrent Mark
[2026-02-05T14:56:13.505+0000][132.345s] GC(9) Concurrent Mark From Roots
[2026-02-05T14:56:13.505+0000][132.345s] GC(9) Using 2 workers of 2 for marking
[2026-02-05T14:56:13.511+0000][132.351s] GC(9) Concurrent Mark From Roots 6.129ms
[2026-02-05T14:56:13.511+0000][132.351s] GC(9) Concurrent Preclean
[2026-02-05T14:56:13.511+0000][132.351s] GC(9) Concurrent Preclean 0.152ms
[2026-02-05T14:56:13.511+0000][132.352s] GC(9) Pause Remark
[2026-02-05T14:56:13.514+0000][132.354s] GC(9) Pause Remark 155M->155M(8192M) 2.781ms
[2026-02-05T14:56:13.514+0000][132.354s] GC(9) User=0.02s Sys=0.00s Real=0.00s
[2026-02-05T14:56:13.514+0000][132.354s] GC(9) Concurrent Mark 9.300ms
[2026-02-05T14:56:13.514+0000][132.354s] GC(9) Concurrent Rebuild Remembered Sets
[2026-02-05T14:56:13.524+0000][132.365s] GC(9) Concurrent Rebuild Remembered Sets 10.075ms
[2026-02-05T14:56:13.524+0000][132.365s] GC(9) Pause Cleanup
[2026-02-05T14:56:13.524+0000][132.365s] GC(9) Pause Cleanup 155M->155M(8192M) 0.177ms
[2026-02-05T14:56:13.524+0000][132.365s] GC(9) User=0.00s Sys=0.00s Real=0.00s
[2026-02-05T14:56:13.524+0000][132.365s] GC(9) Concurrent Cleanup for Next Mark
[2026-02-05T14:56:13.535+0000][132.375s] GC(9) Concurrent Cleanup for Next Mark 10.396ms
[2026-02-05T14:56:13.535+0000][132.375s] GC(9) Concurrent Mark Cycle 48.035ms
[2026-02-05T16:21:15.325+0000][1095.587s] GC(10) Pause Young (Normal) (G1 Evacuation Pause)
[2026-02-05T16:21:15.326+0000][1095.589s] GC(10) Using 8 workers of 8 for evacuation
[2026-02-05T16:21:15.388+0000][1095.651s] GC(10)   Pre Evacuate Collection Set: 1.6ms
[2026-02-05T16:21:15.388+0000][1095.651s] GC(10)   Merge Heap Roots: 0.7ms
[2026-02-05T16:21:15.388+0000][1095.651s] GC(10)   Evacuate Collection Set: 49.7ms
[2026-02-05T16:21:15.388+0000][1095.651s] GC(10)   Post Evacuate Collection Set: 7.9ms
[2026-02-05T16:21:15.388+0000][1095.651s] GC(10)   Other: 4.6ms
[2026-02-05T16:21:15.388+0000][1095.651s] GC(10) Eden regions: 92->0(155)
[2026-02-05T16:21:15.388+0000][1095.651s] GC(10) Survivor regions: 10->5(13)
[2026-02-05T16:21:15.388+0000][1095.651s] GC(10) Old regions: 18->23
[2026-02-05T16:21:15.388+0000][1095.651s] GC(10) Archive regions: 2->2
[2026-02-05T16:21:15.388+0000][1095.651s] GC(10) Humongous regions: 6->5
[2026-02-05T16:21:15.388+0000][1095.651s] GC(10) Metaspace: 146634K(147264K)->146634K(147264K) NonClass: 125354K(125696K)->125354K(125696K) Class: 21280K(21568K)->21280K(21568K)
[2026-02-05T16:21:15.388+0000][1095.651s] GC(10) Pause Young (Normal) (G1 Evacuation Pause) 505M->134M(8192M) 63.825ms
[2026-02-05T16:21:15.388+0000][1095.651s] GC(10) User=0.41s Sys=0.00s Real=0.06s
[2026-02-05T16:45:11.094+0000][2531.357s] GC(11) Pause Young (Normal) (G1 Evacuation Pause)
[2026-02-05T16:45:11.095+0000][2531.358s] GC(11) Using 8 workers of 8 for evacuation
[2026-02-05T16:45:11.213+0000][2531.476s] GC(11)   Pre Evacuate Collection Set: 28.4ms
[2026-02-05T16:45:11.213+0000][2531.476s] GC(11)   Merge Heap Roots: 12.0ms
[2026-02-05T16:45:11.213+0000][2531.476s] GC(11)   Evacuate Collection Set: 72.0ms
[2026-02-05T16:45:11.213+0000][2531.476s] GC(11)   Post Evacuate Collection Set: 4.1ms
[2026-02-05T16:45:11.213+0000][2531.476s] GC(11)   Other: 2.9ms
[2026-02-05T16:45:11.213+0000][2531.476s] GC(11) Eden regions: 136->0(1008)
[2026-02-05T16:45:11.213+0000][2531.476s] GC(11) Survivor regions: 5->5(18)
[2026-02-05T16:45:11.213+0000][2531.476s] GC(11) Old regions: 23->23
[2026-02-05T16:45:11.213+0000][2531.476s] GC(11) Archive regions: 2->2
[2026-02-05T16:45:11.213+0000][2531.476s] GC(11) Humongous regions: 5->5
[2026-02-05T16:45:11.213+0000][2531.476s] GC(11) Metaspace: 147737K(148352K)->147737K(148352K) NonClass: 126379K(126720K)->126379K(126720K) Class: 21358K(21632K)->21358K(21632K)
[2026-02-05T16:45:11.213+0000][2531.476s] GC(11) Pause Young (Normal) (G1 Evacuation Pause) 678M->134M(8192M) 118.738ms
[2026-02-05T16:45:11.213+0000][2531.476s] GC(11) User=0.20s Sys=0.12s Real=0.12s
