[2026-02-05T14:47:31.736+0000][0.003s] Using G1
[2026-02-05T14:47:31.748+0000][0.015s] Version: 17.0.2+8-86 (release)
[2026-02-05T14:47:31.748+0000][0.015s] CPUs: 8 total, 8 available
[2026-02-05T14:47:31.748+0000][0.015s] Memory: 7793M
[2026-02-05T14:47:31.748+0000][0.015s] Large Page Support: Disabled
[2026-02-05T14:47:31.748+0000][0.015s] NUMA Support: Disabled
[2026-02-05T14:47:31.748+0000][0.015s] Compressed Oops: Enabled (Zero based)
[2026-02-05T14:47:31.748+0000][0.015s] Heap Region Size: 4M
[2026-02-05T14:47:31.748+0000][0.015s] Heap Min Capacity: 8G
[2026-02-05T14:47:31.748+0000][0.015s] Heap Initial Capacity: 8G
[2026-02-05T14:47:31.748+0000][0.015s] Heap Max Capacity: 8G
[2026-02-05T14:47:31.748+0000][0.015s] Pre-touch: Disabled
[2026-02-05T14:47:31.748+0000][0.015s] Parallel Workers: 8
[2026-02-05T14:47:31.748+0000][0.015s] Concurrent Workers: 2
[2026-02-05T14:47:31.748+0000][0.015s] Concurrent Refinement Workers: 8
[2026-02-05T14:47:31.748+0000][0.015s] Periodic GC: Disabled
[2026-02-05T14:47:31.748+0000][0.015s] CDS archive(s) mapped at: [0x0000000800000000-0x0000000800bde000-0x0000000800bde000), size 12443648, SharedBaseAddress: 0x0000000800000000, ArchiveRelocationMode: 0.
[2026-02-05T14:47:31.748+0000][0.015s] Compressed class space mapped at: 0x0000000800c00000-0x0000000840c00000, reserved size: 1073741824
[2026-02-05T14:47:31.748+0000][0.015s] Narrow klass base: 0x0000000800000000, Narrow klass shift: 0, Narrow klass range: 0x100000000
[2026-02-05T14:47:33.952+0000][2.219s] GC(0) Pause Young (Concurrent Start) (Metadata GC Threshold)
[2026-02-05T14:47:33.953+0000][2.220s] GC(0) Using 8 workers of 8 for evacuation
[2026-02-05T14:47:33.967+0000][2.234s] GC(0)   Pre Evacuate Collection Set: 0.2ms
[2026-02-05T14:47:33.967+0000][2.234s] GC(0)   Merge Heap Roots: 0.1ms
[2026-02-05T14:47:33.967+0000][2.234s] GC(0)   Evacuate Collection Set: 12.9ms
[2026-02-05T14:47:33.967+0000][2.234s] GC(0)   Post Evacuate Collection Set: 0.7ms
[2026-02-05T14:47:33.967+0000][2.234s] GC(0)   Other: 1.2ms
[2026-02-05T14:47:33.967+0000][2.234s] GC(0) Eden regions: 36->0(89)
[2026-02-05T14:47:33.967+0000][2.234s] GC(0) Survivor regions: 0->13(13)
[2026-02-05T14:47:33.967+0000][2.234s] GC(0) Old regions: 0->0
[2026-02-05T14:47:33.967+0000][2.234s] GC(0) Archive regions: 2->2
[2026-02-05T14:47:33.967+0000][2.234s] GC(0) Humongous regions: 5->5
[2026-02-05T14:47:33.967+0000][2.234s] GC(0) Metaspace: 21344K(21504K)->21344K(21504K) NonClass: 19061K(19136K)->19061K(19136K) Class: 2282K(2368K)->2282K(2368K)
[2026-02-05T14:47:33.967+0000][2.234s] GC(0) Pause Young (Concurrent Start) (Metadata GC Threshold) 165M->73M(8192M) 15.092ms
[2026-02-05T14:47:33.967+0000][2.234s] GC(0) User=0.08s Sys=0.03s Real=0.02s
[2026-02-05T14:47:33.967+0000][2.234s] GC(1) Concurrent Mark Cycle
[2026-02-05T14:47:33.967+0000][2.234s] GC(1) Concurrent Clear Claimed Marks
[2026-02-05T14:47:33.967+0000][2.234s] GC(1) Concurrent Clear Claimed Marks 0.016ms
[2026-02-05T14:47:33.967+0000][2.234s] GC(1) Concurrent Scan Root Regions
[2026-02-05T14:47:33.971+0000][2.238s] GC(1) Concurrent Scan Root Regions 4.303ms
[2026-02-05T14:47:33.971+0000][2.238s] GC(1) Concurrent Mark
[2026-02-05T14:47:33.971+0000][2.238s] GC(1) Concurrent Mark From Roots
[2026-02-05T14:47:33.971+0000][2.238s] GC(1) Using 2 workers of 2 for marking
[2026-02-05T14:47:33.973+0000][2.240s] GC(1) Concurrent Mark From Roots 1.424ms
[2026-02-05T14:47:33.973+0000][2.240s] GC(1) Concurrent Preclean
[2026-02-05T14:47:33.973+0000][2.240s] GC(1) Concurrent Preclean 0.039ms
[2026-02-05T14:47:33.973+0000][2.240s] GC(1) Pause Remark
[2026-02-05T14:47:33.974+0000][2.241s] GC(1) Pause Remark 75M->75M(8192M) 1.234ms
[2026-02-05T14:47:33.974+0000][2.241s] GC(1) User=0.00s Sys=0.00s Real=0.00s
[2026-02-05T14:47:33.974+0000][2.241s] GC(1) Concurrent Mark 2.902ms
[2026-02-05T14:47:33.974+0000][2.241s] GC(1) Concurrent Rebuild Remembered Sets
[2026-02-05T14:47:33.974+0000][2.241s] GC(1) Concurrent Rebuild Remembered Sets 0.003ms
[2026-02-05T14:47:33.974+0000][2.242s] GC(1) Pause Cleanup
[2026-02-05T14:47:33.975+0000][2.242s] GC(1) Pause Cleanup 75M->75M(8192M) 0.007ms
[2026-02-05T14:47:33.975+0000][2.242s] GC(1) User=0.00s Sys=0.00s Real=0.00s
[2026-02-05T14:47:33.975+0000][2.242s] GC(1) Concurrent Cleanup for Next Mark
[2026-02-05T14:47:33.998+0000][2.265s] GC(1) Concurrent Cleanup for Next Mark 23.631ms
[2026-02-05T14:47:33.998+0000][2.265s] GC(1) Concurrent Mark Cycle 31.210ms
[2026-02-05T14:47:34.729+0000][2.996s] GC(2) Pause Young (Concurrent Start) (Metadata GC Threshold)
[2026-02-05T14:47:34.729+0000][2.996s] GC(2) Using 8 workers of 8 for evacuation
[2026-02-05T14:47:34.748+0000][3.015s] GC(2)   Pre Evacuate Collection Set: 0.2ms
[2026-02-05T14:47:34.748+0000][3.015s] GC(2)   Merge Heap Roots: 0.1ms
[2026-02-05T14:47:34.748+0000][3.015s] GC(2)   Evacuate Collection Set: 18.0ms
[2026-02-05T14:47:34.748+0000][3.015s] GC(2)   Post Evacuate Collection Set: 0.5ms
[2026-02-05T14:47:34.748+0000][3.015s] GC(2)   Other: 0.2ms
[2026-02-05T14:47:34.748+0000][3.015s] GC(2) Eden regions: 14->0(100)
[2026-02-05T14:47:34.748+0000][3.015s] GC(2) Survivor regions: 13->2(13)
[2026-02-05T14:47:34.748+0000][3.015s] GC(2) Old regions: 0->13
[2026-02-05T14:47:34.748+0000][3.015s] GC(2) Archive regions: 2->2
[2026-02-05T14:47:34.748+0000][3.015s] GC(2) Humongous regions: 5->5
[2026-02-05T14:47:34.748+0000][3.015s] GC(2) Metaspace: 35773K(35968K)->35773K(35968K) NonClass: 30842K(30912K)->30842K(30912K) Class: 4930K(5056K)->4930K(5056K)
[2026-02-05T14:47:34.748+0000][3.015s] GC(2) Pause Young (Concurrent Start) (Metadata GC Threshold) 127M->79M(8192M) 19.052ms
[2026-02-05T14:47:34.748+0000][3.015s] GC(2) User=0.08s Sys=0.04s Real=0.02s
[2026-02-05T14:47:34.748+0000][3.015s] GC(3) Concurrent Mark Cycle
[2026-02-05T14:47:34.748+0000][3.015s] GC(3) Concurrent Clear Claimed Marks
[2026-02-05T14:47:34.748+0000][3.015s] GC(3) Concurrent Clear Claimed Marks 0.019ms
[2026-02-05T14:47:34.748+0000][3.015s] GC(3) Concurrent Scan Root Regions
[2026-02-05T14:47:34.753+0000][3.020s] GC(3) Concurrent Scan Root Regions 4.302ms
[2026-02-05T14:47:34.753+0000][3.020s] GC(3) Concurrent Mark
[2026-02-05T14:47:34.753+0000][3.020s] GC(3) Concurrent Mark From Roots
[2026-02-05T14:47:34.753+0000][3.020s] GC(3) Using 2 workers of 2 for marking
[2026-02-05T14:47:34.754+0000][3.021s] GC(3) Concurrent Mark From Roots 1.142ms
[2026-02-05T14:47:34.754+0000][3.021s] GC(3) Concurrent Preclean
[2026-02-05T14:47:34.754+0000][3.021s] GC(3) Concurrent Preclean 0.041ms
[2026-02-05T14:47:34.754+0000][3.021s] GC(3) Pause Remark
[2026-02-05T14:47:34.755+0000][3.022s] GC(3) Pause Remark 81M->81M(8192M) 1.060ms
[2026-02-05T14:47:34.755+0000][3.022s] GC(3) User=0.00s Sys=0.00s Real=0.01s
[2026-02-05T14:47:34.755+0000][3.022s] GC(3) Concurrent Mark 2.428ms
[2026-02-05T14:47:34.755+0000][3.022s] GC(3) Concurrent Rebuild Remembered Sets
[2026-02-05T14:47:34.760+0000][3.027s] GC(3) Concurrent Rebuild Remembered Sets 4.796ms
[2026-02-05T14:47:34.760+0000][3.027s] GC(3) Pause Cleanup
[2026-02-05T14:47:34.760+0000][3.027s] GC(3) Pause Cleanup 81M->81M(8192M) 0.244ms
[2026-02-05T14:47:34.760+0000][3.027s] GC(3) User=0.00s Sys=0.00s Real=0.00s
[2026-02-05T14:47:34.760+0000][3.027s] GC(3) Concurrent Cleanup for Next Mark
[2026-02-05T14:47:34.794+0000][3.061s] GC(3) Concurrent Cleanup for Next Mark 33.820ms
[2026-02-05T14:47:34.794+0000][3.061s] GC(3) Concurrent Mark Cycle 45.907ms
[2026-02-05T14:47:36.313+0000][4.580s] GC(4) Pause Young (Concurrent Start) (Metadata GC Threshold)
[2026-02-05T14:47:36.313+0000][4.580s] GC(4) Using 8 workers of 8 for evacuation
[2026-02-05T14:47:36.325+0000][4.592s] GC(4)   Pre Evacuate Collection Set: 0.3ms
[2026-02-05T14:47:36.325+0000][4.593s] GC(4)   Merge Heap Roots: 0.1ms
[2026-02-05T14:47:36.325+0000][4.593s] GC(4)   Evacuate Collection Set: 10.8ms
[2026-02-05T14:47:36.325+0000][4.593s] GC(4)   Post Evacuate Collection Set: 1.0ms
[2026-02-05T14:47:36.325+0000][4.593s] GC(4)   Other: 0.3ms
[2026-02-05T14:47:36.325+0000][4.593s] GC(4) Eden regions: 71->0(97)
[2026-02-05T14:47:36.325+0000][4.593s] GC(4) Survivor regions: 2->5(13)
[2026-02-05T14:47:36.326+0000][4.593s] GC(4) Old regions: 13->13
[2026-02-05T14:47:36.326+0000][4.593s] GC(4) Archive regions: 2->2
[2026-02-05T14:47:36.326+0000][4.593s] GC(4) Humongous regions: 5->5
[2026-02-05T14:47:36.326+0000][4.593s] GC(4) Metaspace: 59965K(60288K)->59965K(60288K) NonClass: 52195K(52352K)->52195K(52352K) Class: 7769K(7936K)->7769K(7936K)
[2026-02-05T14:47:36.326+0000][4.593s] GC(4) Pause Young (Concurrent Start) (Metadata GC Threshold) 361M->93M(8192M) 12.433ms
[2026-02-05T14:47:36.326+0000][4.593s] GC(4) User=0.07s Sys=0.02s Real=0.02s
[2026-02-05T14:47:36.326+0000][4.593s] GC(5) Concurrent Mark Cycle
[2026-02-05T14:47:36.326+0000][4.593s] GC(5) Concurrent Clear Claimed Marks
[2026-02-05T14:47:36.326+0000][4.593s] GC(5) Concurrent Clear Claimed Marks 0.036ms
[2026-02-05T14:47:36.326+0000][4.593s] GC(5) Concurrent Scan Root Regions
[2026-02-05T14:47:36.337+0000][4.604s] GC(5) Concurrent Scan Root Regions 11.177ms
[2026-02-05T14:47:36.337+0000][4.604s] GC(5) Concurrent Mark
[2026-02-05T14:47:36.337+0000][4.604s] GC(5) Concurrent Mark From Roots
[2026-02-05T14:47:36.337+0000][4.604s] GC(5) Using 2 workers of 2 for marking
[2026-02-05T14:47:36.349+0000][4.616s] GC(5) Concurrent Mark From Roots 12.567ms
[2026-02-05T14:47:36.349+0000][4.617s] GC(5) Concurrent Preclean
[2026-02-05T14:47:36.350+0000][4.617s] GC(5) Concurrent Preclean 0.361ms
[2026-02-05T14:47:36.350+0000][4.617s] GC(5) Pause Remark
[2026-02-05T14:47:36.352+0000][4.619s] GC(5) Pause Remark 141M->141M(8192M) 2.437ms
[2026-02-05T14:47:36.352+0000][4.620s] GC(5) User=0.02s Sys=0.00s Real=0.00s
[2026-02-05T14:47:36.353+0000][4.620s] GC(5) Concurrent Mark 16.142ms
[2026-02-05T14:47:36.353+0000][4.620s] GC(5) Concurrent Rebuild Remembered Sets
[2026-02-05T14:47:36.358+0000][4.625s] GC(5) Concurrent Rebuild Remembered Sets 5.217ms
[2026-02-05T14:47:36.358+0000][4.626s] GC(5) Pause Cleanup
[2026-02-05T14:47:36.359+0000][4.626s] GC(5) Pause Cleanup 141M->141M(8192M) 0.272ms
[2026-02-05T14:47:36.359+0000][4.626s] GC(5) User=0.01s Sys=0.00s Real=0.00s
[2026-02-05T14:47:36.359+0000][4.626s] GC(5) Concurrent Cleanup for Next Mark
[2026-02-05T14:47:36.380+0000][4.647s] GC(5) Concurrent Cleanup for Next Mark 21.218ms
[2026-02-05T14:47:36.380+0000][4.647s] GC(5) Concurrent Mark Cycle 54.537ms
[2026-02-05T14:47:40.546+0000][8.813s] GC(6) Pause Young (Concurrent Start) (Metadata GC Threshold)
[2026-02-05T14:47:40.546+0000][8.813s] GC(6) Using 8 workers of 8 for evacuation
[2026-02-05T14:47:40.578+0000][8.845s] GC(6)   Pre Evacuate Collection Set: 0.4ms
[2026-02-05T14:47:40.578+0000][8.845s] GC(6)   Merge Heap Roots: 0.1ms
[2026-02-05T14:47:40.578+0000][8.845s] GC(6)   Evacuate Collection Set: 29.3ms
[2026-02-05T14:47:40.578+0000][8.845s] GC(6)   Post Evacuate Collection Set: 1.3ms
[2026-02-05T14:47:40.578+0000][8.845s] GC(6)   Other: 0.3ms
[2026-02-05T14:47:40.578+0000][8.845s] GC(6) Eden regions: 75->0(92)
[2026-02-05T14:47:40.578+0000][8.845s] GC(6) Survivor regions: 5->10(13)
[2026-02-05T14:47:40.578+0000][8.845s] GC(6) Old regions: 13->13
[2026-02-05T14:47:40.578+0000][8.845s] GC(6) Archive regions: 2->2
[2026-02-05T14:47:40.578+0000][8.845s] GC(6) Humongous regions: 7->7
[2026-02-05T14:47:40.578+0000][8.845s] GC(6) Metaspace: 100943K(101376K)->100943K(101376K) NonClass: 86040K(86272K)->86040K(86272K) Class: 14903K(15104K)->14903K(15104K)
[2026-02-05T14:47:40.578+0000][8.845s] GC(6) Pause Young (Concurrent Start) (Metadata GC Threshold) 399M->117M(8192M) 31.347ms
[2026-02-05T14:47:40.578+0000][8.845s] GC(6) User=0.15s Sys=0.03s Real=0.03s
[2026-02-05T14:47:40.578+0000][8.845s] GC(7) Concurrent Mark Cycle
[2026-02-05T14:47:40.578+0000][8.845s] GC(7) Concurrent Clear Claimed Marks
[2026-02-05T14:47:40.578+0000][8.845s] GC(7) Concurrent Clear Claimed Marks 0.050ms
[2026-02-05T14:47:40.578+0000][8.845s] GC(7) Concurrent Scan Root Regions
[2026-02-05T14:47:40.591+0000][8.858s] GC(7) Concurrent Scan Root Regions 13.493ms
[2026-02-05T14:47:40.591+0000][8.858s] GC(7) Concurrent Mark
[2026-02-05T14:47:40.591+0000][8.858s] GC(7) Concurrent Mark From Roots
[2026-02-05T14:47:40.591+0000][8.858s] GC(7) Using 2 workers of 2 for marking
[2026-02-05T14:47:40.600+0000][8.867s] GC(7) Concurrent Mark From Roots 8.493ms
[2026-02-05T14:47:40.600+0000][8.867s] GC(7) Concurrent Preclean
[2026-02-05T14:47:40.600+0000][8.867s] GC(7) Concurrent Preclean 0.166ms
[2026-02-05T14:47:40.600+0000][8.867s] GC(7) Pause Remark
[2026-02-05T14:47:40.603+0000][8.870s] GC(7) Pause Remark 145M->145M(8192M) 2.516ms
[2026-02-05T14:47:40.603+0000][8.870s] GC(7) User=0.01s Sys=0.00s Real=0.01s
[2026-02-05T14:47:40.603+0000][8.870s] GC(7) Concurrent Mark 11.598ms
[2026-02-05T14:47:40.603+0000][8.870s] GC(7) Concurrent Rebuild Remembered Sets
[2026-02-05T14:47:40.607+0000][8.874s] GC(7) Concurrent Rebuild Remembered Sets 4.365ms
[2026-02-05T14:47:40.608+0000][8.875s] GC(7) Pause Cleanup
[2026-02-05T14:47:40.608+0000][8.875s] GC(7) Pause Cleanup 146M->146M(8192M) 0.193ms
[2026-02-05T14:47:40.608+0000][8.875s] GC(7) User=0.00s Sys=0.00s Real=0.00s
[2026-02-05T14:47:40.608+0000][8.875s] GC(7) Concurrent Cleanup for Next Mark
[2026-02-05T14:47:40.625+0000][8.892s] GC(7) Concurrent Cleanup for Next Mark 16.661ms
[2026-02-05T14:47:40.625+0000][8.892s] GC(7) Concurrent Mark Cycle 46.968ms
[2026-02-05T14:52:45.569+0000][313.836s] GC(8) Pause Young (Normal) (G1 Evacuation Pause)
[2026-02-05T14:52:45.570+0000][313.837s] GC(8) Using 8 workers of 8 for evacuation
[2026-02-05T14:52:45.698+0000][313.965s] GC(8)   Pre Evacuate Collection Set: 24.2ms
[2026-02-05T14:52:45.698+0000][313.965s] GC(8)   Merge Heap Roots: 1.1ms
[2026-02-05T14:52:45.698+0000][313.965s] GC(8)   Evacuate Collection Set: 98.8ms
[2026-02-05T14:52:45.698+0000][313.965s] GC(8)   Post Evacuate Collection Set: 3.0ms
[2026-02-05T14:52:45.698+0000][313.965s] GC(8)   Other: 2.6ms
[2026-02-05T14:52:45.698+0000][313.965s] GC(8) Eden regions: 92->0(92)
[2026-02-05T14:52:45.698+0000][313.965s] GC(8) Survivor regions: 10->10(13)
[2026-02-05T14:52:45.698+0000][313.965s] GC(8) Old regions: 13->17
[2026-02-05T14:52:45.698+0000][313.965s] GC(8) Archive regions: 2->2
[2026-02-05T14:52:45.698+0000][313.965s] GC(8) Humongous regions: 11->11
[2026-02-05T14:52:45.698+0000][313.965s] GC(8) Metaspace: 144055K(144576K)->144055K(144576K) NonClass: 122972K(123264K)->122972K(123264K) Class: 21083K(21312K)->21083K(21312K)
[2026-02-05T14:52:45.698+0000][313.965s] GC(8) Pause Young (Normal) (G1 Evacuation Pause) 501M->154M(8192M) 129.397ms
[2026-02-05T14:52:45.698+0000][313.966s] GC(8) User=0.14s Sys=0.09s Real=0.13s
