[2026-02-09T15:21:21.470+0000][0.004s] Using G1
[2026-02-09T15:21:21.494+0000][0.028s] Version: 17.0.2+8-86 (release)
[2026-02-09T15:21:21.494+0000][0.028s] CPUs: 8 total, 8 available
[2026-02-09T15:21:21.494+0000][0.028s] Memory: 7793M
[2026-02-09T15:21:21.494+0000][0.028s] Large Page Support: Disabled
[2026-02-09T15:21:21.494+0000][0.028s] NUMA Support: Disabled
[2026-02-09T15:21:21.494+0000][0.028s] Compressed Oops: Enabled (Zero based)
[2026-02-09T15:21:21.494+0000][0.028s] Heap Region Size: 4M
[2026-02-09T15:21:21.494+0000][0.028s] Heap Min Capacity: 8G
[2026-02-09T15:21:21.494+0000][0.028s] Heap Initial Capacity: 8G
[2026-02-09T15:21:21.494+0000][0.028s] Heap Max Capacity: 8G
[2026-02-09T15:21:21.494+0000][0.028s] Pre-touch: Disabled
[2026-02-09T15:21:21.494+0000][0.028s] Parallel Workers: 8
[2026-02-09T15:21:21.494+0000][0.028s] Concurrent Workers: 2
[2026-02-09T15:21:21.494+0000][0.028s] Concurrent Refinement Workers: 8
[2026-02-09T15:21:21.494+0000][0.028s] Periodic GC: Disabled
[2026-02-09T15:21:21.494+0000][0.028s] CDS archive(s) mapped at: [0x0000000800000000-0x0000000800bde000-0x0000000800bde000), size 12443648, SharedBaseAddress: 0x0000000800000000, ArchiveRelocationMode: 0.
[2026-02-09T15:21:21.494+0000][0.028s] Compressed class space mapped at: 0x0000000800c00000-0x0000000840c00000, reserved size: 1073741824
[2026-02-09T15:21:21.494+0000][0.028s] Narrow klass base: 0x0000000800000000, Narrow klass shift: 0, Narrow klass range: 0x100000000
[2026-02-09T15:21:24.807+0000][3.341s] GC(0) Pause Young (Concurrent Start) (Metadata GC Threshold)
[2026-02-09T15:21:24.808+0000][3.342s] GC(0) Using 8 workers of 8 for evacuation
[2026-02-09T15:21:24.848+0000][3.382s] GC(0)   Pre Evacuate Collection Set: 0.4ms
[2026-02-09T15:21:24.848+0000][3.382s] GC(0)   Merge Heap Roots: 0.2ms
[2026-02-09T15:21:24.848+0000][3.382s] GC(0)   Evacuate Collection Set: 37.8ms
[2026-02-09T15:21:24.848+0000][3.382s] GC(0)   Post Evacuate Collection Set: 0.9ms
[2026-02-09T15:21:24.848+0000][3.382s] GC(0)   Other: 1.1ms
[2026-02-09T15:21:24.848+0000][3.382s] GC(0) Eden regions: 36->0(89)
[2026-02-09T15:21:24.848+0000][3.382s] GC(0) Survivor regions: 0->13(13)
[2026-02-09T15:21:24.848+0000][3.382s] GC(0) Old regions: 0->0
[2026-02-09T15:21:24.848+0000][3.382s] GC(0) Archive regions: 2->2
[2026-02-09T15:21:24.848+0000][3.382s] GC(0) Humongous regions: 5->5
[2026-02-09T15:21:24.848+0000][3.382s] GC(0) Metaspace: 21223K(21504K)->21223K(21504K) NonClass: 18949K(19072K)->18949K(19072K) Class: 2273K(2432K)->2273K(2432K)
[2026-02-09T15:21:24.848+0000][3.382s] GC(0) Pause Young (Concurrent Start) (Metadata GC Threshold) 167M->73M(8192M) 40.500ms
[2026-02-09T15:21:24.848+0000][3.382s] GC(0) User=0.10s Sys=0.08s Real=0.04s
[2026-02-09T15:21:24.848+0000][3.382s] GC(1) Concurrent Mark Cycle
[2026-02-09T15:21:24.848+0000][3.382s] GC(1) Concurrent Clear Claimed Marks
[2026-02-09T15:21:24.848+0000][3.382s] GC(1) Concurrent Clear Claimed Marks 0.041ms
[2026-02-09T15:21:24.848+0000][3.382s] GC(1) Concurrent Scan Root Regions
[2026-02-09T15:21:24.859+0000][3.392s] GC(1) Concurrent Scan Root Regions 10.649ms
[2026-02-09T15:21:24.859+0000][3.393s] GC(1) Concurrent Mark
[2026-02-09T15:21:24.859+0000][3.393s] GC(1) Concurrent Mark From Roots
[2026-02-09T15:21:24.859+0000][3.393s] GC(1) Using 2 workers of 2 for marking
[2026-02-09T15:21:24.861+0000][3.395s] GC(1) Concurrent Mark From Roots 2.456ms
[2026-02-09T15:21:24.861+0000][3.395s] GC(1) Concurrent Preclean
[2026-02-09T15:21:24.861+0000][3.395s] GC(1) Concurrent Preclean 0.086ms
[2026-02-09T15:21:24.861+0000][3.395s] GC(1) Pause Remark
[2026-02-09T15:21:24.864+0000][3.398s] GC(1) Pause Remark 75M->75M(8192M) 2.480ms
[2026-02-09T15:21:24.864+0000][3.398s] GC(1) User=0.01s Sys=0.00s Real=0.00s
[2026-02-09T15:21:24.864+0000][3.398s] GC(1) Concurrent Mark 5.326ms
[2026-02-09T15:21:24.864+0000][3.398s] GC(1) Concurrent Rebuild Remembered Sets
[2026-02-09T15:21:24.864+0000][3.398s] GC(1) Concurrent Rebuild Remembered Sets 0.010ms
[2026-02-09T15:21:24.865+0000][3.399s] GC(1) Pause Cleanup
[2026-02-09T15:21:24.865+0000][3.399s] GC(1) Pause Cleanup 75M->75M(8192M) 0.027ms
[2026-02-09T15:21:24.865+0000][3.399s] GC(1) User=0.00s Sys=0.00s Real=0.00s
[2026-02-09T15:21:24.866+0000][3.400s] GC(1) Concurrent Cleanup for Next Mark
[2026-02-09T15:21:25.039+0000][3.573s] GC(1) Concurrent Cleanup for Next Mark 172.708ms
[2026-02-09T15:21:25.039+0000][3.573s] GC(1) Concurrent Mark Cycle 191.350ms
[2026-02-09T15:21:26.227+0000][4.761s] GC(2) Pause Young (Concurrent Start) (Metadata GC Threshold)
[2026-02-09T15:21:26.227+0000][4.761s] GC(2) Using 8 workers of 8 for evacuation
[2026-02-09T15:21:26.305+0000][4.839s] GC(2)   Pre Evacuate Collection Set: 2.2ms
[2026-02-09T15:21:26.305+0000][4.839s] GC(2)   Merge Heap Roots: 0.1ms
[2026-02-09T15:21:26.305+0000][4.839s] GC(2)   Evacuate Collection Set: 73.5ms
[2026-02-09T15:21:26.305+0000][4.839s] GC(2)   Post Evacuate Collection Set: 2.0ms
[2026-02-09T15:21:26.305+0000][4.839s] GC(2)   Other: 0.4ms
[2026-02-09T15:21:26.305+0000][4.839s] GC(2) Eden regions: 16->0(101)
[2026-02-09T15:21:26.305+0000][4.839s] GC(2) Survivor regions: 13->1(13)
[2026-02-09T15:21:26.305+0000][4.839s] GC(2) Old regions: 0->13
[2026-02-09T15:21:26.305+0000][4.839s] GC(2) Archive regions: 2->2
[2026-02-09T15:21:26.305+0000][4.839s] GC(2) Humongous regions: 5->5
[2026-02-09T15:21:26.305+0000][4.839s] GC(2) Metaspace: 35786K(35968K)->35786K(35968K) NonClass: 30685K(30784K)->30685K(30784K) Class: 5101K(5184K)->5101K(5184K)
[2026-02-09T15:21:26.305+0000][4.839s] GC(2) Pause Young (Concurrent Start) (Metadata GC Threshold) 135M->79M(8192M) 78.398ms
[2026-02-09T15:21:26.305+0000][4.839s] GC(2) User=0.09s Sys=0.11s Real=0.07s
[2026-02-09T15:21:26.306+0000][4.839s] GC(3) Concurrent Mark Cycle
[2026-02-09T15:21:26.306+0000][4.839s] GC(3) Concurrent Clear Claimed Marks
[2026-02-09T15:21:26.306+0000][4.839s] GC(3) Concurrent Clear Claimed Marks 0.030ms
[2026-02-09T15:21:26.309+0000][4.843s] GC(3) Concurrent Scan Root Regions
[2026-02-09T15:21:26.326+0000][4.860s] GC(3) Concurrent Scan Root Regions 16.972ms
[2026-02-09T15:21:26.326+0000][4.860s] GC(3) Concurrent Mark
[2026-02-09T15:21:26.326+0000][4.860s] GC(3) Concurrent Mark From Roots
[2026-02-09T15:21:26.326+0000][4.860s] GC(3) Using 2 workers of 2 for marking
[2026-02-09T15:21:26.330+0000][4.864s] GC(3) Concurrent Mark From Roots 3.866ms
[2026-02-09T15:21:26.330+0000][4.864s] GC(3) Concurrent Preclean
[2026-02-09T15:21:26.330+0000][4.864s] GC(3) Concurrent Preclean 0.130ms
[2026-02-09T15:21:26.331+0000][4.864s] GC(3) Pause Remark
[2026-02-09T15:21:26.340+0000][4.874s] GC(3) Pause Remark 83M->83M(8192M) 9.241ms
[2026-02-09T15:21:26.340+0000][4.874s] GC(3) User=0.01s Sys=0.00s Real=0.01s
[2026-02-09T15:21:26.340+0000][4.874s] GC(3) Concurrent Mark 13.850ms
[2026-02-09T15:21:26.340+0000][4.874s] GC(3) Concurrent Rebuild Remembered Sets
[2026-02-09T15:21:26.356+0000][4.890s] GC(3) Concurrent Rebuild Remembered Sets 16.215ms
[2026-02-09T15:21:26.357+0000][4.891s] GC(3) Pause Cleanup
[2026-02-09T15:21:26.358+0000][4.891s] GC(3) Pause Cleanup 83M->83M(8192M) 0.689ms
[2026-02-09T15:21:26.358+0000][4.891s] GC(3) User=0.00s Sys=0.00s Real=0.00s
[2026-02-09T15:21:26.358+0000][4.892s] GC(3) Concurrent Cleanup for Next Mark
[2026-02-09T15:21:26.492+0000][5.026s] GC(3) Concurrent Cleanup for Next Mark 134.024ms
[2026-02-09T15:21:26.492+0000][5.026s] GC(3) Concurrent Mark Cycle 186.485ms
[2026-02-09T15:21:28.152+0000][6.686s] GC(4) Pause Young (Concurrent Start) (Metadata GC Threshold)
[2026-02-09T15:21:28.152+0000][6.686s] GC(4) Using 8 workers of 8 for evacuation
[2026-02-09T15:21:28.164+0000][6.698s] GC(4)   Pre Evacuate Collection Set: 0.3ms
[2026-02-09T15:21:28.164+0000][6.698s] GC(4)   Merge Heap Roots: 0.1ms
[2026-02-09T15:21:28.164+0000][6.698s] GC(4)   Evacuate Collection Set: 11.0ms
[2026-02-09T15:21:28.164+0000][6.698s] GC(4)   Post Evacuate Collection Set: 0.6ms
[2026-02-09T15:21:28.164+0000][6.698s] GC(4)   Other: 0.2ms
[2026-02-09T15:21:28.164+0000][6.698s] GC(4) Eden regions: 28->0(97)
[2026-02-09T15:21:28.164+0000][6.698s] GC(4) Survivor regions: 1->5(13)
[2026-02-09T15:21:28.164+0000][6.698s] GC(4) Old regions: 13->13
[2026-02-09T15:21:28.164+0000][6.698s] GC(4) Archive regions: 2->2
[2026-02-09T15:21:28.164+0000][6.698s] GC(4) Humongous regions: 5->5
[2026-02-09T15:21:28.164+0000][6.698s] GC(4) Metaspace: 59816K(60096K)->59816K(60096K) NonClass: 52424K(52544K)->52424K(52544K) Class: 7392K(7552K)->7392K(7552K)
[2026-02-09T15:21:28.164+0000][6.698s] GC(4) Pause Young (Concurrent Start) (Metadata GC Threshold) 191M->93M(8192M) 12.191ms
[2026-02-09T15:21:28.164+0000][6.698s] GC(4) User=0.09s Sys=0.00s Real=0.01s
[2026-02-09T15:21:28.164+0000][6.698s] GC(5) Concurrent Mark Cycle
[2026-02-09T15:21:28.164+0000][6.698s] GC(5) Concurrent Clear Claimed Marks
[2026-02-09T15:21:28.164+0000][6.698s] GC(5) Concurrent Clear Claimed Marks 0.028ms
[2026-02-09T15:21:28.164+0000][6.698s] GC(5) Concurrent Scan Root Regions
[2026-02-09T15:21:28.174+0000][6.708s] GC(5) Concurrent Scan Root Regions 9.320ms
[2026-02-09T15:21:28.174+0000][6.708s] GC(5) Concurrent Mark
[2026-02-09T15:21:28.174+0000][6.708s] GC(5) Concurrent Mark From Roots
[2026-02-09T15:21:28.174+0000][6.708s] GC(5) Using 2 workers of 2 for marking
[2026-02-09T15:21:28.193+0000][6.726s] GC(5) Concurrent Mark From Roots 18.716ms
[2026-02-09T15:21:28.193+0000][6.726s] GC(5) Concurrent Preclean
[2026-02-09T15:21:28.193+0000][6.727s] GC(5) Concurrent Preclean 0.206ms
[2026-02-09T15:21:28.193+0000][6.727s] GC(5) Pause Remark
[2026-02-09T15:21:28.194+0000][6.728s] GC(5) Pause Remark 97M->97M(8192M) 1.278ms
[2026-02-09T15:21:28.194+0000][6.728s] GC(5) User=0.00s Sys=0.00s Real=0.00s
[2026-02-09T15:21:28.194+0000][6.728s] GC(5) Concurrent Mark 20.454ms
[2026-02-09T15:21:28.194+0000][6.728s] GC(5) Concurrent Rebuild Remembered Sets
[2026-02-09T15:21:28.200+0000][6.734s] GC(5) Concurrent Rebuild Remembered Sets 5.977ms
[2026-02-09T15:21:28.201+0000][6.734s] GC(5) Pause Cleanup
[2026-02-09T15:21:28.201+0000][6.735s] GC(5) Pause Cleanup 97M->97M(8192M) 0.595ms
[2026-02-09T15:21:28.201+0000][6.735s] GC(5) User=0.00s Sys=0.00s Real=0.00s
[2026-02-09T15:21:28.201+0000][6.735s] GC(5) Concurrent Cleanup for Next Mark
[2026-02-09T15:21:28.217+0000][6.751s] GC(5) Concurrent Cleanup for Next Mark 15.884ms
[2026-02-09T15:21:28.217+0000][6.751s] GC(5) Concurrent Mark Cycle 52.841ms
[2026-02-09T15:21:30.339+0000][8.873s] GC(6) Pause Young (Normal) (G1 Evacuation Pause)
[2026-02-09T15:21:30.339+0000][8.873s] GC(6) Using 8 workers of 8 for evacuation
[2026-02-09T15:21:30.367+0000][8.901s] GC(6)   Pre Evacuate Collection Set: 0.3ms
[2026-02-09T15:21:30.367+0000][8.901s] GC(6)   Merge Heap Roots: 0.1ms
[2026-02-09T15:21:30.367+0000][8.901s] GC(6)   Evacuate Collection Set: 25.8ms
[2026-02-09T15:21:30.368+0000][8.901s] GC(6)   Post Evacuate Collection Set: 1.6ms
[2026-02-09T15:21:30.368+0000][8.901s] GC(6)   Other: 0.2ms
[2026-02-09T15:21:30.368+0000][8.901s] GC(6) Eden regions: 97->0(91)
[2026-02-09T15:21:30.368+0000][8.901s] GC(6) Survivor regions: 5->11(13)
[2026-02-09T15:21:30.368+0000][8.901s] GC(6) Old regions: 13->13
[2026-02-09T15:21:30.368+0000][8.901s] GC(6) Archive regions: 2->2
[2026-02-09T15:21:30.368+0000][8.901s] GC(6) Humongous regions: 5->5
[2026-02-09T15:21:30.368+0000][8.901s] GC(6) Metaspace: 99968K(100288K)->99968K(100288K) NonClass: 86282K(86464K)->86282K(86464K) Class: 13685K(13824K)->13685K(13824K)
[2026-02-09T15:21:30.368+0000][8.901s] GC(6) Pause Young (Normal) (G1 Evacuation Pause) 481M->117M(8192M) 28.175ms
[2026-02-09T15:21:30.368+0000][8.901s] GC(6) User=0.13s Sys=0.05s Real=0.03s
[2026-02-09T15:21:30.386+0000][8.920s] GC(7) Pause Young (Concurrent Start) (GCLocker Initiated GC)
[2026-02-09T15:21:30.387+0000][8.920s] GC(7) Using 8 workers of 8 for evacuation
[2026-02-09T15:21:30.407+0000][8.941s] GC(7)   Pre Evacuate Collection Set: 0.3ms
[2026-02-09T15:21:30.407+0000][8.941s] GC(7)   Merge Heap Roots: 0.1ms
[2026-02-09T15:21:30.407+0000][8.941s] GC(7)   Evacuate Collection Set: 19.1ms
[2026-02-09T15:21:30.407+0000][8.941s] GC(7)   Post Evacuate Collection Set: 1.1ms
[2026-02-09T15:21:30.407+0000][8.941s] GC(7)   Other: 0.2ms
[2026-02-09T15:21:30.407+0000][8.941s] GC(7) Eden regions: 12->0(95)
[2026-02-09T15:21:30.407+0000][8.941s] GC(7) Survivor regions: 11->7(13)
[2026-02-09T15:21:30.407+0000][8.941s] GC(7) Old regions: 13->18
[2026-02-09T15:21:30.407+0000][8.941s] GC(7) Archive regions: 2->2
[2026-02-09T15:21:30.407+0000][8.941s] GC(7) Humongous regions: 5->5
[2026-02-09T15:21:30.407+0000][8.941s] GC(7) Metaspace: 100404K(100800K)->100404K(100800K) NonClass: 86650K(86912K)->86650K(86912K) Class: 13753K(13888K)->13753K(13888K)
[2026-02-09T15:21:30.407+0000][8.941s] GC(7) Pause Young (Concurrent Start) (GCLocker Initiated GC) 164M->118M(8192M) 20.892ms
[2026-02-09T15:21:30.407+0000][8.941s] GC(7) User=0.13s Sys=0.00s Real=0.03s
[2026-02-09T15:21:30.407+0000][8.941s] GC(8) Concurrent Mark Cycle
[2026-02-09T15:21:30.407+0000][8.941s] GC(8) Concurrent Clear Claimed Marks
[2026-02-09T15:21:30.408+0000][8.942s] GC(8) Concurrent Clear Claimed Marks 0.440ms
[2026-02-09T15:21:30.408+0000][8.942s] GC(8) Concurrent Scan Root Regions
[2026-02-09T15:21:30.431+0000][8.965s] GC(8) Concurrent Scan Root Regions 23.173ms
[2026-02-09T15:21:30.431+0000][8.965s] GC(8) Concurrent Mark
[2026-02-09T15:21:30.431+0000][8.965s] GC(8) Concurrent Mark From Roots
[2026-02-09T15:21:30.431+0000][8.965s] GC(8) Using 2 workers of 2 for marking
[2026-02-09T15:21:30.440+0000][8.973s] GC(8) Concurrent Mark From Roots 8.464ms
[2026-02-09T15:21:30.440+0000][8.974s] GC(8) Concurrent Preclean
[2026-02-09T15:21:30.440+0000][8.974s] GC(8) Concurrent Preclean 0.218ms
[2026-02-09T15:21:30.440+0000][8.974s] GC(8) Pause Remark
[2026-02-09T15:21:30.443+0000][8.977s] GC(8) Pause Remark 172M->172M(8192M) 2.770ms
[2026-02-09T15:21:30.443+0000][8.977s] GC(8) User=0.01s Sys=0.01s Real=0.00s
[2026-02-09T15:21:30.443+0000][8.977s] GC(8) Concurrent Mark 12.206ms
[2026-02-09T15:21:30.443+0000][8.977s] GC(8) Concurrent Rebuild Remembered Sets
[2026-02-09T15:21:30.458+0000][8.991s] GC(8) Concurrent Rebuild Remembered Sets 14.119ms
[2026-02-09T15:21:30.458+0000][8.992s] GC(8) Pause Cleanup
[2026-02-09T15:21:30.458+0000][8.992s] GC(8) Pause Cleanup 172M->172M(8192M) 0.251ms
[2026-02-09T15:21:30.458+0000][8.992s] GC(8) User=0.00s Sys=0.00s Real=0.00s
[2026-02-09T15:21:30.458+0000][8.992s] GC(8) Concurrent Cleanup for Next Mark
[2026-02-09T15:21:30.478+0000][9.011s] GC(8) Concurrent Cleanup for Next Mark 19.413ms
[2026-02-09T15:21:30.478+0000][9.011s] GC(8) Concurrent Mark Cycle 70.157ms
[2026-02-09T15:22:29.226+0000][67.759s] GC(9) Pause Young (Concurrent Start) (G1 Evacuation Pause)
[2026-02-09T15:22:29.226+0000][67.759s] GC(9) Using 8 workers of 8 for evacuation
[2026-02-09T15:22:29.248+0000][67.781s] GC(9)   Pre Evacuate Collection Set: 0.3ms
[2026-02-09T15:22:29.248+0000][67.781s] GC(9)   Merge Heap Roots: 0.1ms
[2026-02-09T15:22:29.248+0000][67.782s] GC(9)   Evacuate Collection Set: 19.8ms
[2026-02-09T15:22:29.248+0000][67.782s] GC(9)   Post Evacuate Collection Set: 1.7ms
[2026-02-09T15:22:29.248+0000][67.782s] GC(9)   Other: 0.3ms
[2026-02-09T15:22:29.248+0000][67.782s] GC(9) Eden regions: 95->0(91)
[2026-02-09T15:22:29.248+0000][67.782s] GC(9) Survivor regions: 7->11(13)
[2026-02-09T15:22:29.248+0000][67.782s] GC(9) Old regions: 18->18
[2026-02-09T15:22:29.248+0000][67.782s] GC(9) Archive regions: 2->2
[2026-02-09T15:22:29.248+0000][67.782s] GC(9) Humongous regions: 53->5
[2026-02-09T15:22:29.248+0000][67.782s] GC(9) Metaspace: 143238K(143872K)->143238K(143872K) NonClass: 122342K(122688K)->122342K(122688K) Class: 20895K(21184K)->20895K(21184K)
[2026-02-09T15:22:29.248+0000][67.782s] GC(9) Pause Young (Concurrent Start) (G1 Evacuation Pause) 690M->134M(8192M) 22.202ms
[2026-02-09T15:22:29.248+0000][67.782s] GC(9) User=0.14s Sys=0.00s Real=0.03s
[2026-02-09T15:22:29.248+0000][67.782s] GC(10) Concurrent Mark Cycle
[2026-02-09T15:22:29.248+0000][67.782s] GC(10) Concurrent Clear Claimed Marks
[2026-02-09T15:22:29.248+0000][67.782s] GC(10) Concurrent Clear Claimed Marks 0.113ms
[2026-02-09T15:22:29.248+0000][67.782s] GC(10) Concurrent Scan Root Regions
[2026-02-09T15:22:29.262+0000][67.796s] GC(10) Concurrent Scan Root Regions 14.223ms
[2026-02-09T15:22:29.262+0000][67.796s] GC(10) Concurrent Mark
[2026-02-09T15:22:29.262+0000][67.796s] GC(10) Concurrent Mark From Roots
[2026-02-09T15:22:29.262+0000][67.796s] GC(10) Using 2 workers of 2 for marking
[2026-02-09T15:22:29.292+0000][67.826s] GC(10) Concurrent Mark From Roots 30.138ms
[2026-02-09T15:22:29.292+0000][67.826s] GC(10) Concurrent Preclean
[2026-02-09T15:22:29.293+0000][67.827s] GC(10) Concurrent Preclean 0.262ms
[2026-02-09T15:22:29.293+0000][67.827s] GC(10) Pause Remark
[2026-02-09T15:22:29.297+0000][67.830s] GC(10) Pause Remark 179M->179M(8192M) 3.713ms
[2026-02-09T15:22:29.297+0000][67.830s] GC(10) User=0.02s Sys=0.00s Real=0.01s
[2026-02-09T15:22:29.297+0000][67.831s] GC(10) Concurrent Mark 34.584ms
[2026-02-09T15:22:29.297+0000][67.831s] GC(10) Concurrent Rebuild Remembered Sets
[2026-02-09T15:22:29.313+0000][67.847s] GC(10) Concurrent Rebuild Remembered Sets 16.280ms
[2026-02-09T15:22:29.313+0000][67.847s] GC(10) Pause Cleanup
[2026-02-09T15:22:29.313+0000][67.847s] GC(10) Pause Cleanup 183M->183M(8192M) 0.239ms
[2026-02-09T15:22:29.314+0000][67.847s] GC(10) User=0.00s Sys=0.00s Real=0.00s
[2026-02-09T15:22:29.314+0000][67.847s] GC(10) Concurrent Cleanup for Next Mark
[2026-02-09T15:22:29.333+0000][67.867s] GC(10) Concurrent Cleanup for Next Mark 19.850ms
[2026-02-09T15:22:29.334+0000][67.867s] GC(10) Concurrent Mark Cycle 85.728ms
[2026-02-09T15:36:03.312+0000][881.846s] GC(11) Pause Young (Normal) (G1 Evacuation Pause)
[2026-02-09T15:36:03.314+0000][881.848s] GC(11) Using 8 workers of 8 for evacuation
[2026-02-09T15:36:03.375+0000][881.909s] GC(11)   Pre Evacuate Collection Set: 1.0ms
[2026-02-09T15:36:03.375+0000][881.909s] GC(11)   Merge Heap Roots: 0.6ms
[2026-02-09T15:36:03.375+0000][881.909s] GC(11)   Evacuate Collection Set: 50.9ms
[2026-02-09T15:36:03.375+0000][881.909s] GC(11)   Post Evacuate Collection Set: 7.9ms
[2026-02-09T15:36:03.375+0000][881.909s] GC(11)   Other: 3.0ms
[2026-02-09T15:36:03.375+0000][881.909s] GC(11) Eden regions: 91->0(249)
[2026-02-09T15:36:03.375+0000][881.909s] GC(11) Survivor regions: 11->5(13)
[2026-02-09T15:36:03.375+0000][881.909s] GC(11) Old regions: 18->23
[2026-02-09T15:36:03.375+0000][881.909s] GC(11) Archive regions: 2->2
[2026-02-09T15:36:03.375+0000][881.909s] GC(11) Humongous regions: 5->5
[2026-02-09T15:36:03.375+0000][881.909s] GC(11) Metaspace: 144243K(144896K)->144243K(144896K) NonClass: 123303K(123648K)->123303K(123648K) Class: 20939K(21248K)->20939K(21248K)
[2026-02-09T15:36:03.375+0000][881.909s] GC(11) Pause Young (Normal) (G1 Evacuation Pause) 498M->133M(8192M) 63.390ms
[2026-02-09T15:36:03.375+0000][881.909s] GC(11) User=0.24s Sys=0.04s Real=0.07s
